Component: ARM Compiler 5.06 update 6 (build 750) Tool: armlink [4d35ed]

==============================================================================

Section Cross References

    virtualcom.o(i.ADC_IRQHandler) refers to virtualcom.o(i.send0) for send0
    virtualcom.o(i.ADC_IRQHandler) refers to virtualcom.o(.data) for .data
    virtualcom.o(i.ADC_IRQHandler) refers to virtualcom.o(.bss) for .bss
    virtualcom.o(i.CDC0_ACM_UART_to_USB_Threadm) refers to usbd_lib_cdc.o(i.USBD_CDC_ACM_WriteData) for USBD_CDC_ACM_WriteData
    virtualcom.o(i.CDC0_ACM_UART_to_USB_Threadm) refers to virtualcom.o(.data) for .data
    virtualcom.o(i.CDC0_ACM_UART_to_USB_Threadm) refers to virtualcom.o(.bss) for .bss
    virtualcom.o(i.changePWM) refers to virtualcom.o(.data) for .data
    virtualcom.o(i.initADC) refers to virtualcom.o(i.__NVIC_EnableIRQ) for __NVIC_EnableIRQ
    virtualcom.o(i.initTIM0) refers to virtualcom.o(i.__NVIC_EnableIRQ) for __NVIC_EnableIRQ
    virtualcom.o(i.main) refers to usbd_lib_core.o(i.USBD_Initialize) for USBD_Initialize
    virtualcom.o(i.main) refers to usbd_lib_core.o(i.USBD_Connect) for USBD_Connect
    virtualcom.o(i.main) refers to rt_cmsis.o(i.osDelay) for osDelay
    virtualcom.o(i.main) refers to virtualcom.o(i.initTIM0) for initTIM0
    virtualcom.o(i.main) refers to virtualcom.o(i.initPWM) for initPWM
    virtualcom.o(i.main) refers to virtualcom.o(i.initADC) for initADC
    virtualcom.o(i.main) refers to rt_cmsis.o(i.osThreadCreate) for osThreadCreate
    virtualcom.o(i.main) refers to rt_cmsis.o(i.osSignalWait) for osSignalWait
    virtualcom.o(i.main) refers to virtualcom.o(.bss) for .bss
    virtualcom.o(i.main) refers to virtualcom.o(.constdata) for .constdata
    virtualcom.o(i.send0) refers to virtualcom.o(.data) for .data
    virtualcom.o(i.send0) refers to virtualcom.o(.bss) for .bss
    virtualcom.o(.constdata) refers to virtualcom.o(i.CDC0_ACM_UART_to_USB_Threadm) for CDC0_ACM_UART_to_USB_Threadm
    usbd_user_cdc_acm_uart_0.o(i.CDC0_ACM_UART_to_USB_Thread) refers to usbd_lib_cdc.o(i.USBD_CDC_ACM_WriteData) for USBD_CDC_ACM_WriteData
    usbd_user_cdc_acm_uart_0.o(i.CDC0_ACM_UART_to_USB_Thread) refers to rt_cmsis.o(i.osDelay) for osDelay
    usbd_user_cdc_acm_uart_0.o(i.CDC0_ACM_UART_to_USB_Thread) refers to uart_lpc17xx.o(.constdata) for Driver_USART1
    usbd_user_cdc_acm_uart_0.o(i.CDC0_ACM_UART_to_USB_Thread) refers to usbd_user_cdc_acm_uart_0.o(.data) for .data
    usbd_user_cdc_acm_uart_0.o(i.CDC0_ACM_UART_to_USB_Thread) refers to usbd_user_cdc_acm_uart_0.o(.bss) for .bss
    usbd_user_cdc_acm_uart_0.o(i.UART_Callback) refers to usbd_lib_cdc.o(i.USBD_CDC_ACM_ReadData) for USBD_CDC_ACM_ReadData
    usbd_user_cdc_acm_uart_0.o(i.UART_Callback) refers to uart_lpc17xx.o(.constdata) for Driver_USART1
    usbd_user_cdc_acm_uart_0.o(i.UART_Callback) refers to usbd_user_cdc_acm_uart_0.o(.bss) for .bss
    usbd_user_cdc_acm_uart_0.o(i.UART_Callback) refers to usbd_user_cdc_acm_uart_0.o(.data) for .data
    usbd_user_cdc_acm_uart_0.o(i.USBD_CDC0_ACM_DataReceived) refers to usbd_lib_cdc.o(i.USBD_CDC_ACM_ReadData) for USBD_CDC_ACM_ReadData
    usbd_user_cdc_acm_uart_0.o(i.USBD_CDC0_ACM_DataReceived) refers to usbd_lib_cdc.o(i.USBD_CDC_ACM_WriteData) for USBD_CDC_ACM_WriteData
    usbd_user_cdc_acm_uart_0.o(i.USBD_CDC0_ACM_DataReceived) refers to uart_lpc17xx.o(.constdata) for Driver_USART1
    usbd_user_cdc_acm_uart_0.o(i.USBD_CDC0_ACM_DataReceived) refers to usbd_user_cdc_acm_uart_0.o(.bss) for .bss
    usbd_user_cdc_acm_uart_0.o(i.USBD_CDC0_ACM_GetLineCoding) refers to usbd_user_cdc_acm_uart_0.o(.data) for .data
    usbd_user_cdc_acm_uart_0.o(i.USBD_CDC0_ACM_Initialize) refers to rt_cmsis.o(i.osThreadCreate) for osThreadCreate
    usbd_user_cdc_acm_uart_0.o(i.USBD_CDC0_ACM_Initialize) refers to uart_lpc17xx.o(.constdata) for Driver_USART1
    usbd_user_cdc_acm_uart_0.o(i.USBD_CDC0_ACM_Initialize) refers to usbd_user_cdc_acm_uart_0.o(i.UART_Callback) for UART_Callback
    usbd_user_cdc_acm_uart_0.o(i.USBD_CDC0_ACM_Initialize) refers to usbd_user_cdc_acm_uart_0.o(.constdata) for .constdata
    usbd_user_cdc_acm_uart_0.o(i.USBD_CDC0_ACM_Initialize) refers to usbd_user_cdc_acm_uart_0.o(.data) for .data
    usbd_user_cdc_acm_uart_0.o(i.USBD_CDC0_ACM_Reset) refers to uart_lpc17xx.o(.constdata) for Driver_USART1
    usbd_user_cdc_acm_uart_0.o(i.USBD_CDC0_ACM_SetLineCoding) refers to uart_lpc17xx.o(.constdata) for Driver_USART1
    usbd_user_cdc_acm_uart_0.o(i.USBD_CDC0_ACM_SetLineCoding) refers to usbd_user_cdc_acm_uart_0.o(.data) for .data
    usbd_user_cdc_acm_uart_0.o(i.USBD_CDC0_ACM_SetLineCoding) refers to usbd_user_cdc_acm_uart_0.o(.bss) for .bss
    usbd_user_cdc_acm_uart_0.o(i.USBD_CDC0_ACM_Uninitialize) refers to rt_cmsis.o(i.osThreadTerminate) for osThreadTerminate
    usbd_user_cdc_acm_uart_0.o(i.USBD_CDC0_ACM_Uninitialize) refers to usbd_user_cdc_acm_uart_0.o(.data) for .data
[...]
    rt_evt_psh                               0x00005db9   Thumb Code    76  rt_event.o(i.rt_evt_psh)
    rt_evt_set                               0x00005e09   Thumb Code    88  rt_event.o(i.rt_evt_set)
    rt_evt_wait                              0x00005e65   Thumb Code    56  rt_event.o(i.rt_evt_wait)
    rt_free_box                              0x00005ea1   Thumb Code    44  rt_membox.o(i.rt_free_box)
    rt_free_mem                              0x00005ecd   Thumb Code    40  rt_memory.o(i.rt_free_mem)
    rt_get_first                             0x00005ef5   Thumb Code    40  rt_list.o(i.rt_get_first)
    rt_init_mem                              0x00005f6d   Thumb Code    26  rt_memory.o(i.rt_init_mem)
    rt_init_robin                            0x00005f89   Thumb Code    14  rt_robin.o(i.rt_init_robin)
    rt_init_stack                            0x00005fa1   Thumb Code   118  hal_cm.o(i.rt_init_stack)
    rt_mbx_check                             0x00006021   Thumb Code     8  rt_mailbox.o(i.rt_mbx_check)
    rt_mbx_init                              0x00006029   Thumb Code    26  rt_mailbox.o(i.rt_mbx_init)
    rt_mbx_psh                               0x00006045   Thumb Code   236  rt_mailbox.o(i.rt_mbx_psh)
    rt_mbx_wait                              0x00006135   Thumb Code   174  rt_mailbox.o(i.rt_mbx_wait)
    rt_mut_release                           0x0000622d   Thumb Code   208  rt_mutex.o(i.rt_mut_release)
    rt_mut_wait                              0x00006305   Thumb Code   114  rt_mutex.o(i.rt_mut_wait)
    rt_pop_req                               0x0000637d   Thumb Code   112  rt_system.o(i.rt_pop_req)
    rt_psh_req                               0x000063f9   Thumb Code    22  rt_system.o(i.rt_psh_req)
    rt_psq_enq                               0x00006419   Thumb Code    88  rt_list.o(i.rt_psq_enq)
    rt_put_dly                               0x00006475   Thumb Code    68  rt_list.o(i.rt_put_dly)
    rt_put_prio                              0x000064bd   Thumb Code    54  rt_list.o(i.rt_put_prio)
    rt_put_rdy_first                         0x000064f5   Thumb Code    14  rt_list.o(i.rt_put_rdy_first)
    rt_resort_prio                           0x00006509   Thumb Code    46  rt_list.o(i.rt_resort_prio)
    rt_ret_val                               0x0000653d   Thumb Code     6  hal_cm.o(i.rt_ret_val)
    rt_ret_val2                              0x00006543   Thumb Code     8  hal_cm.o(i.rt_ret_val2)
    rt_rmv_dly                               0x0000654b   Thumb Code    40  rt_list.o(i.rt_rmv_dly)
    rt_rmv_list                              0x00006575   Thumb Code    44  rt_list.o(i.rt_rmv_list)
    rt_sem_init                              0x000065a5   Thumb Code    12  rt_semaphore.o(i.rt_sem_init)
    rt_sem_psh                               0x000065b1   Thumb Code    48  rt_semaphore.o(i.rt_sem_psh)
    rt_sem_send                              0x000065e5   Thumb Code    42  rt_semaphore.o(i.rt_sem_send)
    rt_sem_wait                              0x00006611   Thumb Code    58  rt_semaphore.o(i.rt_sem_wait)
    rt_stk_check                             0x00006651   Thumb Code    28  rt_system.o(i.rt_stk_check)
    rt_switch_req                            0x00006675   Thumb Code    30  rt_task.o(i.rt_switch_req)
    rt_sys_init                              0x0000669d   Thumb Code   138  rt_task.o(i.rt_sys_init)
    rt_sys_start                             0x00006769   Thumb Code   110  rt_task.o(i.rt_sys_start)
    rt_systick                               0x000067e1   Thumb Code    50  rt_system.o(i.rt_systick)
    rt_tsk_create                            0x00006869   Thumb Code   118  rt_task.o(i.rt_tsk_create)
    rt_tsk_delete                            0x000068f1   Thumb Code   352  rt_task.o(i.rt_tsk_delete)
    rt_tsk_prio                              0x00006a6d   Thumb Code   108  rt_task.o(i.rt_tsk_prio)
    rt_tsk_self                              0x00006ae9   Thumb Code    12  rt_task.o(i.rt_tsk_self)
    send0                                    0x00006af9   Thumb Code   120  virtualcom.o(i.send0)
    svcDelay                                 0x00006b79   Thumb Code    18  rt_cmsis.o(i.svcDelay)
    svcKernelInitialize                      0x00006b8d   Thumb Code    80  rt_cmsis.o(i.svcKernelInitialize)
    svcKernelStart                           0x00006bfd   Thumb Code    62  rt_cmsis.o(i.svcKernelStart)
    svcMessageCreate                         0x00006c45   Thumb Code    36  rt_cmsis.o(i.svcMessageCreate)
    svcMessageGet                            0x00006c69   Thumb Code    58  rt_cmsis.o(i.svcMessageGet)
    svcSemaphoreCreate                       0x00006ca3   Thumb Code    36  rt_cmsis.o(i.svcSemaphoreCreate)
    svcSemaphoreRelease                      0x00006cc7   Thumb Code    40  rt_cmsis.o(i.svcSemaphoreRelease)
    svcSemaphoreWait                         0x00006cef   Thumb Code    50  rt_cmsis.o(i.svcSemaphoreWait)
    svcSignalSet                             0x00006d21   Thumb Code    36  rt_cmsis.o(i.svcSignalSet)
    svcSignalWait                            0x00006d45   Thumb Code    80  rt_cmsis.o(i.svcSignalWait)
    svcThreadCreate                          0x00006d99   Thumb Code    96  rt_cmsis.o(i.svcThreadCreate)
    svcThreadGetId                           0x00006e05   Thumb Code    22  rt_cmsis.o(i.svcThreadGetId)
    svcThreadTerminate                       0x00006e21   Thumb Code    50  rt_cmsis.o(i.svcThreadTerminate)
    svcTimerCall                             0x00006e59   Thumb Code    24  rt_cmsis.o(i.svcTimerCall)
    sysTimerTick                             0x00006e71   Thumb Code    84  rt_cmsis.o(i.sysTimerTick)
    os_thread_def_CDC0_ACM_UART_to_USB_Threadm 0x00006ecc   Data          16  virtualcom.o(.constdata)
    os_thread_def_CDC0_ACM_UART_to_USB_Thread 0x00006edc   Data          16  usbd_user_cdc_acm_uart_0.o(.constdata)
    os_maxtaskrun                            0x00006eec   Data           2  rtx_conf_cm.o(.constdata)
    os_stackinfo                             0x00006ef0   Data           4  rtx_conf_cm.o(.constdata)
    os_rrobin                                0x00006ef4   Data           4  rtx_conf_cm.o(.constdata)
    os_trv                                   0x00006ef8   Data           4  rtx_conf_cm.o(.constdata)
    os_flags                                 0x00006efc   Data           1  rtx_conf_cm.o(.constdata)
    CMSIS_RTOS_API_Version                   0x00006f00   Data           4  rtx_conf_cm.o(.constdata)
    CMSIS_RTOS_RTX_Version                   0x00006f04   Data           4  rtx_conf_cm.o(.constdata)
    os_clockrate                             0x00006f08   Data           4  rtx_conf_cm.o(.constdata)
    os_timernum                              0x00006f0c   Data           4  rtx_conf_cm.o(.constdata)
    mp_tcb_size                              0x00006f10   Data           2  rtx_conf_cm.o(.constdata)
    mp_stk_size                              0x00006f14   Data           4  rtx_conf_cm.o(.constdata)
    os_stack_sz                              0x00006f18   Data           4  rtx_conf_cm.o(.constdata)
    os_fifo_size                             0x00006f1c   Data           1  rtx_conf_cm.o(.constdata)
    os_thread_def_osTimerThread              0x00006f20   Data          16  rtx_conf_cm.o(.constdata)
    os_messageQ_def_osTimerMessageQ          0x00006f30   Data           8  rtx_conf_cm.o(.constdata)
    mp_tmr_size                              0x00006f38   Data           2  rtx_conf_cm.o(.constdata)
    os_thread_def_main                       0x00006f3c   Data          16  rtx_conf_cm.o(.constdata)
    Driver_USART1                            0x00007134   Data          56  uart_lpc17xx.o(.constdata)
    Driver_USBD0                             0x00007174   Data          72  usbd_lpc17xx.o(.constdata)
    usbd0_dev                                0x000071bc   Data          28  usbd_config_0.o(.constdata)
    os_thread_def_USBD0_Core_Thread          0x000071d8   Data          16  usbd_config_0.o(.constdata)
    usbd_dev_num                             0x000071e8   Data           1  usbd_config_0.o(.constdata)
    usbd_dev_ptr                             0x000071ec   Data           4  usbd_config_0.o(.constdata)
    usbd_cdc_num                             0x000071f0   Data           1  usbd_config_0.o(.constdata)
    usbd_cdc                                 0x000071f4   Data          72  usbd_config_0.o(.constdata)
    usbd_cdc_ptr                             0x0000723c   Data           4  usbd_config_0.o(.constdata)
    os_thread_def_USBD_CDC0_Int_Thread       0x00007268   Data          16  usbd_config_0.o(.constdata)
    os_thread_def_USBD_CDC0_Bulk_Thread      0x00007278   Data          16  usbd_config_0.o(.constdata)
    os_semaphore_def_usbd0_driver_semaphore  0x00007288   Data           4  usbd_config_0.o(.constdata)
    os_semaphore_def_usbd0_driver_ep0out_semaphore 0x0000728c   Data           4  usbd_config_0.o(.constdata)
    os_semaphore_def_usbd0_driver_ep0in_semaphore 0x00007290   Data           4  usbd_config_0.o(.constdata)
    os_semaphore_def_usbd0_driver_ep1out_semaphore 0x00007294   Data           4  usbd_config_0.o(.constdata)
    os_semaphore_def_usbd0_driver_ep1in_semaphore 0x00007298   Data           4  usbd_config_0.o(.constdata)
    os_semaphore_def_usbd0_driver_ep2out_semaphore 0x0000729c   Data           4  usbd_config_0.o(.constdata)
    os_semaphore_def_usbd0_driver_ep2in_semaphore 0x000072a0   Data           4  usbd_config_0.o(.constdata)
    usbd_ep_max_num                          0x000072a4   Data           1  usbd_config_0.o(.constdata)
    usbd_cb_device_event_ptr                 0x000072a8   Data           4  usbd_config_0.o(.constdata)
    usbd_cb_endpoint_event_ptr               0x000072ac   Data           4  usbd_config_0.o(.constdata)
    fpUSBD_CDC_ACM_Initialize                0x000072b0   Data           4  usbd_config_0.o(.constdata)
    fpUSBD_CDC_ACM_Reset                     0x000072b4   Data           4  usbd_config_0.o(.constdata)
    fpUSBD_CDC_ACM_SetLineCoding             0x000072b8   Data           4  usbd_config_0.o(.constdata)
    fpUSBD_CDC_ACM_GetLineCoding             0x000072bc   Data           4  usbd_config_0.o(.constdata)
    fpUSBD_CDC_ACM_SetControlLineState       0x000072c0   Data           4  usbd_config_0.o(.constdata)
    fpUSBD_CDC_ACM_DataReceived              0x000072c4   Data           4  usbd_config_0.o(.constdata)
    fpUSBD_CDC_ACM_DataSent                  0x000072c8   Data           4  usbd_config_0.o(.constdata)
    fpUSBD_CDC_NCM_Initialize                0x000072cc   Data           4  usbd_config_0.o(.constdata)
    fpUSBD_CDC_NCM_Reset                     0x000072d0   Data           4  usbd_config_0.o(.constdata)
    fpUSBD_CDC_NCM_Start                     0x000072d4   Data           4  usbd_config_0.o(.constdata)
    fpUSBD_CDC_NCM_Stop                      0x000072d8   Data           4  usbd_config_0.o(.constdata)
    fpUSBD_CDC_NCM_SetEthernetMulticastFilters 0x000072dc   Data           4  usbd_config_0.o(.constdata)
    fpUSBD_CDC_NCM_SetEthernetPowerManagementPatternFilter 0x000072e0   Data           4  usbd_config_0.o(.constdata)
    fpUSBD_CDC_NCM_GetEthernetPowerManagementPatternFilter 0x000072e4   Data           4  usbd_config_0.o(.constdata)
    fpUSBD_CDC_NCM_SetEthernetPacketFilter   0x000072e8   Data           4  usbd_config_0.o(.constdata)
    fpUSBD_CDC_NCM_GetEthernetStatistic      0x000072ec   Data           4  usbd_config_0.o(.constdata)
    fpUSBD_CDC_NCM_GetNtbParameters          0x000072f0   Data           4  usbd_config_0.o(.constdata)
    fpUSBD_CDC_NCM_GetNetAddress             0x000072f4   Data           4  usbd_config_0.o(.constdata)
    fpUSBD_CDC_NCM_SetNetAddress             0x000072f8   Data           4  usbd_config_0.o(.constdata)
    fpUSBD_CDC_NCM_GetNtbFormat              0x000072fc   Data           4  usbd_config_0.o(.constdata)
    fpUSBD_CDC_NCM_SetNtbFormat              0x00007300   Data           4  usbd_config_0.o(.constdata)
    fpUSBD_CDC_NCM_GetNtbInputSize           0x00007304   Data           4  usbd_config_0.o(.constdata)
    fpUSBD_CDC_NCM_SetNtbInputSize           0x00007308   Data           4  usbd_config_0.o(.constdata)
    fpUSBD_CDC_NCM_GetMaxDatagramSize        0x0000730c   Data           4  usbd_config_0.o(.constdata)
    fpUSBD_CDC_NCM_SetMaxDatagramSize        0x00007310   Data           4  usbd_config_0.o(.constdata)
    fpUSBD_CDC_NCM_GetCrcMode                0x00007314   Data           4  usbd_config_0.o(.constdata)
    fpUSBD_CDC_NCM_SetCrcMode                0x00007318   Data           4  usbd_config_0.o(.constdata)
    fpUSBD_CDC_NCM_NTB_IN_Sent               0x0000731c   Data           4  usbd_config_0.o(.constdata)
    fpUSBD_CDC_NCM_NTB_OUT_Received          0x00007320   Data           4  usbd_config_0.o(.constdata)
    fpUSBD_Device_Initialize                 0x00007324   Data           4  usbd_config_0.o(.constdata)
    fpUSBD_Device_VbusChanged                0x00007328   Data           4  usbd_config_0.o(.constdata)
    fpUSBD_Device_Reset                      0x0000732c   Data           4  usbd_config_0.o(.constdata)
    fpUSBD_Device_HighSpeedActivated         0x00007330   Data           4  usbd_config_0.o(.constdata)
    fpUSBD_Device_Suspended                  0x00007334   Data           4  usbd_config_0.o(.constdata)
    fpUSBD_Device_Resumed                    0x00007338   Data           4  usbd_config_0.o(.constdata)
    fpUSBD_Device_ConfigurationChanged       0x0000733c   Data           4  usbd_config_0.o(.constdata)
    fpUSBD_Device_EnableRemoteWakeup         0x00007340   Data           4  usbd_config_0.o(.constdata)
    fpUSBD_Device_DisableRemoteWakeup        0x00007344   Data           4  usbd_config_0.o(.constdata)
    fpUSBD_Device_Endpoint0_SetupPacketReceived 0x00007348   Data           4  usbd_config_0.o(.constdata)
    fpUSBD_Device_Endpoint0_SetupPacketProcessed 0x0000734c   Data           4  usbd_config_0.o(.constdata)
    fpUSBD_Device_Endpoint0_OutDataReceived  0x00007350   Data           4  usbd_config_0.o(.constdata)
    fpUSBD_Device_Endpoint0_InDataSent       0x00007354   Data           4  usbd_config_0.o(.constdata)
    usbd0_ep0_descriptor                     0x00007358   Data           7  usbd_config_0.o(.constdata)
    usbd0_device_descriptor                  0x00007360   Data          18  usbd_config_0.o(.constdata)
    usbd0_config_descriptor_fs               0x00007374   Data          68  usbd_config_0.o(.constdata)
    usbd0_device_qualifier_fs                0x000073b8   Data           1  usbd_config_0.o(.constdata)
    usbd0_device_qualifier_hs                0x000073b9   Data           1  usbd_config_0.o(.constdata)
    usbd0_config_descriptor_hs               0x000073ba   Data           1  usbd_config_0.o(.constdata)
    usbd0_other_speed_config_descriptor_fs   0x000073bb   Data           1  usbd_config_0.o(.constdata)
    usbd0_other_speed_config_descriptor_hs   0x000073bc   Data           1  usbd_config_0.o(.constdata)
    usbd0_string_descriptor                  0x000073c0   Data         135  usbd_config_0.o(.constdata)
    Region$$Table$$Base                      0x00007448   Number         0  anon$$obj.o(Region$$Table)
    Region$$Table$$Limit                     0x00007468   Number         0  anon$$obj.o(Region$$Table)
    usb_lib_version                          0x00007468   Data           4  usb_lib_ver.o(__MW_USB_LIB_VERSION_6.12.4)
    counter                                  0x10000000   Data           4  virtualcom.o(.data)
    counterUART                              0x10000004   Data           4  virtualcom.o(.data)
    s1                                       0x10000008   Data           4  virtualcom.o(.data)
    i                                        0x1000000c   Data           4  virtualcom.o(.data)
    kk0                                      0x10000010   Data           4  virtualcom.o(.data)
    flv                                      0x10000014   Data           4  virtualcom.o(.data)
    m_tmr                                    0x1000002c   Data           4  rtx_conf_cm.o(.data)
    osThreadId_osTimerThread                 0x10000030   Data           4  rtx_conf_cm.o(.data)
    osMessageQId_osTimerMessageQ             0x10000034   Data           4  rtx_conf_cm.o(.data)
    usb_role                                 0x10000038   Data           1  otg_lpc17xx.o(.data)
    usb_pin_cfg                              0x10000039   Data           1  otg_lpc17xx.o(.data)
    usb_state                                0x1000003a   Data           1  otg_lpc17xx.o(.data)
    SystemCoreClock                          0x10000068   Data           4  system_lpc17xx.o(.data)
    os_semaphore_cb_usbd0_driver_semaphore   0x1000006c   Data           8  usbd_config_0.o(.data)
    os_semaphore_cb_usbd0_driver_ep0out_semaphore 0x10000074   Data           8  usbd_config_0.o(.data)
    os_semaphore_cb_usbd0_driver_ep0in_semaphore 0x1000007c   Data           8  usbd_config_0.o(.data)
    os_semaphore_cb_usbd0_driver_ep1out_semaphore 0x10000084   Data           8  usbd_config_0.o(.data)
    os_semaphore_cb_usbd0_driver_ep1in_semaphore 0x1000008c   Data           8  usbd_config_0.o(.data)
    os_semaphore_cb_usbd0_driver_ep2out_semaphore 0x10000094   Data           8  usbd_config_0.o(.data)
    os_semaphore_cb_usbd0_driver_ep2in_semaphore 0x1000009c   Data           8  usbd_config_0.o(.data)
    usbd_ep_thread_id_ptr                    0x100000a4   Data          12  usbd_config_0.o(.data)
    usbd0_desc                               0x100000b0   Data          48  usbd_config_0.o(.data)
    usbd_desc_ptr                            0x100000e0   Data           4  usbd_config_0.o(.data)
    usbd0_alt_setting                        0x100000e4   Data           2  usbd_config_0.o(.data)
    usbd_core_thread_id                      0x100000e8   Data           4  usbd_config_0.o(.data)
    usbd_driver_semaphore_id                 0x100000ec   Data           4  usbd_config_0.o(.data)
    usbd_cdc_int_thread_id                   0x100000f0   Data           4  usbd_config_0.o(.data)
    usbd_cdc_bulk_thread_id                  0x100000f4   Data           4  usbd_config_0.o(.data)
    usbd_drv_version                         0x100000f8   Data           4  usbd_config_0.o(.data)
    usbd_capabilities                        0x100000fc   Data           4  usbd_config_0.o(.data)
    os_initialized                           0x10000100   Data           1  rt_cmsis.o(.data)
    os_running                               0x10000101   Data           1  rt_cmsis.o(.data)
    os_timer_head                            0x10000104   Data           4  rt_cmsis.o(.data)
    os_tsk                                   0x10000108   Data           8  rt_task.o(.data)
    os_tick_irqn                             0x1000013c   Data           4  rt_system.o(.data)
    os_time                                  0x10000140   Data           4  rt_time.o(.data)
    os_robin                                 0x10000144   Data           8  rt_robin.o(.data)
    dbg_msg                                  0x1000014c   Data           1  hal_cm.o(.data)
    buffer                                   0x10000150   Data         800  virtualcom.o(.bss)
    b                                        0x10000470   Data         802  virtualcom.o(.bss)
    os_messageQ_q_osTimerMessageQ            0x10000b94   Data          32  rtx_conf_cm.o(.bss)
    mp_tcb                                   0x10000bb4   Data         480  rtx_conf_cm.o(.bss)
    mp_stk                                   0x10000d98   Data        1296  rtx_conf_cm.o(.bss)
    os_stack_mem                             0x100012a8   Data        2816  rtx_conf_cm.o(.bss)
    os_fifo                                  0x10001da8   Data         132  rtx_conf_cm.o(.bss)
    os_active_TCB                            0x10001e2c   Data          36  rtx_conf_cm.o(.bss)
    usbd0_ep0_buf                            0x100021cc   Data          64  usbd_config_0.o(.bss)
    usbd0_data                               0x1000220c   Data         176  usbd_config_0.o(.bss)
    usbd_driver_ep_semaphore_id              0x100022bc   Data          24  usbd_config_0.o(.bss)
    usbd_cdc0_send_buf                       0x100022d4   Data        1024  usbd_config_0.o(.bss)
    usbd_cdc0_receive_buf                    0x100026d4   Data        2048  usbd_config_0.o(.bss)
    usbd_cdc0_notify_buf                     0x10002ed4   Data          10  usbd_config_0.o(.bss)
    usbd_cdc0_send_mps_buf                   0x10002ee0   Data         512  usbd_config_0.o(.bss)
    usbd_cdc0_receive_mps_buf                0x100030e0   Data         512  usbd_config_0.o(.bss)
    usbd_cdc_data                            0x100032e0   Data         132  usbd_config_0.o(.bss)
    os_idle_TCB                              0x10003388   Data          52  rt_task.o(.bss)
    os_rdy                                   0x100033bc   Data          24  rt_list.o(.bss)
    os_dly                                   0x100033d4   Data          24  rt_list.o(.bss)
    __libspace_start                         0x100033ec   Data          96  libspace.o(.bss)
    __temporary_stack_top$libspace           0x1000344c   Data           0  libspace.o(.bss)



==============================================================================

Memory Map of the image

  Image Entry point : 0x000000cd

  Load Region LR_IROM1 (Base: 0x00000000, Size: 0x000075bc, Max: 0x00080000, ABSOLUTE, COMPRESSED[0x000074ac])

    Execution Region ER_IROM1 (Exec base: 0x00000000, Load base: 0x00000000, Size: 0x0000746c, Max: 0x00080000, ABSOLUTE)

    Exec Addr    Load Addr    Size         Type   Attr      Idx    E Section Name        Object

    0x00000000   0x00000000   0x000000cc   Data   RO         1338    RESET               startup_lpc17xx.o
    0x000000cc   0x000000cc   0x00000008   Code   RO         3585  * !!!main             c_w.l(__main.o)
    0x000000d4   0x000000d4   0x00000034   Code   RO         3749    !!!scatter          c_w.l(__scatter.o)
    0x00000108   0x00000108   0x0000003a   Code   RO         3747    !!dczerorl          c_w.l(__dczerorl.o)
    0x00000142   0x00000142   0x00000002   PAD
    0x00000144   0x00000144   0x0000001c   Code   RO         3751    !!handler_zi        c_w.l(__scatter_zi.o)
    0x00000160   0x00000160   0x00000002   Code   RO         3634    .ARM.Collect$$libinit$$00000000  c_w.l(libinit.o)
    0x00000162   0x00000162   0x00000000   Code   RO         3646    .ARM.Collect$$libinit$$00000002  c_w.l(libinit2.o)
    0x00000162   0x00000162   0x00000000   Code   RO         3648    .ARM.Collect$$libinit$$00000004  c_w.l(libinit2.o)
    0x00000162   0x00000162   0x00000000   Code   RO         3651    .ARM.Collect$$libinit$$0000000A  c_w.l(libinit2.o)
    0x00000162   0x00000162   0x00000000   Code   RO         3653    .ARM.Collect$$libinit$$0000000C  c_w.l(libinit2.o)
    0x00000162   0x00000162   0x00000000   Code   RO         3655    .ARM.Collect$$libinit$$0000000E  c_w.l(libinit2.o)
    0x00000162   0x00000162   0x00000000   Code   RO         3658    .ARM.Collect$$libinit$$00000011  c_w.l(libinit2.o)
    0x00000162   0x00000162   0x00000000   Code   RO         3660    .ARM.Collect$$libinit$$00000013  c_w.l(libinit2.o)
    0x00000162   0x00000162   0x00000000   Code   RO         3662    .ARM.Collect$$libinit$$00000015  c_w.l(libinit2.o)
    0x00000162   0x00000162   0x00000000   Code   RO         3664    .ARM.Collect$$libinit$$00000017  c_w.l(libinit2.o)
    0x00000162   0x00000162   0x00000000   Code   RO         3666    .ARM.Collect$$libinit$$00000019  c_w.l(libinit2.o)
    0x00000162   0x00000162   0x00000000   Code   RO         3668    .ARM.Collect$$libinit$$0000001B  c_w.l(libinit2.o)
    0x00000162   0x00000162   0x00000000   Code   RO         3670    .ARM.Collect$$libinit$$0000001D  c_w.l(libinit2.o)
    0x00000162   0x00000162   0x00000000   Code   RO         3672    .ARM.Collect$$libinit$$0000001F  c_w.l(libinit2.o)
    0x00000162   0x00000162   0x00000000   Code   RO         3674    .ARM.Collect$$libinit$$00000021  c_w.l(libinit2.o)
    0x00000162   0x00000162   0x00000000   Code   RO         3676    .ARM.Collect$$libinit$$00000023  c_w.l(libinit2.o)
    0x00000162   0x00000162   0x00000000   Code   RO         3678    .ARM.Collect$$libinit$$00000025  c_w.l(libinit2.o)
    0x00000162   0x00000162   0x00000000   Code   RO         3682    .ARM.Collect$$libinit$$0000002C  c_w.l(libinit2.o)
    0x00000162   0x00000162   0x00000000   Code   RO         3684    .ARM.Collect$$libinit$$0000002E  c_w.l(libinit2.o)
    0x00000162   0x00000162   0x00000000   Code   RO         3686    .ARM.Collect$$libinit$$00000030  c_w.l(libinit2.o)
    0x00000162   0x00000162   0x00000000   Code   RO         3688    .ARM.Collect$$libinit$$00000032  c_w.l(libinit2.o)
    0x00000162   0x00000162   0x00000002   Code   RO         3689    .ARM.Collect$$libinit$$00000033  c_w.l(libinit2.o)
    0x00000164   0x00000164   0x00000002   Code   RO         3635    .ARM.Collect$$libshutdown$$00000000  c_w.l(libshutdown.o)
    0x00000166   0x00000166   0x00000000   Code   RO         3691    .ARM.Collect$$libshutdown$$00000002  c_w.l(libshutdown2.o)
    0x00000166   0x00000166   0x00000000   Code   RO         3693    .ARM.Collect$$libshutdown$$00000004  c_w.l(libshutdown2.o)
    0x00000166   0x00000166   0x00000000   Code   RO         3696    .ARM.Collect$$libshutdown$$00000007  c_w.l(libshutdown2.o)
    0x00000166   0x00000166   0x00000000   Code   RO         3699    .ARM.Collect$$libshutdown$$0000000A  c_w.l(libshutdown2.o)
    0x00000166   0x00000166   0x00000000   Code   RO         3701    .ARM.Collect$$libshutdown$$0000000C  c_w.l(libshutdown2.o)
    0x00000166   0x00000166   0x00000000   Code   RO         3704    .ARM.Collect$$libshutdown$$0000000F  c_w.l(libshutdown2.o)
    0x00000166   0x00000166   0x00000002   Code   RO         3705    .ARM.Collect$$libshutdown$$00000010  c_w.l(libshutdown2.o)
    0x00000168   0x00000168   0x00000000   Code   RO         3587    .ARM.Collect$$rtentry$$00000000  c_w.l(__rtentry.o)
    0x00000168   0x00000168   0x00000000   Code   RO         3597    .ARM.Collect$$rtentry$$00000002  c_w.l(__rtentry2.o)
    0x00000168   0x00000168   0x00000006   Code   RO         3609    .ARM.Collect$$rtentry$$00000004  c_w.l(__rtentry4.o)
    0x0000016e   0x0000016e   0x00000000   Code   RO         3599    .ARM.Collect$$rtentry$$00000009  c_w.l(__rtentry2.o)
    0x0000016e   0x0000016e   0x00000004   Code   RO         3600    .ARM.Collect$$rtentry$$0000000A  c_w.l(__rtentry2.o)
    0x00000172   0x00000172   0x00000008   Code   RO         3601    .ARM.Collect$$rtentry$$0000000B  c_w.l(__rtentry2.o)
    0x0000017a   0x0000017a   0x00000008   Code   RO         3603    .ARM.Collect$$rtentry$$0000000D  c_w.l(__rtentry2.o)
    0x00000182   0x00000182   0x00000002   Code   RO         3588    .ARM.Collect$$rtexit$$00000000  c_w.l(rtexit.o)
    0x00000184   0x00000184   0x00000000   Code   RO         3612    .ARM.Collect$$rtexit$$00000002  c_w.l(rtexit2.o)
    0x00000184   0x00000184   0x00000004   Code   RO         3613    .ARM.Collect$$rtexit$$00000003  c_w.l(rtexit2.o)
    0x00000188   0x00000188   0x00000006   Code   RO         3614    .ARM.Collect$$rtexit$$00000004  c_w.l(rtexit2.o)
    0x0000018e   0x0000018e   0x00000002   PAD
    0x00000190   0x00000190   0x0000001c   Code   RO          488    .emb_text           rtx_conf_cm.o
    0x000001ac   0x000001ac   0x00000130   Code   RO         3504    .emb_text           RTX_CM3.lib(hal_cm3.o)
    0x000002dc   0x000002dc   0x00000008   Code   RO         3568    .text               c_w.l(libspace.o)
    0x000002e4   0x000002e4   0x00000012   Code   RO         3573    .text               c_w.l(exit.o)
    0x000002f6   0x000002f6   0x00000006   Code   RO         3583    .text               c_w.l(heapauxi.o)
    0x000002fc   0x000002fc   0x00000004   Code   RO         1339    .ARM.__at_0x02FC    startup_lpc17xx.o
    0x00000300   0x00000300   0x0000003c   Code   RO         1340    .text               startup_lpc17xx.o
    0x0000033c   0x0000033c   0x000000ee   Code   RO         3571    .text               c_w.l(lludivv7m.o)
    0x0000042a   0x0000042a   0x0000008a   Code   RO         3577    .text               c_w.l(rt_memcpy_v6.o)
    0x000004b4   0x000004b4   0x00000044   Code   RO         3579    .text               c_w.l(rt_memclr.o)
    0x000004f8   0x000004f8   0x0000004e   Code   RO         3581    .text               c_w.l(rt_memclr_w.o)
    0x00000546   0x00000546   0x00000064   Code   RO         3594    .text               c_w.l(rt_memcpy_w.o)
    0x000005aa   0x000005aa   0x00000002   PAD
    0x000005ac   0x000005ac   0x0000000c   Code   RO         3620    .text               c_w.l(sys_exit.o)
    0x000005b8   0x000005b8   0x0000004a   Code   RO         3622    .text               c_w.l(sys_stackheap_outer.o)
    0x00000602   0x00000602   0x00000002   Code   RO         3636    .text               c_w.l(use_no_semi.o)
    0x00000604   0x00000604   0x00000000   Code   RO         3638    .text               c_w.l(indicate_semi.o)
    0x00000604   0x00000604   0x00000004   Code   RO         3563    SVC_TABLE           RTX_CM3.lib(svc_table.o)
    0x00000608   0x00000608   0x00000044   Code   RO            4    i.ADC_IRQHandler    virtualcom.o
    0x0000064c   0x0000064c   0x00000068   Code   RO          160    i.CDC0_ACM_UART_to_USB_Thread  usbd_user_cdc_acm_uart_0.o
    0x000006b4   0x000006b4   0x00000024   Code   RO            5    i.CDC0_ACM_UART_to_USB_Threadm  virtualcom.o
    0x000006d8   0x000006d8   0x0000001c   Code   RO         1159    i.Clear_Channel_active_flag  gpdma_lpc17xx.o
    0x000006f4   0x000006f4   0x000000e8   Code   RO         1160    i.DMA_IRQHandler    gpdma_lpc17xx.o
    0x000007dc   0x000007dc   0x000000c8   Code   RO         1161    i.GPDMA_ChannelConfigure  gpdma_lpc17xx.o
    0x000008a4   0x000008a4   0x0000002c   Code   RO         1162    i.GPDMA_ChannelDisable  gpdma_lpc17xx.o
    0x000008d0   0x000008d0   0x00000030   Code   RO         1164    i.GPDMA_ChannelGetCount  gpdma_lpc17xx.o
    0x00000900   0x00000900   0x00000074   Code   RO         1166    i.GPDMA_Initialize  gpdma_lpc17xx.o
    0x00000974   0x00000974   0x00000034   Code   RO         1167    i.GPDMA_PeripheralSelect  gpdma_lpc17xx.o
    0x000009a8   0x000009a8   0x00000048   Code   RO         1168    i.GPDMA_Uninitialize  gpdma_lpc17xx.o
    0x000009f0   0x000009f0   0x0000003c   Code   RO          800    i.GetUsartClockFreq  uart_lpc17xx.o
    0x00000a2c   0x00000a2c   0x00000068   Code   RO         1303    i.PIN_Configure     pin_lpc17xx.o
    0x00000a94   0x00000a94   0x0000002c   Code   RO          987    i.SIE_EP_WrCmd      usbd_lpc17xx.o
    0x00000ac0   0x00000ac0   0x00000020   Code   RO          988    i.SIE_RdCmdData     usbd_lpc17xx.o
    0x00000ae0   0x00000ae0   0x0000001c   Code   RO          989    i.SIE_WrCmd         usbd_lpc17xx.o
    0x00000afc   0x00000afc   0x0000002c   Code   RO          990    i.SIE_WrCmdData     usbd_lpc17xx.o
    0x00000b28   0x00000b28   0x0000000c   Code   RO          623    i.SSP1_GPDMA_Rx_SignalEvent  ssp_lpc17xx.o
    0x00000b34   0x00000b34   0x0000000c   Code   RO          624    i.SSP1_GPDMA_Tx_SignalEvent  ssp_lpc17xx.o
    0x00000b40   0x00000b40   0x0000000c   Code   RO          627    i.SSP1_IRQHandler   ssp_lpc17xx.o
    0x00000b4c   0x00000b4c   0x0000001e   Code   RO          637    i.SSPx_GPDMA_Rx_SignalEvent  ssp_lpc17xx.o
    0x00000b6a   0x00000b6a   0x0000000c   Code   RO          638    i.SSPx_GPDMA_Tx_SignalEvent  ssp_lpc17xx.o
    0x00000b76   0x00000b76   0x000000ce   Code   RO          639    i.SSPx_IRQHandler   ssp_lpc17xx.o
    0x00000c44   0x00000c44   0x0000002c   Code   RO         1169    i.Set_Channel_active_flag  gpdma_lpc17xx.o
    0x00000c70   0x00000c70   0x000000d4   Code   RO         1350    i.SystemInit        system_lpc17xx.o
    0x00000d44   0x00000d44   0x00000020   Code   RO            6    i.TIMER0_IRQHandler  virtualcom.o
    0x00000d64   0x00000d64   0x0000000c   Code   RO          801    i.UART1_IRQHandler  uart_lpc17xx.o
    0x00000d70   0x00000d70   0x00000050   Code   RO          161    i.UART_Callback     usbd_user_cdc_acm_uart_0.o
    0x00000dc0   0x00000dc0   0x0000000c   Code   RO          802    i.USART1_Control    uart_lpc17xx.o
    0x00000dcc   0x00000dcc   0x00000064   Code   RO          803    i.USART1_GPDMA_Rx_Event  uart_lpc17xx.o
    0x00000e30   0x00000e30   0x00000038   Code   RO          804    i.USART1_GPDMA_Tx_Event  uart_lpc17xx.o
    0x00000e68   0x00000e68   0x0000000c   Code   RO          805    i.USART1_GetCapabilities  uart_lpc17xx.o
    0x00000e74   0x00000e74   0x0000000c   Code   RO          806    i.USART1_GetModemStatus  uart_lpc17xx.o
    0x00000e80   0x00000e80   0x00000018   Code   RO          807    i.USART1_GetRxCount  uart_lpc17xx.o
    0x00000e98   0x00000e98   0x0000000c   Code   RO          808    i.USART1_GetStatus  uart_lpc17xx.o
    0x00000ea4   0x00000ea4   0x00000018   Code   RO          809    i.USART1_GetTxCount  uart_lpc17xx.o
    0x00000ebc   0x00000ebc   0x0000000c   Code   RO          810    i.USART1_Initialize  uart_lpc17xx.o
    0x00000ec8   0x00000ec8   0x0000000c   Code   RO          811    i.USART1_PowerControl  uart_lpc17xx.o
    0x00000ed4   0x00000ed4   0x0000000c   Code   RO          812    i.USART1_Receive    uart_lpc17xx.o
    0x00000ee0   0x00000ee0   0x0000000c   Code   RO          813    i.USART1_Send       uart_lpc17xx.o
    0x00000eec   0x00000eec   0x0000000c   Code   RO          814    i.USART1_SetModemControl  uart_lpc17xx.o
    0x00000ef8   0x00000ef8   0x00000058   Code   RO          815    i.USART1_Transfer   uart_lpc17xx.o
    0x00000f50   0x00000f50   0x0000000c   Code   RO          816    i.USART1_Uninitialize  uart_lpc17xx.o
    0x00000f5c   0x00000f5c   0x000004e8   Code   RO          817    i.USART_Control     uart_lpc17xx.o
    0x00001444   0x00001444   0x000000b8   Code   RO          818    i.USART_GetModemStatus  uart_lpc17xx.o
    0x000014fc   0x000014fc   0x0000008e   Code   RO          819    i.USART_GetStatus   uart_lpc17xx.o
    0x0000158a   0x0000158a   0x00000002   PAD
    0x0000158c   0x0000158c   0x000001da   Code   RO          820    i.USART_IRQHandler  uart_lpc17xx.o
    0x00001766   0x00001766   0x000000dc   Code   RO          821    i.USART_Initialize  uart_lpc17xx.o
    0x00001842   0x00001842   0x000001e8   Code   RO          822    i.USART_PowerControl  uart_lpc17xx.o
    0x00001a2a   0x00001a2a   0x000000e2   Code   RO          823    i.USART_Receive     uart_lpc17xx.o
    0x00001b0c   0x00001b0c   0x00000056   Code   RO          824    i.USART_RxLineIntHandler  uart_lpc17xx.o
    0x00001b62   0x00001b62   0x00000136   Code   RO          825    i.USART_Send        uart_lpc17xx.o
    0x00001c98   0x00001c98   0x000000d0   Code   RO          826    i.USART_SetBaudrate  uart_lpc17xx.o
    0x00001d68   0x00001d68   0x00000068   Code   RO          827    i.USART_SetModemControl  uart_lpc17xx.o
    0x00001dd0   0x00001dd0   0x000000c4   Code   RO          828    i.USART_Uninitialize  uart_lpc17xx.o
    0x00001e94   0x00001e94   0x0000000c   Code   RO          829    i.USARTx_GetVersion  uart_lpc17xx.o
    0x00001ea0   0x00001ea0   0x00000006   Code   RO         2774    i.USBD0_Core_Thread  USB_CM3_L.lib(usbd_lib_core.o)
    0x00001ea6   0x00001ea6   0x00000008   Code   RO         1385    i.USBD0_SignalDeviceEvent  usbd_config_0.o
    0x00001eae   0x00001eae   0x0000000a   Code   RO         1386    i.USBD0_SignalEndpointEvent  usbd_config_0.o
    0x00001eb8   0x00001eb8   0x00000030   Code   RO          162    i.USBD_CDC0_ACM_DataReceived  usbd_user_cdc_acm_uart_0.o
    0x00001ee8   0x00001ee8   0x00000002   Code   RO         1388    i.USBD_CDC0_ACM_DataSent  usbd_config_0.o
    0x00001eea   0x00001eea   0x00000002   PAD
    0x00001eec   0x00001eec   0x00000018   Code   RO          163    i.USBD_CDC0_ACM_GetLineCoding  usbd_user_cdc_acm_uart_0.o
    0x00001f04   0x00001f04   0x00000030   Code   RO          164    i.USBD_CDC0_ACM_Initialize  usbd_user_cdc_acm_uart_0.o
    0x00001f34   0x00001f34   0x0000001c   Code   RO          165    i.USBD_CDC0_ACM_Reset  usbd_user_cdc_acm_uart_0.o
    0x00001f50   0x00001f50   0x00000004   Code   RO          166    i.USBD_CDC0_ACM_SetControlLineState  usbd_user_cdc_acm_uart_0.o
    0x00001f54   0x00001f54   0x000000e4   Code   RO          167    i.USBD_CDC0_ACM_SetLineCoding  usbd_user_cdc_acm_uart_0.o
    0x00002038   0x00002038   0x00000006   Code   RO         2910    i.USBD_CDC0_Bulk_Thread  USB_CM3_L.lib(usbd_lib_cdc.o)
    0x0000203e   0x0000203e   0x00000006   Code   RO         2911    i.USBD_CDC0_Int_Thread  USB_CM3_L.lib(usbd_lib_cdc.o)
    0x00002044   0x00002044   0x00000004   Code   RO         1395    i.USBD_CDC0_NCM_GetCrcMode  usbd_config_0.o
    0x00002048   0x00002048   0x00000004   Code   RO         1396    i.USBD_CDC0_NCM_GetEthernetPowerManagementPatternFilter  usbd_config_0.o
    0x0000204c   0x0000204c   0x00000004   Code   RO         1397    i.USBD_CDC0_NCM_GetEthernetStatistic  usbd_config_0.o
    0x00002050   0x00002050   0x00000004   Code   RO         1398    i.USBD_CDC0_NCM_GetMaxDatagramSize  usbd_config_0.o
    0x00002054   0x00002054   0x00000004   Code   RO         1399    i.USBD_CDC0_NCM_GetNetAddress  usbd_config_0.o
    0x00002058   0x00002058   0x00000004   Code   RO         1400    i.USBD_CDC0_NCM_GetNtbFormat  usbd_config_0.o
    0x0000205c   0x0000205c   0x00000004   Code   RO         1401    i.USBD_CDC0_NCM_GetNtbInputSize  usbd_config_0.o
    0x00002060   0x00002060   0x00000004   Code   RO         1402    i.USBD_CDC0_NCM_GetNtbParameters  usbd_config_0.o
    0x00002064   0x00002064   0x00000002   Code   RO         1403    i.USBD_CDC0_NCM_Initialize  usbd_config_0.o
    0x00002066   0x00002066   0x00000002   Code   RO         1404    i.USBD_CDC0_NCM_NTB_IN_Sent  usbd_config_0.o
    0x00002068   0x00002068   0x00000002   Code   RO         1405    i.USBD_CDC0_NCM_NTB_OUT_Received  usbd_config_0.o
    0x0000206a   0x0000206a   0x00000002   Code   RO         1406    i.USBD_CDC0_NCM_Reset  usbd_config_0.o
    0x0000206c   0x0000206c   0x00000004   Code   RO         1407    i.USBD_CDC0_NCM_SetCrcMode  usbd_config_0.o
    0x00002070   0x00002070   0x00000004   Code   RO         1408    i.USBD_CDC0_NCM_SetEthernetMulticastFilters  usbd_config_0.o
    0x00002074   0x00002074   0x00000004   Code   RO         1409    i.USBD_CDC0_NCM_SetEthernetPacketFilter  usbd_config_0.o
    0x00002078   0x00002078   0x00000004   Code   RO         1410    i.USBD_CDC0_NCM_SetEthernetPowerManagementPatternFilter  usbd_config_0.o
    0x0000207c   0x0000207c   0x00000004   Code   RO         1411    i.USBD_CDC0_NCM_SetMaxDatagramSize  usbd_config_0.o
    0x00002080   0x00002080   0x00000004   Code   RO         1412    i.USBD_CDC0_NCM_SetNetAddress  usbd_config_0.o
    0x00002084   0x00002084   0x00000004   Code   RO         1413    i.USBD_CDC0_NCM_SetNtbFormat  usbd_config_0.o
    0x00002088   0x00002088   0x00000004   Code   RO         1414    i.USBD_CDC0_NCM_SetNtbInputSize  usbd_config_0.o
    0x0000208c   0x0000208c   0x00000002   Code   RO         1415    i.USBD_CDC0_NCM_Start  usbd_config_0.o
    0x0000208e   0x0000208e   0x00000002   Code   RO         1416    i.USBD_CDC0_NCM_Stop  usbd_config_0.o
    0x00002090   0x00002090   0x00000004   Code   RO         2918    i.USBD_CDC_ACM_CoreClearCommFeature  USB_CM3_L.lib(usbd_lib_cdc.o)
    0x00002094   0x00002094   0x00000004   Code   RO         2919    i.USBD_CDC_ACM_CoreGetCommFeature  USB_CM3_L.lib(usbd_lib_cdc.o)
    0x00002098   0x00002098   0x00000004   Code   RO         2920    i.USBD_CDC_ACM_CoreGetEncapsulatedResponse  USB_CM3_L.lib(usbd_lib_cdc.o)
    0x0000209c   0x0000209c   0x00000054   Code   RO         2921    i.USBD_CDC_ACM_CoreGetLineCoding  USB_CM3_L.lib(usbd_lib_cdc.o)
    0x000020f0   0x000020f0   0x00000004   Code   RO         2922    i.USBD_CDC_ACM_CoreSendBreak  USB_CM3_L.lib(usbd_lib_cdc.o)
    0x000020f4   0x000020f4   0x00000004   Code   RO         2923    i.USBD_CDC_ACM_CoreSendEncapsulatedCommand  USB_CM3_L.lib(usbd_lib_cdc.o)
    0x000020f8   0x000020f8   0x00000004   Code   RO         2924    i.USBD_CDC_ACM_CoreSetCommFeature  USB_CM3_L.lib(usbd_lib_cdc.o)
    0x000020fc   0x000020fc   0x00000034   Code   RO         2925    i.USBD_CDC_ACM_CoreSetControlLineState  USB_CM3_L.lib(usbd_lib_cdc.o)
    0x00002130   0x00002130   0x00000050   Code   RO         2926    i.USBD_CDC_ACM_CoreSetLineCoding  USB_CM3_L.lib(usbd_lib_cdc.o)
    0x00002180   0x00002180   0x000000cc   Code   RO         2931    i.USBD_CDC_ACM_ReadData  USB_CM3_L.lib(usbd_lib_cdc.o)
    0x0000224c   0x0000224c   0x000000ac   Code   RO         2932    i.USBD_CDC_ACM_WriteData  USB_CM3_L.lib(usbd_lib_cdc.o)
    0x000022f8   0x000022f8   0x00000034   Code   RO         2933    i.USBD_CDC_Bulk_Thread  USB_CM3_L.lib(usbd_lib_cdc.o)
    0x0000232c   0x0000232c   0x00000048   Code   RO         2934    i.USBD_CDC_CheckInstance  USB_CM3_L.lib(usbd_lib_cdc.o)
    0x00002374   0x00002374   0x00000090   Code   RO         2935    i.USBD_CDC_EndpointStart  USB_CM3_L.lib(usbd_lib_cdc.o)
    0x00002404   0x00002404   0x00000050   Code   RO         2936    i.USBD_CDC_EndpointStop  USB_CM3_L.lib(usbd_lib_cdc.o)
    0x00002454   0x00002454   0x000001c4   Code   RO         2937    i.USBD_CDC_EpBulkIn  USB_CM3_L.lib(usbd_lib_cdc.o)
    0x00002618   0x00002618   0x00000188   Code   RO         2938    i.USBD_CDC_EpBulkOut  USB_CM3_L.lib(usbd_lib_cdc.o)
    0x000027a0   0x000027a0   0x00000070   Code   RO         2939    i.USBD_CDC_Initialize  USB_CM3_L.lib(usbd_lib_cdc.o)
    0x00002810   0x00002810   0x00000078   Code   RO         2940    i.USBD_CDC_Int_Thread  USB_CM3_L.lib(usbd_lib_cdc.o)
    0x00002888   0x00002888   0x00000024   Code   RO         2941    i.USBD_CDC_NCM_CoreGetCrcMode  USB_CM3_L.lib(usbd_lib_cdc.o)
    0x000028ac   0x000028ac   0x0000002c   Code   RO         2942    i.USBD_CDC_NCM_CoreGetEthernetPowerManagementPatternFilter  USB_CM3_L.lib(usbd_lib_cdc.o)
    0x000028d8   0x000028d8   0x0000002c   Code   RO         2943    i.USBD_CDC_NCM_CoreGetEthernetStatistic  USB_CM3_L.lib(usbd_lib_cdc.o)
    0x00002904   0x00002904   0x00000024   Code   RO         2944    i.USBD_CDC_NCM_CoreGetMaxDatagramSize  USB_CM3_L.lib(usbd_lib_cdc.o)
    0x00002928   0x00002928   0x00000024   Code   RO         2945    i.USBD_CDC_NCM_CoreGetNetAddress  USB_CM3_L.lib(usbd_lib_cdc.o)
    0x0000294c   0x0000294c   0x00000024   Code   RO         2946    i.USBD_CDC_NCM_CoreGetNtbFormat  USB_CM3_L.lib(usbd_lib_cdc.o)
    0x00002970   0x00002970   0x00000024   Code   RO         2947    i.USBD_CDC_NCM_CoreGetNtbInputSize  USB_CM3_L.lib(usbd_lib_cdc.o)
    0x00002994   0x00002994   0x00000024   Code   RO         2948    i.USBD_CDC_NCM_CoreGetNtbParameters  USB_CM3_L.lib(usbd_lib_cdc.o)
    0x000029b8   0x000029b8   0x00000038   Code   RO         2949    i.USBD_CDC_NCM_CoreSetCrcMode  USB_CM3_L.lib(usbd_lib_cdc.o)
    0x000029f0   0x000029f0   0x0000002c   Code   RO         2950    i.USBD_CDC_NCM_CoreSetEthernetMulticastFilters  USB_CM3_L.lib(usbd_lib_cdc.o)
    0x00002a1c   0x00002a1c   0x00000024   Code   RO         2951    i.USBD_CDC_NCM_CoreSetEthernetPacketFilter  USB_CM3_L.lib(usbd_lib_cdc.o)
    0x00002a40   0x00002a40   0x00000030   Code   RO         2952    i.USBD_CDC_NCM_CoreSetEthernetPowerManagementPatternFilter  USB_CM3_L.lib(usbd_lib_cdc.o)
    0x00002a70   0x00002a70   0x00000034   Code   RO         2953    i.USBD_CDC_NCM_CoreSetMaxDatagramSize  USB_CM3_L.lib(usbd_lib_cdc.o)
    0x00002aa4   0x00002aa4   0x00000024   Code   RO         2954    i.USBD_CDC_NCM_CoreSetNetAddress  USB_CM3_L.lib(usbd_lib_cdc.o)
    0x00002ac8   0x00002ac8   0x00000038   Code   RO         2955    i.USBD_CDC_NCM_CoreSetNtbFormat  USB_CM3_L.lib(usbd_lib_cdc.o)
    0x00002b00   0x00002b00   0x00000034   Code   RO         2956    i.USBD_CDC_NCM_CoreSetNtbInputSize  USB_CM3_L.lib(usbd_lib_cdc.o)
    0x00002b34   0x00002b34   0x000000cc   Code   RO         2972    i.USBD_CDC_Reset    USB_CM3_L.lib(usbd_lib_cdc.o)
    0x00002c00   0x00002c00   0x00000028   Code   RO         2778    i.USBD_CheckDevice  USB_CM3_L.lib(usbd_lib_core.o)
    0x00002c28   0x00002c28   0x00000038   Code   RO         1418    i.USBD_ClassInitialize  usbd_config_0.o
    0x00002c60   0x00002c60   0x00000004   Code   RO         1420    i.USBD_Class_Endpoint0_InDataSent  usbd_config_0.o
    0x00002c64   0x00002c64   0x00000004   Code   RO         1421    i.USBD_Class_Endpoint0_OutDataReceived  usbd_config_0.o
    0x00002c68   0x00002c68   0x00000002   Code   RO         1422    i.USBD_Class_Endpoint0_SetupPacketProcessed  usbd_config_0.o
    0x00002c6a   0x00002c6a   0x00000004   Code   RO         1423    i.USBD_Class_Endpoint0_SetupPacketReceived  usbd_config_0.o
    0x00002c6e   0x00002c6e   0x00000018   Code   RO         2780    i.USBD_Connect      USB_CM3_L.lib(usbd_lib_core.o)
    0x00002c86   0x00002c86   0x00000002   PAD
    0x00002c88   0x00002c88   0x000000d8   Code   RO         2781    i.USBD_Core         USB_CM3_L.lib(usbd_lib_core.o)
    0x00002d60   0x00002d60   0x00000044   Code   RO         3530    i.USBD_Core_Endpoint0_InDataSent  USB_CM3_L.lib(usbd_lib_core_device.o)
    0x00002da4   0x00002da4   0x00000044   Code   RO         3531    i.USBD_Core_Endpoint0_OutDataReceived  USB_CM3_L.lib(usbd_lib_core_device.o)
    0x00002de8   0x00002de8   0x0000003c   Code   RO         3532    i.USBD_Core_Endpoint0_SetupPacketProcessed  USB_CM3_L.lib(usbd_lib_core_device.o)
    0x00002e24   0x00002e24   0x00000050   Code   RO         3533    i.USBD_Core_Endpoint0_SetupPacketReceived  USB_CM3_L.lib(usbd_lib_core_device.o)
    0x00002e74   0x00002e74   0x00000094   Code   RO         2782    i.USBD_Core_Thread  USB_CM3_L.lib(usbd_lib_core.o)
    0x00002f08   0x00002f08   0x00000050   Code   RO         2783    i.USBD_DataInStage  USB_CM3_L.lib(usbd_lib_core.o)
    0x00002f58   0x00002f58   0x0000002c   Code   RO         2784    i.USBD_DataOutStage  USB_CM3_L.lib(usbd_lib_core.o)
    0x00002f84   0x00002f84   0x0000000a   Code   RO         1424    i.USBD_Delay        usbd_config_0.o
    0x00002f8e   0x00002f8e   0x00000002   Code   RO         1425    i.USBD_Device0_ConfigurationChanged  usbd_config_0.o
    0x00002f90   0x00002f90   0x00000002   Code   RO         1426    i.USBD_Device0_DisableRemoteWakeup  usbd_config_0.o
    0x00002f92   0x00002f92   0x00000002   Code   RO         1427    i.USBD_Device0_EnableRemoteWakeup  usbd_config_0.o
    0x00002f94   0x00002f94   0x00000004   Code   RO         1428    i.USBD_Device0_Endpoint0_InDataSent  usbd_config_0.o
    0x00002f98   0x00002f98   0x00000004   Code   RO         1429    i.USBD_Device0_Endpoint0_OutDataReceived  usbd_config_0.o
    0x00002f9c   0x00002f9c   0x00000002   Code   RO         1430    i.USBD_Device0_Endpoint0_SetupPacketProcessed  usbd_config_0.o
    0x00002f9e   0x00002f9e   0x00000004   Code   RO         1431    i.USBD_Device0_Endpoint0_SetupPacketReceived  usbd_config_0.o
    0x00002fa2   0x00002fa2   0x00000002   Code   RO         1432    i.USBD_Device0_EventReset  usbd_config_0.o
    0x00002fa4   0x00002fa4   0x00000002   Code   RO         1433    i.USBD_Device0_HighSpeedActivated  usbd_config_0.o
    0x00002fa6   0x00002fa6   0x00000002   Code   RO         1434    i.USBD_Device0_Initialize  usbd_config_0.o
    0x00002fa8   0x00002fa8   0x00000008   Code   RO         1435    i.USBD_Device0_Reset  usbd_config_0.o
    0x00002fb0   0x00002fb0   0x00000002   Code   RO         1436    i.USBD_Device0_Resumed  usbd_config_0.o
    0x00002fb2   0x00002fb2   0x00000002   Code   RO         1437    i.USBD_Device0_Suspended  usbd_config_0.o
    0x00002fb4   0x00002fb4   0x00000002   Code   RO         1439    i.USBD_Device0_VbusChanged  usbd_config_0.o
    0x00002fb6   0x00002fb6   0x00000002   PAD
    0x00002fb8   0x00002fb8   0x00000058   Code   RO          991    i.USBD_DeviceConnect  usbd_lpc17xx.o
    0x00003010   0x00003010   0x00000058   Code   RO          992    i.USBD_DeviceDisconnect  usbd_lpc17xx.o
    0x00003068   0x00003068   0x00000028   Code   RO          993    i.USBD_DeviceGetState  usbd_lpc17xx.o
    0x00003090   0x00003090   0x0000006c   Code   RO          994    i.USBD_DeviceRemoteWakeup  usbd_lpc17xx.o
    0x000030fc   0x000030fc   0x0000007c   Code   RO          995    i.USBD_DeviceSetAddress  usbd_lpc17xx.o
    0x00003178   0x00003178   0x00000068   Code   RO         2857    i.USBD_DriverDeviceConnect  USB_CM3_L.lib(usbd_lib_drv.o)
    0x000031e0   0x000031e0   0x0000006c   Code   RO         2861    i.USBD_DriverDeviceSetAddress  USB_CM3_L.lib(usbd_lib_drv.o)
    0x0000324c   0x0000324c   0x000000b8   Code   RO         2862    i.USBD_DriverEndpointConfigure  USB_CM3_L.lib(usbd_lib_drv.o)
    0x00003304   0x00003304   0x000000b4   Code   RO         2863    i.USBD_DriverEndpointStall  USB_CM3_L.lib(usbd_lib_drv.o)
    0x000033b8   0x000033b8   0x000000e0   Code   RO         2864    i.USBD_DriverEndpointTransfer  USB_CM3_L.lib(usbd_lib_drv.o)
    0x00003498   0x00003498   0x000000b4   Code   RO         2865    i.USBD_DriverEndpointTransferAbort  USB_CM3_L.lib(usbd_lib_drv.o)
    0x0000354c   0x0000354c   0x00000074   Code   RO         2866    i.USBD_DriverEndpointTransferGetResult  USB_CM3_L.lib(usbd_lib_drv.o)
    0x000035c0   0x000035c0   0x000000b0   Code   RO         2867    i.USBD_DriverEndpointUnconfigure  USB_CM3_L.lib(usbd_lib_drv.o)
    0x00003670   0x00003670   0x00000010   Code   RO         2868    i.USBD_DriverGetCapabilities  USB_CM3_L.lib(usbd_lib_drv.o)
    0x00003680   0x00003680   0x00000010   Code   RO         2870    i.USBD_DriverGetVersion  USB_CM3_L.lib(usbd_lib_drv.o)
    0x00003690   0x00003690   0x00000070   Code   RO         2871    i.USBD_DriverInitialize  USB_CM3_L.lib(usbd_lib_drv.o)
    0x00003700   0x00003700   0x0000006c   Code   RO         2872    i.USBD_DriverPowerControl  USB_CM3_L.lib(usbd_lib_drv.o)
    0x0000376c   0x0000376c   0x0000006c   Code   RO         2873    i.USBD_DriverReadSetupPacket  USB_CM3_L.lib(usbd_lib_drv.o)
    0x000037d8   0x000037d8   0x00000374   Code   RO         2786    i.USBD_Endpoint0    USB_CM3_L.lib(usbd_lib_core.o)
    0x00003b4c   0x00003b4c   0x00000002   Code   RO         1440    i.USBD_Endpoint0_ClearFeatureStall_MSC  usbd_config_0.o
    0x00003b4e   0x00003b4e   0x00000004   Code   RO         1441    i.USBD_Endpoint0_Out_ADC_ReqToEP  usbd_config_0.o
    0x00003b52   0x00003b52   0x00000004   Code   RO         1442    i.USBD_Endpoint0_Out_ADC_ReqToIF  usbd_config_0.o
    0x00003b56   0x00003b56   0x00000002   PAD
    0x00003b58   0x00003b58   0x00000100   Code   RO         3550    i.USBD_Endpoint0_Out_CDC_ReqToIF  USB_CM3_L.lib(usbd_lib_core_cdc.o)
    0x00003c58   0x00003c58   0x00000004   Code   RO         1443    i.USBD_Endpoint0_Out_HID_ReqToIF  usbd_config_0.o
    0x00003c5c   0x00003c5c   0x00000004   Code   RO         1444    i.USBD_Endpoint0_ReqGetDescriptor_HID  usbd_config_0.o
    0x00003c60   0x00003c60   0x00000004   Code   RO         1445    i.USBD_Endpoint0_ReqGetExtProp_CC  usbd_config_0.o
    0x00003c64   0x00003c64   0x00000004   Code   RO         1446    i.USBD_Endpoint0_Setup_ADC_ReqToEP  usbd_config_0.o
    0x00003c68   0x00003c68   0x00000004   Code   RO         1447    i.USBD_Endpoint0_Setup_ADC_ReqToIF  usbd_config_0.o
    0x00003c6c   0x00003c6c   0x00000318   Code   RO         3551    i.USBD_Endpoint0_Setup_CDC_ReqToIF  USB_CM3_L.lib(usbd_lib_core_cdc.o)
    0x00003f84   0x00003f84   0x00000004   Code   RO         1448    i.USBD_Endpoint0_Setup_HID_ReqToIF  usbd_config_0.o
    0x00003f88   0x00003f88   0x00000004   Code   RO         1449    i.USBD_Endpoint0_Setup_MSC_ReqToIF  usbd_config_0.o
    0x00003f8c   0x00003f8c   0x00000134   Code   RO          996    i.USBD_EndpointConfigure  usbd_lpc17xx.o
    0x000040c0   0x000040c0   0x00000080   Code   RO          997    i.USBD_EndpointStall  usbd_lpc17xx.o
    0x00004140   0x00004140   0x0000004c   Code   RO         1450    i.USBD_EndpointStart  usbd_config_0.o
    0x0000418c   0x0000418c   0x0000004c   Code   RO         1451    i.USBD_EndpointStop  usbd_config_0.o
    0x000041d8   0x000041d8   0x000000c0   Code   RO          998    i.USBD_EndpointTransfer  usbd_lpc17xx.o
    0x00004298   0x00004298   0x0000008c   Code   RO          999    i.USBD_EndpointTransferAbort  usbd_lpc17xx.o
    0x00004324   0x00004324   0x00000024   Code   RO         1000    i.USBD_EndpointTransferGetResult  usbd_lpc17xx.o
    0x00004348   0x00004348   0x000000b0   Code   RO         1001    i.USBD_EndpointUnconfigure  usbd_lpc17xx.o
    0x000043f8   0x000043f8   0x0000000c   Code   RO         1002    i.USBD_GetCapabilities  usbd_lpc17xx.o
    0x00004404   0x00004404   0x00000064   Code   RO         1003    i.USBD_GetFrameNumber  usbd_lpc17xx.o
    0x00004468   0x00004468   0x0000000c   Code   RO         1004    i.USBD_GetVersion   usbd_lpc17xx.o
    0x00004474   0x00004474   0x00000084   Code   RO         1005    i.USBD_HW_ReadEP    usbd_lpc17xx.o
    0x000044f8   0x000044f8   0x00000074   Code   RO         1006    i.USBD_HW_WriteEP   usbd_lpc17xx.o
    0x0000456c   0x0000456c   0x00000310   Code   RO         1007    i.USBD_IRQ          usbd_lpc17xx.o
    0x0000487c   0x0000487c   0x00000040   Code   RO         1008    i.USBD_Initialize   usbd_lpc17xx.o
    0x000048bc   0x000048bc   0x00000118   Code   RO         2795    i.USBD_Initialize   USB_CM3_L.lib(usbd_lib_core.o)
    0x000049d4   0x000049d4   0x00000124   Code   RO         1009    i.USBD_PowerControl  usbd_lpc17xx.o
    0x00004af8   0x00004af8   0x00000060   Code   RO         1010    i.USBD_ReadSetupPacket  usbd_lpc17xx.o
    0x00004b58   0x00004b58   0x00000194   Code   RO         2796    i.USBD_ReqGetDescriptor  USB_CM3_L.lib(usbd_lib_core.o)
    0x00004cec   0x00004cec   0x000000b4   Code   RO         2797    i.USBD_ReqGetMSDescriptor  USB_CM3_L.lib(usbd_lib_core.o)
    0x00004da0   0x00004da0   0x000000b4   Code   RO         2798    i.USBD_ReqGetStatus  USB_CM3_L.lib(usbd_lib_core.o)
    0x00004e54   0x00004e54   0x00000110   Code   RO         2799    i.USBD_ReqSetClrFeature  USB_CM3_L.lib(usbd_lib_core.o)
    0x00004f64   0x00004f64   0x00000268   Code   RO         2800    i.USBD_ReqSetConfiguration  USB_CM3_L.lib(usbd_lib_core.o)
    0x000051cc   0x000051cc   0x00000198   Code   RO         2801    i.USBD_ReqSetInterface  USB_CM3_L.lib(usbd_lib_core.o)
    0x00005364   0x00005364   0x0000002c   Code   RO         1452    i.USBD_Reset        usbd_config_0.o
    0x00005390   0x00005390   0x00000028   Code   RO         2802    i.USBD_ResetCore    USB_CM3_L.lib(usbd_lib_core.o)
    0x000053b8   0x000053b8   0x00000018   Code   RO         1453    i.USBD_SemaphoreAcquire  usbd_config_0.o
    0x000053d0   0x000053d0   0x0000002c   Code   RO         1454    i.USBD_SemaphoreCreate  usbd_config_0.o
    0x000053fc   0x000053fc   0x00000012   Code   RO         1456    i.USBD_SemaphoreRelease  usbd_config_0.o
    0x0000540e   0x0000540e   0x00000002   Code   RO         1457    i.USBD_SetConfiguration  usbd_config_0.o
    0x00005410   0x00005410   0x00000010   Code   RO         2875    i.USBD_SignalDeviceEvent  USB_CM3_L.lib(usbd_lib_drv.o)
    0x00005420   0x00005420   0x00000048   Code   RO         2876    i.USBD_SignalEndpointEvent  USB_CM3_L.lib(usbd_lib_drv.o)
    0x00005468   0x00005468   0x0000000a   Code   RO         2804    i.USBD_StatusInStage  USB_CM3_L.lib(usbd_lib_core.o)
    0x00005472   0x00005472   0x00000010   Code   RO         2805    i.USBD_StatusInStageDone  USB_CM3_L.lib(usbd_lib_core.o)
    0x00005482   0x00005482   0x0000000a   Code   RO         2806    i.USBD_StatusOutStage  USB_CM3_L.lib(usbd_lib_core.o)
    0x0000548c   0x0000548c   0x00000030   Code   RO         2807    i.USBD_StatusOutStageDone  USB_CM3_L.lib(usbd_lib_core.o)
    0x000054bc   0x000054bc   0x00000034   Code   RO         1458    i.USBD_ThreadCreate  usbd_config_0.o
    0x000054f0   0x000054f0   0x0000000c   Code   RO         1459    i.USBD_ThreadFlagsSet  usbd_config_0.o
    0x000054fc   0x000054fc   0x00000020   Code   RO         1460    i.USBD_ThreadFlagsWait  usbd_config_0.o
    0x0000551c   0x0000551c   0x00000024   Code   RO         1011    i.USBD_Uninitialize  usbd_lpc17xx.o
    0x00005540   0x00005540   0x00000004   Code   RO          575    i.USB_IRQHandler    otg_lpc17xx.o
    0x00005544   0x00005544   0x00000098   Code   RO          576    i.USB_PinsConfigure  otg_lpc17xx.o
    0x000055dc   0x000055dc   0x00000094   Code   RO          577    i.USB_PinsUnconfigure  otg_lpc17xx.o
    0x00005670   0x00005670   0x0000001a   Code   RO          830    i.__NVIC_ClearPendingIRQ  uart_lpc17xx.o
    0x0000568a   0x0000568a   0x0000001a   Code   RO         1170    i.__NVIC_ClearPendingIRQ  gpdma_lpc17xx.o
    0x000056a4   0x000056a4   0x00000022   Code   RO         1012    i.__NVIC_DisableIRQ  usbd_lpc17xx.o
    0x000056c6   0x000056c6   0x0000001a   Code   RO            7    i.__NVIC_EnableIRQ  virtualcom.o
    0x000056e0   0x000056e0   0x0000001a   Code   RO         1013    i.__NVIC_EnableIRQ  usbd_lpc17xx.o
    0x000056fa   0x000056fa   0x00000046   Code   RO         3403    i._init_box         RTX_CM3.lib(rt_membox.o)
    0x00005740   0x00005740   0x00000020   Code   RO          490    i._mutex_acquire    rtx_conf_cm.o
    0x00005760   0x00005760   0x0000001c   Code   RO          492    i._mutex_release    rtx_conf_cm.o
    0x0000577c   0x0000577c   0x0000001e   Code   RO         1014    i.check_and_set_var  usbd_lpc17xx.o
    0x0000579a   0x0000579a   0x00000002   PAD
    0x0000579c   0x0000579c   0x00000030   Code   RO         3456    i.dbg_init          RTX_CM3.lib(hal_cm.o)
    0x000057cc   0x000057cc   0x00000020   Code   RO         3457    i.dbg_task_notify   RTX_CM3.lib(hal_cm.o)
    0x000057ec   0x000057ec   0x00000010   Code   RO         3458    i.dbg_task_switch   RTX_CM3.lib(hal_cm.o)
    0x000057fc   0x000057fc   0x00000050   Code   RO            9    i.initADC           virtualcom.o
    0x0000584c   0x0000584c   0x00000038   Code   RO           10    i.initPWM           virtualcom.o
    0x00005884   0x00005884   0x0000001c   Code   RO           11    i.initTIM0          virtualcom.o
    0x000058a0   0x000058a0   0x0000002a   Code   RO         2034    i.isrMessageGet     RTX_CM3.lib(rt_cmsis.o)
    0x000058ca   0x000058ca   0x0000002c   Code   RO         2035    i.isrMessagePut     RTX_CM3.lib(rt_cmsis.o)
    0x000058f6   0x000058f6   0x00000028   Code   RO         2036    i.isrSemaphoreRelease  RTX_CM3.lib(rt_cmsis.o)
    0x0000591e   0x0000591e   0x00000024   Code   RO         2037    i.isrSignalSet      RTX_CM3.lib(rt_cmsis.o)
    0x00005942   0x00005942   0x00000002   PAD
    0x00005944   0x00005944   0x00000028   Code   RO         3140    i.isr_evt_set       RTX_CM3.lib(rt_event.o)
    0x0000596c   0x0000596c   0x00000056   Code   RO         3258    i.isr_mbx_receive   RTX_CM3.lib(rt_mailbox.o)
    0x000059c2   0x000059c2   0x0000000e   Code   RO         3259    i.isr_mbx_send      RTX_CM3.lib(rt_mailbox.o)
    0x000059d0   0x000059d0   0x00000010   Code   RO         3306    i.isr_sem_send      RTX_CM3.lib(rt_semaphore.o)
    0x000059e0   0x000059e0   0x0000004c   Code   RO           12    i.main              virtualcom.o
    0x00005a2c   0x00005a2c   0x00000018   Code   RO         2038    i.osDelay           RTX_CM3.lib(rt_cmsis.o)
    0x00005a44   0x00005a44   0x00000024   Code   RO         2039    i.osKernelInitialize  RTX_CM3.lib(rt_cmsis.o)
    0x00005a68   0x00005a68   0x0000006c   Code   RO         2041    i.osKernelStart     RTX_CM3.lib(rt_cmsis.o)
    0x00005ad4   0x00005ad4   0x00000018   Code   RO         2050    i.osMessageGet      RTX_CM3.lib(rt_cmsis.o)
    0x00005aec   0x00005aec   0x0000002c   Code   RO         2060    i.osSemaphoreCreate  RTX_CM3.lib(rt_cmsis.o)
    0x00005b18   0x00005b18   0x00000018   Code   RO         2062    i.osSemaphoreRelease  RTX_CM3.lib(rt_cmsis.o)
    0x00005b30   0x00005b30   0x00000018   Code   RO         2063    i.osSemaphoreWait   RTX_CM3.lib(rt_cmsis.o)
    0x00005b48   0x00005b48   0x00000018   Code   RO         2065    i.osSignalSet       RTX_CM3.lib(rt_cmsis.o)
    0x00005b60   0x00005b60   0x00000018   Code   RO         2066    i.osSignalWait      RTX_CM3.lib(rt_cmsis.o)
    0x00005b78   0x00005b78   0x0000002c   Code   RO         2067    i.osThreadCreate    RTX_CM3.lib(rt_cmsis.o)
    0x00005ba4   0x00005ba4   0x00000018   Code   RO         2068    i.osThreadExit      RTX_CM3.lib(rt_cmsis.o)
    0x00005bbc   0x00005bbc   0x0000000c   Code   RO         2074    i.osTimerCall       RTX_CM3.lib(rt_cmsis.o)
    0x00005bc8   0x00005bc8   0x0000002c   Code   RO         2079    i.osTimerThread     RTX_CM3.lib(rt_cmsis.o)
    0x00005bf4   0x00005bf4   0x00000002   Code   RO          493    i.os_error          rtx_conf_cm.o
    0x00005bf6   0x00005bf6   0x00000002   Code   RO          494    i.os_idle_demon     rtx_conf_cm.o
    0x00005bf8   0x00005bf8   0x00000028   Code   RO         3050    i.os_tick_init      RTX_CM3.lib(rt_system.o)
    0x00005c20   0x00005c20   0x00000002   Code   RO         3051    i.os_tick_irqack    RTX_CM3.lib(rt_system.o)
    0x00005c22   0x00005c22   0x0000001a   Code   RO         3404    i.rt_alloc_box      RTX_CM3.lib(rt_membox.o)
    0x00005c3c   0x00005c3c   0x0000003e   Code   RO         3432    i.rt_alloc_mem      RTX_CM3.lib(rt_memory.o)
    0x00005c7a   0x00005c7a   0x00000002   PAD
    0x00005c7c   0x00005c7c   0x00000038   Code   RO         2653    i.rt_block          RTX_CM3.lib(rt_task.o)
    0x00005cb4   0x00005cb4   0x00000048   Code   RO         3381    i.rt_chk_robin      RTX_CM3.lib(rt_robin.o)
    0x00005cfc   0x00005cfc   0x00000070   Code   RO         3182    i.rt_dec_dly        RTX_CM3.lib(rt_list.o)
    0x00005d6c   0x00005d6c   0x00000044   Code   RO         2654    i.rt_dispatch       RTX_CM3.lib(rt_task.o)
    0x00005db0   0x00005db0   0x00000006   Code   RO         3348    i.rt_dly_wait       RTX_CM3.lib(rt_time.o)
    0x00005db6   0x00005db6   0x00000002   PAD
    0x00005db8   0x00005db8   0x00000050   Code   RO         3143    i.rt_evt_psh        RTX_CM3.lib(rt_event.o)
    0x00005e08   0x00005e08   0x0000005c   Code   RO         3144    i.rt_evt_set        RTX_CM3.lib(rt_event.o)
    0x00005e64   0x00005e64   0x0000003c   Code   RO         3145    i.rt_evt_wait       RTX_CM3.lib(rt_event.o)
    0x00005ea0   0x00005ea0   0x0000002c   Code   RO         3405    i.rt_free_box       RTX_CM3.lib(rt_membox.o)
    0x00005ecc   0x00005ecc   0x00000028   Code   RO         3433    i.rt_free_mem       RTX_CM3.lib(rt_memory.o)
    0x00005ef4   0x00005ef4   0x00000028   Code   RO         3183    i.rt_get_first      RTX_CM3.lib(rt_list.o)
    0x00005f1c   0x00005f1c   0x00000008   Code   RO         2084    i.rt_id2obj         RTX_CM3.lib(rt_cmsis.o)
    0x00005f24   0x00005f24   0x00000048   Code   RO         2655    i.rt_init_context   RTX_CM3.lib(rt_task.o)
    0x00005f6c   0x00005f6c   0x0000001a   Code   RO         3434    i.rt_init_mem       RTX_CM3.lib(rt_memory.o)
    0x00005f86   0x00005f86   0x00000002   PAD
    0x00005f88   0x00005f88   0x00000018   Code   RO         3382    i.rt_init_robin     RTX_CM3.lib(rt_robin.o)
    0x00005fa0   0x00005fa0   0x00000080   Code   RO         3459    i.rt_init_stack     RTX_CM3.lib(hal_cm.o)
    0x00006020   0x00006020   0x00000008   Code   RO         3260    i.rt_mbx_check      RTX_CM3.lib(rt_mailbox.o)
    0x00006028   0x00006028   0x0000001a   Code   RO         3261    i.rt_mbx_init       RTX_CM3.lib(rt_mailbox.o)
    0x00006042   0x00006042   0x00000002   PAD
    0x00006044   0x00006044   0x000000f0   Code   RO         3262    i.rt_mbx_psh        RTX_CM3.lib(rt_mailbox.o)
    0x00006134   0x00006134   0x000000b4   Code   RO         3264    i.rt_mbx_wait       RTX_CM3.lib(rt_mailbox.o)
    0x000061e8   0x000061e8   0x00000044   Code   RO         2085    i.rt_ms2tick        RTX_CM3.lib(rt_cmsis.o)
    0x0000622c   0x0000622c   0x000000d8   Code   RO         2739    i.rt_mut_release    RTX_CM3.lib(rt_mutex.o)
    0x00006304   0x00006304   0x00000078   Code   RO         2740    i.rt_mut_wait       RTX_CM3.lib(rt_mutex.o)
    0x0000637c   0x0000637c   0x0000007c   Code   RO         3054    i.rt_pop_req        RTX_CM3.lib(rt_system.o)
    0x000063f8   0x000063f8   0x00000020   Code   RO         3055    i.rt_psh_req        RTX_CM3.lib(rt_system.o)
    0x00006418   0x00006418   0x0000005c   Code   RO         3185    i.rt_psq_enq        RTX_CM3.lib(rt_list.o)
    0x00006474   0x00006474   0x00000048   Code   RO         3186    i.rt_put_dly        RTX_CM3.lib(rt_list.o)
    0x000064bc   0x000064bc   0x00000036   Code   RO         3187    i.rt_put_prio       RTX_CM3.lib(rt_list.o)
    0x000064f2   0x000064f2   0x00000002   PAD
    0x000064f4   0x000064f4   0x00000014   Code   RO         3188    i.rt_put_rdy_first  RTX_CM3.lib(rt_list.o)
    0x00006508   0x00006508   0x00000034   Code   RO         3189    i.rt_resort_prio    RTX_CM3.lib(rt_list.o)
    0x0000653c   0x0000653c   0x00000006   Code   RO         3460    i.rt_ret_val        RTX_CM3.lib(hal_cm.o)
    0x00006542   0x00006542   0x00000008   Code   RO         3461    i.rt_ret_val2       RTX_CM3.lib(hal_cm.o)
    0x0000654a   0x0000654a   0x00000028   Code   RO         3190    i.rt_rmv_dly        RTX_CM3.lib(rt_list.o)
    0x00006572   0x00006572   0x00000002   PAD
    0x00006574   0x00006574   0x00000030   Code   RO         3191    i.rt_rmv_list       RTX_CM3.lib(rt_list.o)
    0x000065a4   0x000065a4   0x0000000c   Code   RO         3308    i.rt_sem_init       RTX_CM3.lib(rt_semaphore.o)
    0x000065b0   0x000065b0   0x00000034   Code   RO         3309    i.rt_sem_psh        RTX_CM3.lib(rt_semaphore.o)
    0x000065e4   0x000065e4   0x0000002a   Code   RO         3310    i.rt_sem_send       RTX_CM3.lib(rt_semaphore.o)
    0x0000660e   0x0000660e   0x00000002   PAD
    0x00006610   0x00006610   0x00000040   Code   RO         3311    i.rt_sem_wait       RTX_CM3.lib(rt_semaphore.o)
    0x00006650   0x00006650   0x00000024   Code   RO         3057    i.rt_stk_check      RTX_CM3.lib(rt_system.o)
    0x00006674   0x00006674   0x00000028   Code   RO         2656    i.rt_switch_req     RTX_CM3.lib(rt_task.o)
    0x0000669c   0x0000669c   0x000000cc   Code   RO         2657    i.rt_sys_init       RTX_CM3.lib(rt_task.o)
    0x00006768   0x00006768   0x00000078   Code   RO         2658    i.rt_sys_start      RTX_CM3.lib(rt_task.o)
    0x000067e0   0x000067e0   0x00000040   Code   RO         3059    i.rt_systick        RTX_CM3.lib(rt_system.o)
    0x00006820   0x00006820   0x00000012   Code   RO         2086    i.rt_tid2ptcb       RTX_CM3.lib(rt_cmsis.o)
    0x00006832   0x00006832   0x00000002   PAD
    0x00006834   0x00006834   0x00000034   Code   RO         2087    i.rt_timer_insert   RTX_CM3.lib(rt_cmsis.o)
    0x00006868   0x00006868   0x00000088   Code   RO         2659    i.rt_tsk_create     RTX_CM3.lib(rt_task.o)
    0x000068f0   0x000068f0   0x0000017c   Code   RO         2660    i.rt_tsk_delete     RTX_CM3.lib(rt_task.o)
    0x00006a6c   0x00006a6c   0x0000007c   Code   RO         2662    i.rt_tsk_prio       RTX_CM3.lib(rt_task.o)
    0x00006ae8   0x00006ae8   0x00000010   Code   RO         2663    i.rt_tsk_self       RTX_CM3.lib(rt_task.o)
    0x00006af8   0x00006af8   0x00000080   Code   RO           13    i.send0             virtualcom.o
    0x00006b78   0x00006b78   0x00000012   Code   RO         2089    i.svcDelay          RTX_CM3.lib(rt_cmsis.o)
    0x00006b8a   0x00006b8a   0x00000002   PAD
    0x00006b8c   0x00006b8c   0x00000070   Code   RO         2090    i.svcKernelInitialize  RTX_CM3.lib(rt_cmsis.o)
    0x00006bfc   0x00006bfc   0x00000048   Code   RO         2092    i.svcKernelStart    RTX_CM3.lib(rt_cmsis.o)
    0x00006c44   0x00006c44   0x00000024   Code   RO         2095    i.svcMessageCreate  RTX_CM3.lib(rt_cmsis.o)
    0x00006c68   0x00006c68   0x0000003a   Code   RO         2096    i.svcMessageGet     RTX_CM3.lib(rt_cmsis.o)
    0x00006ca2   0x00006ca2   0x00000024   Code   RO         2103    i.svcSemaphoreCreate  RTX_CM3.lib(rt_cmsis.o)
    0x00006cc6   0x00006cc6   0x00000028   Code   RO         2105    i.svcSemaphoreRelease  RTX_CM3.lib(rt_cmsis.o)
    0x00006cee   0x00006cee   0x00000032   Code   RO         2106    i.svcSemaphoreWait  RTX_CM3.lib(rt_cmsis.o)
    0x00006d20   0x00006d20   0x00000024   Code   RO         2108    i.svcSignalSet      RTX_CM3.lib(rt_cmsis.o)
    0x00006d44   0x00006d44   0x00000054   Code   RO         2109    i.svcSignalWait     RTX_CM3.lib(rt_cmsis.o)
    0x00006d98   0x00006d98   0x0000006c   Code   RO         2110    i.svcThreadCreate   RTX_CM3.lib(rt_cmsis.o)
    0x00006e04   0x00006e04   0x0000001c   Code   RO         2111    i.svcThreadGetId    RTX_CM3.lib(rt_cmsis.o)
    0x00006e20   0x00006e20   0x00000038   Code   RO         2114    i.svcThreadTerminate  RTX_CM3.lib(rt_cmsis.o)
    0x00006e58   0x00006e58   0x00000018   Code   RO         2116    i.svcTimerCall      RTX_CM3.lib(rt_cmsis.o)
    0x00006e70   0x00006e70   0x0000005c   Code   RO         2125    i.sysTimerTick      RTX_CM3.lib(rt_cmsis.o)
    0x00006ecc   0x00006ecc   0x00000010   Data   RO           15    .constdata          virtualcom.o
    0x00006edc   0x00006edc   0x00000010   Data   RO          170    .constdata          usbd_user_cdc_acm_uart_0.o
    0x00006eec   0x00006eec   0x00000002   Data   RO          502    .constdata          rtx_conf_cm.o
    0x00006eee   0x00006eee   0x00000002   PAD
    0x00006ef0   0x00006ef0   0x00000004   Data   RO          503    .constdata          rtx_conf_cm.o
    0x00006ef4   0x00006ef4   0x00000004   Data   RO          504    .constdata          rtx_conf_cm.o
    0x00006ef8   0x00006ef8   0x00000004   Data   RO          508    .constdata          rtx_conf_cm.o
    0x00006efc   0x00006efc   0x00000001   Data   RO          509    .constdata          rtx_conf_cm.o
    0x00006efd   0x00006efd   0x00000003   PAD
    0x00006f00   0x00006f00   0x00000010   Data   RO          510    .constdata          rtx_conf_cm.o
    0x00006f10   0x00006f10   0x00000002   Data   RO          511    .constdata          rtx_conf_cm.o
    0x00006f12   0x00006f12   0x00000002   PAD
    0x00006f14   0x00006f14   0x00000004   Data   RO          512    .constdata          rtx_conf_cm.o
    0x00006f18   0x00006f18   0x00000004   Data   RO          513    .constdata          rtx_conf_cm.o
    0x00006f1c   0x00006f1c   0x00000001   Data   RO          514    .constdata          rtx_conf_cm.o
    0x00006f1d   0x00006f1d   0x00000003   PAD
    0x00006f20   0x00006f20   0x00000010   Data   RO          515    .constdata          rtx_conf_cm.o
    0x00006f30   0x00006f30   0x00000008   Data   RO          516    .constdata          rtx_conf_cm.o
    0x00006f38   0x00006f38   0x00000002   Data   RO          517    .constdata          rtx_conf_cm.o
    0x00006f3a   0x00006f3a   0x00000002   PAD
    0x00006f3c   0x00006f3c   0x00000010   Data   RO          518    .constdata          rtx_conf_cm.o
    0x00006f4c   0x00006f4c   0x00000050   Data   RO          649    .constdata          ssp_lpc17xx.o
    0x00006f9c   0x00006f9c   0x00000188   Data   RO          832    .constdata          uart_lpc17xx.o
    0x00007124   0x00007124   0x00000008   Data   RO          833    .constdata          uart_lpc17xx.o
    0x0000712c   0x0000712c   0x00000008   Data   RO          834    .constdata          uart_lpc17xx.o
    0x00007134   0x00007134   0x00000038   Data   RO          835    .constdata          uart_lpc17xx.o
    0x0000716c   0x0000716c   0x00000008   Data   RO         1016    .constdata          usbd_lpc17xx.o
    0x00007174   0x00007174   0x00000048   Data   RO         1017    .constdata          usbd_lpc17xx.o
    0x000071bc   0x000071bc   0x0000001c   Data   RO         1476    .constdata          usbd_config_0.o
    0x000071d8   0x000071d8   0x00000010   Data   RO         1477    .constdata          usbd_config_0.o
    0x000071e8   0x000071e8   0x00000001   Data   RO         1478    .constdata          usbd_config_0.o
    0x000071e9   0x000071e9   0x00000003   PAD
    0x000071ec   0x000071ec   0x00000004   Data   RO         1479    .constdata          usbd_config_0.o
    0x000071f0   0x000071f0   0x00000001   Data   RO         1480    .constdata          usbd_config_0.o
    0x000071f1   0x000071f1   0x00000003   PAD
    0x000071f4   0x000071f4   0x00000048   Data   RO         1481    .constdata          usbd_config_0.o
    0x0000723c   0x0000723c   0x0000002c   Data   RO         1482    .constdata          usbd_config_0.o
    0x00007268   0x00007268   0x00000010   Data   RO         1483    .constdata          usbd_config_0.o
    0x00007278   0x00007278   0x00000010   Data   RO         1484    .constdata          usbd_config_0.o
    0x00007288   0x00007288   0x00000004   Data   RO         1485    .constdata          usbd_config_0.o
    0x0000728c   0x0000728c   0x00000004   Data   RO         1486    .constdata          usbd_config_0.o
    0x00007290   0x00007290   0x00000004   Data   RO         1487    .constdata          usbd_config_0.o
    0x00007294   0x00007294   0x00000004   Data   RO         1488    .constdata          usbd_config_0.o
    0x00007298   0x00007298   0x00000004   Data   RO         1489    .constdata          usbd_config_0.o
    0x0000729c   0x0000729c   0x00000004   Data   RO         1490    .constdata          usbd_config_0.o
    0x000072a0   0x000072a0   0x00000004   Data   RO         1491    .constdata          usbd_config_0.o
    0x000072a4   0x000072a4   0x00000001   Data   RO         1492    .constdata          usbd_config_0.o
    0x000072a5   0x000072a5   0x00000003   PAD
    0x000072a8   0x000072a8   0x00000004   Data   RO         1493    .constdata          usbd_config_0.o
    0x000072ac   0x000072ac   0x00000004   Data   RO         1494    .constdata          usbd_config_0.o
    0x000072b0   0x000072b0   0x00000004   Data   RO         1495    .constdata          usbd_config_0.o
    0x000072b4   0x000072b4   0x00000004   Data   RO         1497    .constdata          usbd_config_0.o
    0x000072b8   0x000072b8   0x00000004   Data   RO         1498    .constdata          usbd_config_0.o
    0x000072bc   0x000072bc   0x00000004   Data   RO         1499    .constdata          usbd_config_0.o
    0x000072c0   0x000072c0   0x00000004   Data   RO         1500    .constdata          usbd_config_0.o
    0x000072c4   0x000072c4   0x00000004   Data   RO         1501    .constdata          usbd_config_0.o
    0x000072c8   0x000072c8   0x00000004   Data   RO         1502    .constdata          usbd_config_0.o
    0x000072cc   0x000072cc   0x00000004   Data   RO         1503    .constdata          usbd_config_0.o
    0x000072d0   0x000072d0   0x00000004   Data   RO         1505    .constdata          usbd_config_0.o
    0x000072d4   0x000072d4   0x00000004   Data   RO         1506    .constdata          usbd_config_0.o
    0x000072d8   0x000072d8   0x00000004   Data   RO         1507    .constdata          usbd_config_0.o
    0x000072dc   0x000072dc   0x00000004   Data   RO         1508    .constdata          usbd_config_0.o
    0x000072e0   0x000072e0   0x00000004   Data   RO         1509    .constdata          usbd_config_0.o
    0x000072e4   0x000072e4   0x00000004   Data   RO         1510    .constdata          usbd_config_0.o
    0x000072e8   0x000072e8   0x00000004   Data   RO         1511    .constdata          usbd_config_0.o
    0x000072ec   0x000072ec   0x00000004   Data   RO         1512    .constdata          usbd_config_0.o
    0x000072f0   0x000072f0   0x00000004   Data   RO         1513    .constdata          usbd_config_0.o
    0x000072f4   0x000072f4   0x00000004   Data   RO         1514    .constdata          usbd_config_0.o
    0x000072f8   0x000072f8   0x00000004   Data   RO         1515    .constdata          usbd_config_0.o
    0x000072fc   0x000072fc   0x00000004   Data   RO         1516    .constdata          usbd_config_0.o
    0x00007300   0x00007300   0x00000004   Data   RO         1517    .constdata          usbd_config_0.o
    0x00007304   0x00007304   0x00000004   Data   RO         1518    .constdata          usbd_config_0.o
    0x00007308   0x00007308   0x00000004   Data   RO         1519    .constdata          usbd_config_0.o
    0x0000730c   0x0000730c   0x00000004   Data   RO         1520    .constdata          usbd_config_0.o
    0x00007310   0x00007310   0x00000004   Data   RO         1521    .constdata          usbd_config_0.o
    0x00007314   0x00007314   0x00000004   Data   RO         1522    .constdata          usbd_config_0.o
    0x00007318   0x00007318   0x00000004   Data   RO         1523    .constdata          usbd_config_0.o
    0x0000731c   0x0000731c   0x00000004   Data   RO         1524    .constdata          usbd_config_0.o
    0x00007320   0x00007320   0x00000004   Data   RO         1525    .constdata          usbd_config_0.o
    0x00007324   0x00007324   0x00000004   Data   RO         1526    .constdata          usbd_config_0.o
    0x00007328   0x00007328   0x00000004   Data   RO         1528    .constdata          usbd_config_0.o
    0x0000732c   0x0000732c   0x00000004   Data   RO         1529    .constdata          usbd_config_0.o
    0x00007330   0x00007330   0x00000004   Data   RO         1530    .constdata          usbd_config_0.o
    0x00007334   0x00007334   0x00000004   Data   RO         1531    .constdata          usbd_config_0.o
    0x00007338   0x00007338   0x00000004   Data   RO         1532    .constdata          usbd_config_0.o
    0x0000733c   0x0000733c   0x00000004   Data   RO         1533    .constdata          usbd_config_0.o
    0x00007340   0x00007340   0x00000004   Data   RO         1534    .constdata          usbd_config_0.o
    0x00007344   0x00007344   0x00000004   Data   RO         1535    .constdata          usbd_config_0.o
    0x00007348   0x00007348   0x00000004   Data   RO         1536    .constdata          usbd_config_0.o
    0x0000734c   0x0000734c   0x00000004   Data   RO         1537    .constdata          usbd_config_0.o
    0x00007350   0x00007350   0x00000004   Data   RO         1538    .constdata          usbd_config_0.o
    0x00007354   0x00007354   0x00000004   Data   RO         1539    .constdata          usbd_config_0.o
    0x00007358   0x00007358   0x00000007   Data   RO         1540    .constdata          usbd_config_0.o
    0x0000735f   0x0000735f   0x00000001   PAD
    0x00007360   0x00007360   0x00000012   Data   RO         1541    .constdata          usbd_config_0.o
    0x00007372   0x00007372   0x00000002   PAD
    0x00007374   0x00007374   0x00000044   Data   RO         1542    .constdata          usbd_config_0.o
    0x000073b8   0x000073b8   0x00000001   Data   RO         1543    .constdata          usbd_config_0.o
    0x000073b9   0x000073b9   0x00000001   Data   RO         1544    .constdata          usbd_config_0.o
    0x000073ba   0x000073ba   0x00000001   Data   RO         1545    .constdata          usbd_config_0.o
    0x000073bb   0x000073bb   0x00000001   Data   RO         1546    .constdata          usbd_config_0.o
    0x000073bc   0x000073bc   0x00000001   Data   RO         1547    .constdata          usbd_config_0.o
    0x000073bd   0x000073bd   0x00000003   PAD
    0x000073c0   0x000073c0   0x00000087   Data   RO         1548    .constdata          usbd_config_0.o
    0x00007447   0x00007447   0x00000001   PAD
    0x00007448   0x00007448   0x00000020   Data   RO         3746    Region$$Table       anon$$obj.o
    0x00007468   0x00007468   0x00000004   Data   RO         3517    __MW_USB_LIB_VERSION_6.12.4  USB_CM3_L.lib(usb_lib_ver.o)


    Execution Region RW_IRAM1 (Exec base: 0x10000000, Load base: 0x0000746c, Size: 0x00003650, Max: 0x00008000, ABSOLUTE, COMPRESSED[0x00000040])

    Exec Addr    Load Addr    Size         Type   Attr      Idx    E Section Name        Object

    0x10000000   COMPRESSED   0x00000018   Data   RW           16    .data               virtualcom.o
    0x10000018   COMPRESSED   0x00000013   Data   RW          171    .data               usbd_user_cdc_acm_uart_0.o
    0x1000002b   COMPRESSED   0x00000001   PAD
    0x1000002c   COMPRESSED   0x00000004   Data   RW          520    .data               rtx_conf_cm.o
    0x10000030   COMPRESSED   0x00000004   Data   RW          521    .data               rtx_conf_cm.o
    0x10000034   COMPRESSED   0x00000004   Data   RW          522    .data               rtx_conf_cm.o
    0x10000038   COMPRESSED   0x00000002   Data   RW          578    .data               otg_lpc17xx.o
    0x1000003a   COMPRESSED   0x00000001   Data   RW          579    .data               otg_lpc17xx.o
    0x1000003b   COMPRESSED   0x00000002   Data   RW          651    .data               ssp_lpc17xx.o
    0x1000003d   COMPRESSED   0x00000002   Data   RW          652    .data               ssp_lpc17xx.o
    0x1000003f   COMPRESSED   0x00000002   Data   RW          653    .data               ssp_lpc17xx.o
    0x10000041   COMPRESSED   0x00000002   Data   RW          654    .data               ssp_lpc17xx.o
    0x10000043   COMPRESSED   0x00000001   PAD
    0x10000044   COMPRESSED   0x0000001c   Data   RW         1018    .data               usbd_lpc17xx.o
    0x10000060   COMPRESSED   0x00000008   Data   RW         1172    .data               gpdma_lpc17xx.o
    0x10000068   COMPRESSED   0x00000004   Data   RW         1351    .data               system_lpc17xx.o
    0x1000006c   COMPRESSED   0x00000008   Data   RW         1549    .data               usbd_config_0.o
    0x10000074   COMPRESSED   0x00000008   Data   RW         1550    .data               usbd_config_0.o
    0x1000007c   COMPRESSED   0x00000008   Data   RW         1551    .data               usbd_config_0.o
    0x10000084   COMPRESSED   0x00000008   Data   RW         1552    .data               usbd_config_0.o
    0x1000008c   COMPRESSED   0x00000008   Data   RW         1553    .data               usbd_config_0.o
    0x10000094   COMPRESSED   0x00000008   Data   RW         1554    .data               usbd_config_0.o
    0x1000009c   COMPRESSED   0x00000008   Data   RW         1555    .data               usbd_config_0.o
    0x100000a4   COMPRESSED   0x0000000c   Data   RW         1556    .data               usbd_config_0.o
    0x100000b0   COMPRESSED   0x00000030   Data   RW         1557    .data               usbd_config_0.o
    0x100000e0   COMPRESSED   0x00000004   Data   RW         1558    .data               usbd_config_0.o
    0x100000e4   COMPRESSED   0x00000002   Data   RW         1559    .data               usbd_config_0.o
    0x100000e6   COMPRESSED   0x00000002   PAD
    0x100000e8   COMPRESSED   0x00000004   Data   RW         1560    .data               usbd_config_0.o
    0x100000ec   COMPRESSED   0x00000004   Data   RW         1561    .data               usbd_config_0.o
    0x100000f0   COMPRESSED   0x00000004   Data   RW         1562    .data               usbd_config_0.o
    0x100000f4   COMPRESSED   0x00000004   Data   RW         1563    .data               usbd_config_0.o
    0x100000f8   COMPRESSED   0x00000004   Data   RW         1564    .data               usbd_config_0.o
    0x100000fc   COMPRESSED   0x00000004   Data   RW         1565    .data               usbd_config_0.o
    0x10000100   COMPRESSED   0x00000008   Data   RW         2128    .data               RTX_CM3.lib(rt_cmsis.o)
    0x10000108   COMPRESSED   0x00000008   Data   RW         2665    .data               RTX_CM3.lib(rt_task.o)
    0x10000110   COMPRESSED   0x00000010   Data   RW         2809    .data               USB_CM3_L.lib(usbd_lib_core.o)
    0x10000120   COMPRESSED   0x00000017   Data   RW         2975    .data               USB_CM3_L.lib(usbd_lib_cdc.o)
    0x10000137   COMPRESSED   0x00000001   PAD
    0x10000138   COMPRESSED   0x00000008   Data   RW         3062    .data               RTX_CM3.lib(rt_system.o)
    0x10000140   COMPRESSED   0x00000004   Data   RW         3352    .data               RTX_CM3.lib(rt_time.o)
    0x10000144   COMPRESSED   0x00000008   Data   RW         3383    .data               RTX_CM3.lib(rt_robin.o)
    0x1000014c   COMPRESSED   0x00000001   Data   RW         3462    .data               RTX_CM3.lib(hal_cm.o)
    0x1000014d   COMPRESSED   0x00000003   PAD
    0x10000150        -       0x00000642   Zero   RW           14    .bss                virtualcom.o
    0x10000792        -       0x00000400   Zero   RW          169    .bss                usbd_user_cdc_acm_uart_0.o
    0x10000b92   COMPRESSED   0x00000002   PAD
    0x10000b94        -       0x00000020   Zero   RW          495    .bss                rtx_conf_cm.o
    0x10000bb4        -       0x000001e0   Zero   RW          496    .bss                rtx_conf_cm.o
    0x10000d94   COMPRESSED   0x00000004   PAD
    0x10000d98        -       0x00000510   Zero   RW          497    .bss                rtx_conf_cm.o
    0x100012a8        -       0x00000b00   Zero   RW          498    .bss                rtx_conf_cm.o
    0x10001da8        -       0x00000084   Zero   RW          499    .bss                rtx_conf_cm.o
    0x10001e2c        -       0x00000024   Zero   RW          500    .bss                rtx_conf_cm.o
    0x10001e50        -       0x0000000c   Zero   RW          647    .bss                ssp_lpc17xx.o
    0x10001e5c        -       0x0000001c   Zero   RW          648    .bss                ssp_lpc17xx.o
    0x10001e78        -       0x00000034   Zero   RW          831    .bss                uart_lpc17xx.o
    0x10001eac        -       0x00000280   Zero   RW         1015    .bss                usbd_lpc17xx.o
    0x1000212c        -       0x000000a0   Zero   RW         1171    .bss                gpdma_lpc17xx.o
    0x100021cc        -       0x00000040   Zero   RW         1466    .bss                usbd_config_0.o
    0x1000220c        -       0x000000b0   Zero   RW         1467    .bss                usbd_config_0.o
    0x100022bc        -       0x00000018   Zero   RW         1468    .bss                usbd_config_0.o
    0x100022d4        -       0x00000400   Zero   RW         1469    .bss                usbd_config_0.o
    0x100026d4        -       0x00000800   Zero   RW         1470    .bss                usbd_config_0.o
    0x10002ed4        -       0x0000000a   Zero   RW         1471    .bss                usbd_config_0.o
    0x10002ede   COMPRESSED   0x00000002   PAD
    0x10002ee0        -       0x00000200   Zero   RW         1472    .bss                usbd_config_0.o
    0x100030e0        -       0x00000200   Zero   RW         1473    .bss                usbd_config_0.o
    0x100032e0        -       0x00000084   Zero   RW         1474    .bss                usbd_config_0.o
    0x10003364        -       0x00000022   Zero   RW         1475    .bss                usbd_config_0.o
    0x10003386   COMPRESSED   0x00000002   PAD
    0x10003388        -       0x00000034   Zero   RW         2664    .bss                RTX_CM3.lib(rt_task.o)
    0x100033bc        -       0x00000030   Zero   RW         3192    .bss                RTX_CM3.lib(rt_list.o)
    0x100033ec        -       0x00000060   Zero   RW         3569    .bss                c_w.l(libspace.o)
    0x1000344c   COMPRESSED   0x00000004   PAD
    0x10003450        -       0x00000000   Zero   RW         1337    HEAP                startup_lpc17xx.o
    0x10003450        -       0x00000200   Zero   RW         1336    STACK               startup_lpc17xx.o


==============================================================================

Image component sizes


      Code (inc. data)   RO Data    RW Data    ZI Data      Debug   Object Name

         0          0          0          0          0       4472   glcd_mcb1700.o
       862         78          0          8        160       8210   gpdma_lpc17xx.o
       304          8          0          3          0       2020   otg_lpc17xx.o
       104          4          0          0          0        864   pin_lpc17xx.o
        92         26         84         12       4792       9219   rtx_conf_cm.o
       284         18         80          8         40      39737   ssp_lpc17xx.o
        64         26        204          0        512       1068   startup_lpc17xx.o
       212         12          0          4          0        903   system_lpc17xx.o
      4416        142        464          0         52      30111   uart_lpc17xx.o
       634         36        636        146       4536      61589   usbd_config_0.o
      3310        324         80         28        640      22911   usbd_lpc17xx.o
       564         80         16         19       1024      12820   usbd_user_cdc_acm_uart_0.o
       530         68         16         24       1602      75158   virtualcom.o

    ----------------------------------------------------------------------
     11386        822       1640        256      13368     269082   Object Totals
         0          0         32          0          0          0   (incl. Generated)
        10          0         28          4         10          0   (incl. Padding)

    ----------------------------------------------------------------------

      Code (inc. data)   RO Data    RW Data    ZI Data      Debug   Library Member Name

       238         24          0          1          0       3312   hal_cm.o
       304         36          0          0          0        768   hal_cm3.o
      1614        178          0          8          0      40761   rt_cmsis.o
       272         18          0          0          0       2650   rt_event.o
       530         34          0          0         48       8253   rt_list.o
       554         10          0          0          0       3949   rt_mailbox.o
       140          0          0          0          0       1925   rt_membox.o
       128          0          0          0          0       2307   rt_memory.o
       336         14          0          0          0       1643   rt_mutex.o
        96         22          0          8          0       1158   rt_robin.o
       186         10          0          0          0       2902   rt_semaphore.o
       298         52          0          8          0       6223   rt_system.o
      1216        174          0          8         52       9649   rt_task.o
         6          0          0          4          0        652   rt_time.o
         4          4          0          0          0        208   svc_table.o
         0          0          4          0          0          0   usb_lib_ver.o
      2940        276          0         23          0       3104   usbd_lib_cdc.o
      3906        240          0         16          0       1664   usbd_lib_core.o
      1048         42          0          0          0        200   usbd_lib_core_cdc.o
       276         54          0          0          0        324   usbd_lib_core_device.o
      1720        146          0          0          0       1276   usbd_lib_drv.o
        58          0          0          0          0          0   __dczerorl.o
         8          0          0          0          0         68   __main.o
         0          0          0          0          0          0   __rtentry.o
        20          0          0          0          0          0   __rtentry2.o
         6          0          0          0          0          0   __rtentry4.o
        52          8          0          0          0          0   __scatter.o
        28          0          0          0          0          0   __scatter_zi.o
        18          0          0          0          0         80   exit.o
         6          0          0          0          0        152   heapauxi.o
         0          0          0          0          0          0   indicate_semi.o
         2          0          0          0          0          0   libinit.o
         2          0          0          0          0          0   libinit2.o
         2          0          0          0          0          0   libshutdown.o
         2          0          0          0          0          0   libshutdown2.o
         8          4          0          0         96         68   libspace.o
       238          0          0          0          0        100   lludivv7m.o
        68          0          0          0          0         68   rt_memclr.o
        78          0          0          0          0         80   rt_memclr_w.o
       138          0          0          0          0         68   rt_memcpy_v6.o
       100          0          0          0          0         80   rt_memcpy_w.o
         2          0          0          0          0          0   rtexit.o
        10          0          0          0          0          0   rtexit2.o
        12          4          0          0          0         68   sys_exit.o
        74          0          0          0          0         80   sys_stackheap_outer.o
         2          0          0          0          0         68   use_no_semi.o

    ----------------------------------------------------------------------
     16774       1350          4         80        200      93908   Library Totals
        28          0          0          4          4          0   (incl. Padding)

    ----------------------------------------------------------------------

      Code (inc. data)   RO Data    RW Data    ZI Data      Debug   Library Name

      5922        576          0         37        100      86360   RTX_CM3.lib
      9890        758          4         39          0       6568   USB_CM3_L.lib
       934         16          0          0         96        980   c_w.l

    ----------------------------------------------------------------------
     16774       1350          4         80        200      93908   Library Totals

    ----------------------------------------------------------------------

==============================================================================


      Code (inc. data)   RO Data    RW Data    ZI Data      Debug   

     28160       2172       1644        336      13568     345202   Grand Totals
     28160       2172       1644         64      13568     345202   ELF Image Totals (compressed)
     28160       2172       1644         64          0          0   ROM Totals

==============================================================================

    Total RO  Size (Code + RO Data)                29804 (  29.11kB)
    Total RW  Size (RW Data + ZI Data)             13904 (  13.58kB)
    Total ROM Size (Code + RO Data + RW Data)      29868 (  29.17kB)

==============================================================================

