<!doctype html public "-//w3c//dtd html 4.0 transitional//en">
<html><head>
<title>Static Call Graph - [.\Output\VirtualCOM.axf]</title></head>
<body><HR>
<H1>Static Call Graph for image .\Output\VirtualCOM.axf</H1><HR>
<BR><P>#&#060CALLGRAPH&#062# ARM Linker, 5060750: Last Updated: Thu Mar 28 00:35:41 2019
<BR><P>
<H3>Maximum Stack Usage =        272 bytes + Unknown(Functions without stacksize, Cycles, Untraceable Function Pointers)</H3><H3>
Call chain for Maximum Stack Depth:</H3>
USBD0_Core_Thread &rArr; USBD_Core_Thread &rArr; USBD_Core &rArr; USBD_Endpoint0 &rArr; USBD_Endpoint0_Setup_CDC_ReqToIF &rArr; USBD_DataInStage &rArr; USBD_DriverEndpointTransfer &rArr; USBD_DriverEndpointTransferAbort &rArr; USBD_SemaphoreRelease &rArr; osSemaphoreRelease &rArr; isrSemaphoreRelease &rArr; isr_sem_send &rArr; rt_psq_enq
<P>
<H3>
Functions with no stack information
</H3><UL>
 <LI><a href="#[be]">__user_initial_stackheap</a>
</UL>
</UL>
<P>
<H3>
Mutually Recursive functions
</H3> <LI><a href="#[16b]">os_error</a>&nbsp;&nbsp;&nbsp;&rArr;&nbsp;&nbsp;&nbsp;<a href="#[16b]">os_error</a><BR>
 <LI><a href="#[31]">rt_alloc_box</a>&nbsp;&nbsp;&nbsp;&rArr;&nbsp;&nbsp;&nbsp;<a href="#[31]">rt_alloc_box</a><BR>
 <LI><a href="#[5]">NMI_Handler</a>&nbsp;&nbsp;&nbsp;&rArr;&nbsp;&nbsp;&nbsp;<a href="#[5]">NMI_Handler</a><BR>
 <LI><a href="#[6]">HardFault_Handler</a>&nbsp;&nbsp;&nbsp;&rArr;&nbsp;&nbsp;&nbsp;<a href="#[6]">HardFault_Handler</a><BR>
 <LI><a href="#[7]">MemManage_Handler</a>&nbsp;&nbsp;&nbsp;&rArr;&nbsp;&nbsp;&nbsp;<a href="#[7]">MemManage_Handler</a><BR>
 <LI><a href="#[8]">BusFault_Handler</a>&nbsp;&nbsp;&nbsp;&rArr;&nbsp;&nbsp;&nbsp;<a href="#[8]">BusFault_Handler</a><BR>
 <LI><a href="#[9]">UsageFault_Handler</a>&nbsp;&nbsp;&nbsp;&rArr;&nbsp;&nbsp;&nbsp;<a href="#[9]">UsageFault_Handler</a><BR>
 <LI><a href="#[b]">DebugMon_Handler</a>&nbsp;&nbsp;&nbsp;&rArr;&nbsp;&nbsp;&nbsp;<a href="#[b]">DebugMon_Handler</a><BR>
 <LI><a href="#[25]">BOD_IRQHandler</a>&nbsp;&nbsp;&nbsp;&rArr;&nbsp;&nbsp;&nbsp;<a href="#[25]">BOD_IRQHandler</a><BR>
 <LI><a href="#[45]">os_idle_demon</a>&nbsp;&nbsp;&nbsp;&rArr;&nbsp;&nbsp;&nbsp;<a href="#[45]">os_idle_demon</a><BR>
 <LI><a href="#[d5]">USART_Send</a>&nbsp;&nbsp;&nbsp;&rArr;&nbsp;&nbsp;&nbsp;<a href="#[d4]">USART_Receive</a><BR>
</UL>
<P>
<H3>
Function Pointers
</H3><UL>
 <LI><a href="#[24]">ADC_IRQHandler</a> from virtualcom.o(i.ADC_IRQHandler) referenced from startup_lpc17xx.o(RESET)
 <LI><a href="#[25]">BOD_IRQHandler</a> from startup_lpc17xx.o(.text) referenced from startup_lpc17xx.o(RESET)
 <LI><a href="#[8]">BusFault_Handler</a> from startup_lpc17xx.o(.text) referenced from startup_lpc17xx.o(RESET)
 <LI><a href="#[30]">CANActivity_IRQHandler</a> from startup_lpc17xx.o(.text) referenced from startup_lpc17xx.o(RESET)
 <LI><a href="#[27]">CAN_IRQHandler</a> from startup_lpc17xx.o(.text) referenced from startup_lpc17xx.o(RESET)
 <LI><a href="#[48]">CDC0_ACM_UART_to_USB_Thread</a> from usbd_user_cdc_acm_uart_0.o(i.CDC0_ACM_UART_to_USB_Thread) referenced from usbd_user_cdc_acm_uart_0.o(.constdata)
 <LI><a href="#[47]">CDC0_ACM_UART_to_USB_Threadm</a> from virtualcom.o(i.CDC0_ACM_UART_to_USB_Threadm) referenced from virtualcom.o(.constdata)
 <LI><a href="#[28]">DMA_IRQHandler</a> from gpdma_lpc17xx.o(i.DMA_IRQHandler) referenced from startup_lpc17xx.o(RESET)
 <LI><a href="#[b]">DebugMon_Handler</a> from startup_lpc17xx.o(.text) referenced from startup_lpc17xx.o(RESET)
 <LI><a href="#[20]">EINT0_IRQHandler</a> from startup_lpc17xx.o(.text) referenced from startup_lpc17xx.o(RESET)
 <LI><a href="#[21]">EINT1_IRQHandler</a> from startup_lpc17xx.o(.text) referenced from startup_lpc17xx.o(RESET)
 <LI><a href="#[22]">EINT2_IRQHandler</a> from startup_lpc17xx.o(.text) referenced from startup_lpc17xx.o(RESET)
 <LI><a href="#[23]">EINT3_IRQHandler</a> from startup_lpc17xx.o(.text) referenced from startup_lpc17xx.o(RESET)
 <LI><a href="#[2a]">ENET_IRQHandler</a> from startup_lpc17xx.o(.text) referenced from startup_lpc17xx.o(RESET)
 <LI><a href="#[6]">HardFault_Handler</a> from startup_lpc17xx.o(.text) referenced from startup_lpc17xx.o(RESET)
 <LI><a href="#[18]">I2C0_IRQHandler</a> from startup_lpc17xx.o(.text) referenced from startup_lpc17xx.o(RESET)
 <LI><a href="#[19]">I2C1_IRQHandler</a> from startup_lpc17xx.o(.text) referenced from startup_lpc17xx.o(RESET)
 <LI><a href="#[1a]">I2C2_IRQHandler</a> from startup_lpc17xx.o(.text) referenced from startup_lpc17xx.o(RESET)
 <LI><a href="#[29]">I2S_IRQHandler</a> from startup_lpc17xx.o(.text) referenced from startup_lpc17xx.o(RESET)
 <LI><a href="#[2c]">MCPWM_IRQHandler</a> from startup_lpc17xx.o(.text) referenced from startup_lpc17xx.o(RESET)
 <LI><a href="#[7]">MemManage_Handler</a> from startup_lpc17xx.o(.text) referenced from startup_lpc17xx.o(RESET)
 <LI><a href="#[5]">NMI_Handler</a> from startup_lpc17xx.o(.text) referenced from startup_lpc17xx.o(RESET)
 <LI><a href="#[1e]">PLL0_IRQHandler</a> from startup_lpc17xx.o(.text) referenced from startup_lpc17xx.o(RESET)
 <LI><a href="#[2e]">PLL1_IRQHandler</a> from startup_lpc17xx.o(.text) referenced from startup_lpc17xx.o(RESET)
 <LI><a href="#[17]">PWM1_IRQHandler</a> from startup_lpc17xx.o(.text) referenced from startup_lpc17xx.o(RESET)
 <LI><a href="#[c]">PendSV_Handler</a> from hal_cm3.o(.emb_text) referenced from startup_lpc17xx.o(RESET)
 <LI><a href="#[2d]">QEI_IRQHandler</a> from startup_lpc17xx.o(.text) referenced from startup_lpc17xx.o(RESET)
 <LI><a href="#[2b]">RIT_IRQHandler</a> from startup_lpc17xx.o(.text) referenced from startup_lpc17xx.o(RESET)
 <LI><a href="#[1f]">RTC_IRQHandler</a> from startup_lpc17xx.o(.text) referenced from startup_lpc17xx.o(RESET)
 <LI><a href="#[4]">Reset_Handler</a> from startup_lpc17xx.o(.text) referenced from startup_lpc17xx.o(RESET)
 <LI><a href="#[1b]">SPI_IRQHandler</a> from startup_lpc17xx.o(.text) referenced from startup_lpc17xx.o(RESET)
 <LI><a href="#[1c]">SSP0_IRQHandler</a> from startup_lpc17xx.o(.text) referenced from startup_lpc17xx.o(RESET)
 <LI><a href="#[4c]">SSP1_GPDMA_Rx_SignalEvent</a> from ssp_lpc17xx.o(i.SSP1_GPDMA_Rx_SignalEvent) referenced from ssp_lpc17xx.o(.constdata)
 <LI><a href="#[4b]">SSP1_GPDMA_Tx_SignalEvent</a> from ssp_lpc17xx.o(i.SSP1_GPDMA_Tx_SignalEvent) referenced from ssp_lpc17xx.o(.constdata)
 <LI><a href="#[1d]">SSP1_IRQHandler</a> from ssp_lpc17xx.o(i.SSP1_IRQHandler) referenced from startup_lpc17xx.o(RESET)
 <LI><a href="#[a]">SVC_Handler</a> from hal_cm3.o(.emb_text) referenced from startup_lpc17xx.o(RESET)
 <LI><a href="#[d]">SysTick_Handler</a> from hal_cm3.o(.emb_text) referenced from startup_lpc17xx.o(RESET)
 <LI><a href="#[33]">SystemInit</a> from system_lpc17xx.o(i.SystemInit) referenced from startup_lpc17xx.o(.text)
 <LI><a href="#[f]">TIMER0_IRQHandler</a> from virtualcom.o(i.TIMER0_IRQHandler) referenced from startup_lpc17xx.o(RESET)
 <LI><a href="#[10]">TIMER1_IRQHandler</a> from startup_lpc17xx.o(.text) referenced from startup_lpc17xx.o(RESET)
 <LI><a href="#[11]">TIMER2_IRQHandler</a> from startup_lpc17xx.o(.text) referenced from startup_lpc17xx.o(RESET)
 <LI><a href="#[12]">TIMER3_IRQHandler</a> from startup_lpc17xx.o(.text) referenced from startup_lpc17xx.o(RESET)
 <LI><a href="#[13]">UART0_IRQHandler</a> from startup_lpc17xx.o(.text) referenced from startup_lpc17xx.o(RESET)
 <LI><a href="#[14]">UART1_IRQHandler</a> from uart_lpc17xx.o(i.UART1_IRQHandler) referenced from startup_lpc17xx.o(RESET)
 <LI><a href="#[15]">UART2_IRQHandler</a> from startup_lpc17xx.o(.text) referenced from startup_lpc17xx.o(RESET)
 <LI><a href="#[16]">UART3_IRQHandler</a> from startup_lpc17xx.o(.text) referenced from startup_lpc17xx.o(RESET)
 <LI><a href="#[35]">UART_Callback</a> from usbd_user_cdc_acm_uart_0.o(i.UART_Callback) referenced from usbd_user_cdc_acm_uart_0.o(i.USBD_CDC0_ACM_Initialize)
 <LI><a href="#[59]">USART1_Control</a> from uart_lpc17xx.o(i.USART1_Control) referenced from uart_lpc17xx.o(.constdata)
 <LI><a href="#[4e]">USART1_GPDMA_Rx_Event</a> from uart_lpc17xx.o(i.USART1_GPDMA_Rx_Event) referenced from uart_lpc17xx.o(.constdata)
 <LI><a href="#[4d]">USART1_GPDMA_Tx_Event</a> from uart_lpc17xx.o(i.USART1_GPDMA_Tx_Event) referenced from uart_lpc17xx.o(.constdata)
 <LI><a href="#[50]">USART1_GetCapabilities</a> from uart_lpc17xx.o(i.USART1_GetCapabilities) referenced from uart_lpc17xx.o(.constdata)
 <LI><a href="#[5c]">USART1_GetModemStatus</a> from uart_lpc17xx.o(i.USART1_GetModemStatus) referenced from uart_lpc17xx.o(.constdata)
 <LI><a href="#[58]">USART1_GetRxCount</a> from uart_lpc17xx.o(i.USART1_GetRxCount) referenced from uart_lpc17xx.o(.constdata)
 <LI><a href="#[5a]">USART1_GetStatus</a> from uart_lpc17xx.o(i.USART1_GetStatus) referenced from uart_lpc17xx.o(.constdata)
 <LI><a href="#[57]">USART1_GetTxCount</a> from uart_lpc17xx.o(i.USART1_GetTxCount) referenced from uart_lpc17xx.o(.constdata)
 <LI><a href="#[51]">USART1_Initialize</a> from uart_lpc17xx.o(i.USART1_Initialize) referenced from uart_lpc17xx.o(.constdata)
 <LI><a href="#[53]">USART1_PowerControl</a> from uart_lpc17xx.o(i.USART1_PowerControl) referenced from uart_lpc17xx.o(.constdata)
 <LI><a href="#[55]">USART1_Receive</a> from uart_lpc17xx.o(i.USART1_Receive) referenced from uart_lpc17xx.o(.constdata)
 <LI><a href="#[54]">USART1_Send</a> from uart_lpc17xx.o(i.USART1_Send) referenced from uart_lpc17xx.o(.constdata)
 <LI><a href="#[5b]">USART1_SetModemControl</a> from uart_lpc17xx.o(i.USART1_SetModemControl) referenced from uart_lpc17xx.o(.constdata)
 <LI><a href="#[56]">USART1_Transfer</a> from uart_lpc17xx.o(i.USART1_Transfer) referenced from uart_lpc17xx.o(.constdata)
 <LI><a href="#[52]">USART1_Uninitialize</a> from uart_lpc17xx.o(i.USART1_Uninitialize) referenced from uart_lpc17xx.o(.constdata)
 <LI><a href="#[4f]">USARTx_GetVersion</a> from uart_lpc17xx.o(i.USARTx_GetVersion) referenced from uart_lpc17xx.o(.constdata)
 <LI><a href="#[2f]">USBActivity_IRQHandler</a> from startup_lpc17xx.o(.text) referenced from startup_lpc17xx.o(RESET)
 <LI><a href="#[6f]">USBD0_Core_Thread</a> from usbd_lib_core.o(i.USBD0_Core_Thread) referenced from usbd_config_0.o(.constdata)
 <LI><a href="#[72]">USBD0_SignalDeviceEvent</a> from usbd_config_0.o(i.USBD0_SignalDeviceEvent) referenced from usbd_config_0.o(.constdata)
 <LI><a href="#[73]">USBD0_SignalEndpointEvent</a> from usbd_config_0.o(i.USBD0_SignalEndpointEvent) referenced from usbd_config_0.o(.constdata)
 <LI><a href="#[79]">USBD_CDC0_ACM_DataReceived</a> from usbd_user_cdc_acm_uart_0.o(i.USBD_CDC0_ACM_DataReceived) referenced from usbd_config_0.o(.constdata)
 <LI><a href="#[7a]">USBD_CDC0_ACM_DataSent</a> from usbd_config_0.o(i.USBD_CDC0_ACM_DataSent) referenced from usbd_config_0.o(.constdata)
 <LI><a href="#[77]">USBD_CDC0_ACM_GetLineCoding</a> from usbd_user_cdc_acm_uart_0.o(i.USBD_CDC0_ACM_GetLineCoding) referenced from usbd_config_0.o(.constdata)
 <LI><a href="#[74]">USBD_CDC0_ACM_Initialize</a> from usbd_user_cdc_acm_uart_0.o(i.USBD_CDC0_ACM_Initialize) referenced from usbd_config_0.o(.constdata)
 <LI><a href="#[75]">USBD_CDC0_ACM_Reset</a> from usbd_user_cdc_acm_uart_0.o(i.USBD_CDC0_ACM_Reset) referenced from usbd_config_0.o(.constdata)
 <LI><a href="#[78]">USBD_CDC0_ACM_SetControlLineState</a> from usbd_user_cdc_acm_uart_0.o(i.USBD_CDC0_ACM_SetControlLineState) referenced from usbd_config_0.o(.constdata)
 <LI><a href="#[76]">USBD_CDC0_ACM_SetLineCoding</a> from usbd_user_cdc_acm_uart_0.o(i.USBD_CDC0_ACM_SetLineCoding) referenced from usbd_config_0.o(.constdata)
 <LI><a href="#[71]">USBD_CDC0_Bulk_Thread</a> from usbd_lib_cdc.o(i.USBD_CDC0_Bulk_Thread) referenced from usbd_config_0.o(.constdata)
 <LI><a href="#[70]">USBD_CDC0_Int_Thread</a> from usbd_lib_cdc.o(i.USBD_CDC0_Int_Thread) referenced from usbd_config_0.o(.constdata)
 <LI><a href="#[8d]">USBD_CDC0_NCM_GetCrcMode</a> from usbd_config_0.o(i.USBD_CDC0_NCM_GetCrcMode) referenced from usbd_config_0.o(.constdata)
 <LI><a href="#[81]">USBD_CDC0_NCM_GetEthernetPowerManagementPatternFilter</a> from usbd_config_0.o(i.USBD_CDC0_NCM_GetEthernetPowerManagementPatternFilter) referenced from usbd_config_0.o(.constdata)
 <LI><a href="#[83]">USBD_CDC0_NCM_GetEthernetStatistic</a> from usbd_config_0.o(i.USBD_CDC0_NCM_GetEthernetStatistic) referenced from usbd_config_0.o(.constdata)
 <LI><a href="#[8b]">USBD_CDC0_NCM_GetMaxDatagramSize</a> from usbd_config_0.o(i.USBD_CDC0_NCM_GetMaxDatagramSize) referenced from usbd_config_0.o(.constdata)
 <LI><a href="#[85]">USBD_CDC0_NCM_GetNetAddress</a> from usbd_config_0.o(i.USBD_CDC0_NCM_GetNetAddress) referenced from usbd_config_0.o(.constdata)
 <LI><a href="#[87]">USBD_CDC0_NCM_GetNtbFormat</a> from usbd_config_0.o(i.USBD_CDC0_NCM_GetNtbFormat) referenced from usbd_config_0.o(.constdata)
 <LI><a href="#[89]">USBD_CDC0_NCM_GetNtbInputSize</a> from usbd_config_0.o(i.USBD_CDC0_NCM_GetNtbInputSize) referenced from usbd_config_0.o(.constdata)
 <LI><a href="#[84]">USBD_CDC0_NCM_GetNtbParameters</a> from usbd_config_0.o(i.USBD_CDC0_NCM_GetNtbParameters) referenced from usbd_config_0.o(.constdata)
 <LI><a href="#[7b]">USBD_CDC0_NCM_Initialize</a> from usbd_config_0.o(i.USBD_CDC0_NCM_Initialize) referenced from usbd_config_0.o(.constdata)
 <LI><a href="#[8f]">USBD_CDC0_NCM_NTB_IN_Sent</a> from usbd_config_0.o(i.USBD_CDC0_NCM_NTB_IN_Sent) referenced from usbd_config_0.o(.constdata)
 <LI><a href="#[90]">USBD_CDC0_NCM_NTB_OUT_Received</a> from usbd_config_0.o(i.USBD_CDC0_NCM_NTB_OUT_Received) referenced from usbd_config_0.o(.constdata)
 <LI><a href="#[7c]">USBD_CDC0_NCM_Reset</a> from usbd_config_0.o(i.USBD_CDC0_NCM_Reset) referenced from usbd_config_0.o(.constdata)
 <LI><a href="#[8e]">USBD_CDC0_NCM_SetCrcMode</a> from usbd_config_0.o(i.USBD_CDC0_NCM_SetCrcMode) referenced from usbd_config_0.o(.constdata)
 <LI><a href="#[7f]">USBD_CDC0_NCM_SetEthernetMulticastFilters</a> from usbd_config_0.o(i.USBD_CDC0_NCM_SetEthernetMulticastFilters) referenced from usbd_config_0.o(.constdata)
 <LI><a href="#[82]">USBD_CDC0_NCM_SetEthernetPacketFilter</a> from usbd_config_0.o(i.USBD_CDC0_NCM_SetEthernetPacketFilter) referenced from usbd_config_0.o(.constdata)
 <LI><a href="#[80]">USBD_CDC0_NCM_SetEthernetPowerManagementPatternFilter</a> from usbd_config_0.o(i.USBD_CDC0_NCM_SetEthernetPowerManagementPatternFilter) referenced from usbd_config_0.o(.constdata)
 <LI><a href="#[8c]">USBD_CDC0_NCM_SetMaxDatagramSize</a> from usbd_config_0.o(i.USBD_CDC0_NCM_SetMaxDatagramSize) referenced from usbd_config_0.o(.constdata)
 <LI><a href="#[86]">USBD_CDC0_NCM_SetNetAddress</a> from usbd_config_0.o(i.USBD_CDC0_NCM_SetNetAddress) referenced from usbd_config_0.o(.constdata)
 <LI><a href="#[88]">USBD_CDC0_NCM_SetNtbFormat</a> from usbd_config_0.o(i.USBD_CDC0_NCM_SetNtbFormat) referenced from usbd_config_0.o(.constdata)
 <LI><a href="#[8a]">USBD_CDC0_NCM_SetNtbInputSize</a> from usbd_config_0.o(i.USBD_CDC0_NCM_SetNtbInputSize) referenced from usbd_config_0.o(.constdata)
 <LI><a href="#[7d]">USBD_CDC0_NCM_Start</a> from usbd_config_0.o(i.USBD_CDC0_NCM_Start) referenced from usbd_config_0.o(.constdata)
 <LI><a href="#[7e]">USBD_CDC0_NCM_Stop</a> from usbd_config_0.o(i.USBD_CDC0_NCM_Stop) referenced from usbd_config_0.o(.constdata)
 <LI><a href="#[97]">USBD_Device0_ConfigurationChanged</a> from usbd_config_0.o(i.USBD_Device0_ConfigurationChanged) referenced from usbd_config_0.o(.constdata)
 <LI><a href="#[99]">USBD_Device0_DisableRemoteWakeup</a> from usbd_config_0.o(i.USBD_Device0_DisableRemoteWakeup) referenced from usbd_config_0.o(.constdata)
 <LI><a href="#[98]">USBD_Device0_EnableRemoteWakeup</a> from usbd_config_0.o(i.USBD_Device0_EnableRemoteWakeup) referenced from usbd_config_0.o(.constdata)
 <LI><a href="#[9d]">USBD_Device0_Endpoint0_InDataSent</a> from usbd_config_0.o(i.USBD_Device0_Endpoint0_InDataSent) referenced from usbd_config_0.o(.constdata)
 <LI><a href="#[9c]">USBD_Device0_Endpoint0_OutDataReceived</a> from usbd_config_0.o(i.USBD_Device0_Endpoint0_OutDataReceived) referenced from usbd_config_0.o(.constdata)
 <LI><a href="#[9b]">USBD_Device0_Endpoint0_SetupPacketProcessed</a> from usbd_config_0.o(i.USBD_Device0_Endpoint0_SetupPacketProcessed) referenced from usbd_config_0.o(.constdata)
 <LI><a href="#[9a]">USBD_Device0_Endpoint0_SetupPacketReceived</a> from usbd_config_0.o(i.USBD_Device0_Endpoint0_SetupPacketReceived) referenced from usbd_config_0.o(.constdata)
 <LI><a href="#[94]">USBD_Device0_HighSpeedActivated</a> from usbd_config_0.o(i.USBD_Device0_HighSpeedActivated) referenced from usbd_config_0.o(.constdata)
 <LI><a href="#[91]">USBD_Device0_Initialize</a> from usbd_config_0.o(i.USBD_Device0_Initialize) referenced from usbd_config_0.o(.constdata)
 <LI><a href="#[93]">USBD_Device0_Reset</a> from usbd_config_0.o(i.USBD_Device0_Reset) referenced from usbd_config_0.o(.constdata)
 <LI><a href="#[96]">USBD_Device0_Resumed</a> from usbd_config_0.o(i.USBD_Device0_Resumed) referenced from usbd_config_0.o(.constdata)
 <LI><a href="#[95]">USBD_Device0_Suspended</a> from usbd_config_0.o(i.USBD_Device0_Suspended) referenced from usbd_config_0.o(.constdata)
 <LI><a href="#[92]">USBD_Device0_VbusChanged</a> from usbd_config_0.o(i.USBD_Device0_VbusChanged) referenced from usbd_config_0.o(.constdata)
 <LI><a href="#[62]">USBD_DeviceConnect</a> from usbd_lpc17xx.o(i.USBD_DeviceConnect) referenced from usbd_lpc17xx.o(.constdata)
 <LI><a href="#[63]">USBD_DeviceDisconnect</a> from usbd_lpc17xx.o(i.USBD_DeviceDisconnect) referenced from usbd_lpc17xx.o(.constdata)
 <LI><a href="#[64]">USBD_DeviceGetState</a> from usbd_lpc17xx.o(i.USBD_DeviceGetState) referenced from usbd_lpc17xx.o(.constdata)
 <LI><a href="#[65]">USBD_DeviceRemoteWakeup</a> from usbd_lpc17xx.o(i.USBD_DeviceRemoteWakeup) referenced from usbd_lpc17xx.o(.constdata)
 <LI><a href="#[66]">USBD_DeviceSetAddress</a> from usbd_lpc17xx.o(i.USBD_DeviceSetAddress) referenced from usbd_lpc17xx.o(.constdata)
 <LI><a href="#[68]">USBD_EndpointConfigure</a> from usbd_lpc17xx.o(i.USBD_EndpointConfigure) referenced from usbd_lpc17xx.o(.constdata)
 <LI><a href="#[6a]">USBD_EndpointStall</a> from usbd_lpc17xx.o(i.USBD_EndpointStall) referenced from usbd_lpc17xx.o(.constdata)
 <LI><a href="#[6b]">USBD_EndpointTransfer</a> from usbd_lpc17xx.o(i.USBD_EndpointTransfer) referenced from usbd_lpc17xx.o(.constdata)
 <LI><a href="#[6d]">USBD_EndpointTransferAbort</a> from usbd_lpc17xx.o(i.USBD_EndpointTransferAbort) referenced from usbd_lpc17xx.o(.constdata)
 <LI><a href="#[6c]">USBD_EndpointTransferGetResult</a> from usbd_lpc17xx.o(i.USBD_EndpointTransferGetResult) referenced from usbd_lpc17xx.o(.constdata)
 <LI><a href="#[69]">USBD_EndpointUnconfigure</a> from usbd_lpc17xx.o(i.USBD_EndpointUnconfigure) referenced from usbd_lpc17xx.o(.constdata)
 <LI><a href="#[5e]">USBD_GetCapabilities</a> from usbd_lpc17xx.o(i.USBD_GetCapabilities) referenced from usbd_lpc17xx.o(.constdata)
 <LI><a href="#[6e]">USBD_GetFrameNumber</a> from usbd_lpc17xx.o(i.USBD_GetFrameNumber) referenced from usbd_lpc17xx.o(.constdata)
 <LI><a href="#[5d]">USBD_GetVersion</a> from usbd_lpc17xx.o(i.USBD_GetVersion) referenced from usbd_lpc17xx.o(.constdata)
 <LI><a href="#[5f]">USBD_Initialize</a> from usbd_lpc17xx.o(i.USBD_Initialize) referenced from usbd_lpc17xx.o(.constdata)
 <LI><a href="#[61]">USBD_PowerControl</a> from usbd_lpc17xx.o(i.USBD_PowerControl) referenced from usbd_lpc17xx.o(.constdata)
 <LI><a href="#[67]">USBD_ReadSetupPacket</a> from usbd_lpc17xx.o(i.USBD_ReadSetupPacket) referenced from usbd_lpc17xx.o(.constdata)
 <LI><a href="#[60]">USBD_Uninitialize</a> from usbd_lpc17xx.o(i.USBD_Uninitialize) referenced from usbd_lpc17xx.o(.constdata)
 <LI><a href="#[26]">USB_IRQHandler</a> from otg_lpc17xx.o(i.USB_IRQHandler) referenced from startup_lpc17xx.o(RESET)
 <LI><a href="#[9]">UsageFault_Handler</a> from startup_lpc17xx.o(.text) referenced from startup_lpc17xx.o(RESET)
 <LI><a href="#[e]">WDT_IRQHandler</a> from startup_lpc17xx.o(.text) referenced from startup_lpc17xx.o(RESET)
 <LI><a href="#[9e]">__main</a> from __main.o(!!!main) referenced from startup_lpc17xx.o(.text)
 <LI><a href="#[4a]">main</a> from virtualcom.o(i.main) referenced from rtx_conf_cm.o(.constdata)
 <LI><a href="#[46]">osThreadExit</a> from rt_cmsis.o(i.osThreadExit) referenced from rt_cmsis.o(i.svcThreadCreate)
 <LI><a href="#[49]">osTimerThread</a> from rt_cmsis.o(i.osTimerThread) referenced from rtx_conf_cm.o(.constdata)
 <LI><a href="#[45]">os_idle_demon</a> from rtx_conf_cm.o(i.os_idle_demon) referenced from rt_task.o(i.rt_sys_init)
 <LI><a href="#[31]">rt_alloc_box</a> from rt_membox.o(i.rt_alloc_box) referenced from hal_cm3.o(.emb_text)
 <LI><a href="#[32]">rt_free_box</a> from rt_membox.o(i.rt_free_box) referenced from hal_cm3.o(.emb_text)
 <LI><a href="#[37]">rt_mut_release</a> from rt_mutex.o(i.rt_mut_release) referenced from rtx_conf_cm.o(i._mutex_release)
 <LI><a href="#[36]">rt_mut_wait</a> from rt_mutex.o(i.rt_mut_wait) referenced from rtx_conf_cm.o(i._mutex_acquire)
 <LI><a href="#[38]">svcDelay</a> from rt_cmsis.o(i.svcDelay) referenced from rt_cmsis.o(i.osDelay)
 <LI><a href="#[39]">svcKernelInitialize</a> from rt_cmsis.o(i.svcKernelInitialize) referenced from rt_cmsis.o(i.osKernelInitialize)
 <LI><a href="#[3a]">svcKernelStart</a> from rt_cmsis.o(i.svcKernelStart) referenced from rt_cmsis.o(i.osKernelStart)
 <LI><a href="#[3b]">svcMessageGet</a> from rt_cmsis.o(i.svcMessageGet) referenced from rt_cmsis.o(i.osMessageGet)
 <LI><a href="#[3c]">svcSemaphoreCreate</a> from rt_cmsis.o(i.svcSemaphoreCreate) referenced from rt_cmsis.o(i.osSemaphoreCreate)
 <LI><a href="#[3d]">svcSemaphoreRelease</a> from rt_cmsis.o(i.svcSemaphoreRelease) referenced from rt_cmsis.o(i.osSemaphoreRelease)
 <LI><a href="#[3e]">svcSemaphoreWait</a> from rt_cmsis.o(i.svcSemaphoreWait) referenced from rt_cmsis.o(i.osSemaphoreWait)
 <LI><a href="#[3f]">svcSignalSet</a> from rt_cmsis.o(i.svcSignalSet) referenced from rt_cmsis.o(i.osSignalSet)
 <LI><a href="#[40]">svcSignalWait</a> from rt_cmsis.o(i.svcSignalWait) referenced from rt_cmsis.o(i.osSignalWait)
 <LI><a href="#[41]">svcThreadCreate</a> from rt_cmsis.o(i.svcThreadCreate) referenced from rt_cmsis.o(i.osThreadCreate)
 <LI><a href="#[42]">svcThreadGetId</a> from rt_cmsis.o(i.svcThreadGetId) referenced from rt_cmsis.o(i.osThreadExit)
 <LI><a href="#[43]">svcThreadTerminate</a> from rt_cmsis.o(i.svcThreadTerminate) referenced from rt_cmsis.o(i.osThreadExit)
 <LI><a href="#[44]">svcTimerCall</a> from rt_cmsis.o(i.svcTimerCall) referenced from rt_cmsis.o(i.osTimerCall)
</UL>
<P>
<H3>
Global Symbols
</H3>
<P><STRONG><a name="[9e]"></a>__main</STRONG> (Thumb, 8 bytes, Stack size 0 bytes, __main.o(!!!main))
<BR><BR>[Calls]<UL><LI><a href="#[a2]">&gt;&gt;</a>&nbsp;&nbsp;&nbsp;__rt_entry
<LI><a href="#[a1]">&gt;&gt;</a>&nbsp;&nbsp;&nbsp;__scatterload
</UL>

<P><STRONG><a name="[a1]"></a>__scatterload</STRONG> (Thumb, 0 bytes, Stack size unknown bytes, __scatter.o(!!!scatter))
<BR><BR>[Called By]<UL><LI><a href="#[9e]">&gt;&gt;</a>&nbsp;&nbsp;&nbsp;__main
</UL>

<P><STRONG><a name="[a3]"></a>__scatterload_rt2</STRONG> (Thumb, 44 bytes, Stack size unknown bytes, __scatter.o(!!!scatter), UNUSED)
<BR><BR>[Calls]<UL><LI><a href="#[a2]">&gt;&gt;</a>&nbsp;&nbsp;&nbsp;__rt_entry
</UL>

<P><STRONG><a name="[19b]"></a>__scatterload_rt2_thumb_only</STRONG> (Thumb, 0 bytes, Stack size unknown bytes, __scatter.o(!!!scatter), UNUSED)

<P><STRONG><a name="[19c]"></a>__scatterload_null</STRONG> (Thumb, 0 bytes, Stack size unknown bytes, __scatter.o(!!!scatter), UNUSED)

<P><STRONG><a name="[19d]"></a>__decompress</STRONG> (Thumb, 58 bytes, Stack size unknown bytes, __dczerorl.o(!!dczerorl), UNUSED)

<P><STRONG><a name="[19e]"></a>__decompress0</STRONG> (Thumb, 0 bytes, Stack size unknown bytes, __dczerorl.o(!!dczerorl), UNUSED)

<P><STRONG><a name="[19f]"></a>__scatterload_zeroinit</STRONG> (Thumb, 28 bytes, Stack size unknown bytes, __scatter_zi.o(!!handler_zi), UNUSED)

<P><STRONG><a name="[a7]"></a>__rt_lib_init</STRONG> (Thumb, 0 bytes, Stack size unknown bytes, libinit.o(.ARM.Collect$$libinit$$00000000))
<BR><BR>[Called By]<UL><LI><a href="#[a6]">&gt;&gt;</a>&nbsp;&nbsp;&nbsp;__rt_entry_li
</UL>

<P><STRONG><a name="[1a0]"></a>__rt_lib_init_alloca_1</STRONG> (Thumb, 0 bytes, Stack size unknown bytes, libinit2.o(.ARM.Collect$$libinit$$0000002E))

<P><STRONG><a name="[1a1]"></a>__rt_lib_init_argv_1</STRONG> (Thumb, 0 bytes, Stack size unknown bytes, libinit2.o(.ARM.Collect$$libinit$$0000002C))

<P><STRONG><a name="[1a2]"></a>__rt_lib_init_atexit_1</STRONG> (Thumb, 0 bytes, Stack size unknown bytes, libinit2.o(.ARM.Collect$$libinit$$0000001B))

<P><STRONG><a name="[1a3]"></a>__rt_lib_init_clock_1</STRONG> (Thumb, 0 bytes, Stack size unknown bytes, libinit2.o(.ARM.Collect$$libinit$$00000021))

<P><STRONG><a name="[1a4]"></a>__rt_lib_init_cpp_1</STRONG> (Thumb, 0 bytes, Stack size unknown bytes, libinit2.o(.ARM.Collect$$libinit$$00000032))

<P><STRONG><a name="[1a5]"></a>__rt_lib_init_exceptions_1</STRONG> (Thumb, 0 bytes, Stack size unknown bytes, libinit2.o(.ARM.Collect$$libinit$$00000030))

<P><STRONG><a name="[1a6]"></a>__rt_lib_init_fp_1</STRONG> (Thumb, 0 bytes, Stack size unknown bytes, libinit2.o(.ARM.Collect$$libinit$$00000002))

<P><STRONG><a name="[1a7]"></a>__rt_lib_init_fp_trap_1</STRONG> (Thumb, 0 bytes, Stack size unknown bytes, libinit2.o(.ARM.Collect$$libinit$$0000001F))

<P><STRONG><a name="[1a8]"></a>__rt_lib_init_getenv_1</STRONG> (Thumb, 0 bytes, Stack size unknown bytes, libinit2.o(.ARM.Collect$$libinit$$00000023))

<P><STRONG><a name="[1a9]"></a>__rt_lib_init_heap_1</STRONG> (Thumb, 0 bytes, Stack size unknown bytes, libinit2.o(.ARM.Collect$$libinit$$0000000A))

<P><STRONG><a name="[1aa]"></a>__rt_lib_init_lc_collate_1</STRONG> (Thumb, 0 bytes, Stack size unknown bytes, libinit2.o(.ARM.Collect$$libinit$$00000011))

<P><STRONG><a name="[1ab]"></a>__rt_lib_init_lc_ctype_1</STRONG> (Thumb, 0 bytes, Stack size unknown bytes, libinit2.o(.ARM.Collect$$libinit$$00000013))

<P><STRONG><a name="[1ac]"></a>__rt_lib_init_lc_monetary_1</STRONG> (Thumb, 0 bytes, Stack size unknown bytes, libinit2.o(.ARM.Collect$$libinit$$00000015))

<P><STRONG><a name="[1ad]"></a>__rt_lib_init_lc_numeric_1</STRONG> (Thumb, 0 bytes, Stack size unknown bytes, libinit2.o(.ARM.Collect$$libinit$$00000017))

<P><STRONG><a name="[1ae]"></a>__rt_lib_init_lc_time_1</STRONG> (Thumb, 0 bytes, Stack size unknown bytes, libinit2.o(.ARM.Collect$$libinit$$00000019))

<P><STRONG><a name="[1af]"></a>__rt_lib_init_preinit_1</STRONG> (Thumb, 0 bytes, Stack size unknown bytes, libinit2.o(.ARM.Collect$$libinit$$00000004))

<P><STRONG><a name="[1b0]"></a>__rt_lib_init_rand_1</STRONG> (Thumb, 0 bytes, Stack size unknown bytes, libinit2.o(.ARM.Collect$$libinit$$0000000E))

<P><STRONG><a name="[1b1]"></a>__rt_lib_init_return</STRONG> (Thumb, 0 bytes, Stack size unknown bytes, libinit2.o(.ARM.Collect$$libinit$$00000033))

<P><STRONG><a name="[1b2]"></a>__rt_lib_init_signal_1</STRONG> (Thumb, 0 bytes, Stack size unknown bytes, libinit2.o(.ARM.Collect$$libinit$$0000001D))

<P><STRONG><a name="[1b3]"></a>__rt_lib_init_stdio_1</STRONG> (Thumb, 0 bytes, Stack size unknown bytes, libinit2.o(.ARM.Collect$$libinit$$00000025))

<P><STRONG><a name="[1b4]"></a>__rt_lib_init_user_alloc_1</STRONG> (Thumb, 0 bytes, Stack size unknown bytes, libinit2.o(.ARM.Collect$$libinit$$0000000C))

<P><STRONG><a name="[ad]"></a>__rt_lib_shutdown</STRONG> (Thumb, 0 bytes, Stack size unknown bytes, libshutdown.o(.ARM.Collect$$libshutdown$$00000000))
<BR><BR>[Called By]<UL><LI><a href="#[ac]">&gt;&gt;</a>&nbsp;&nbsp;&nbsp;__rt_exit_ls
</UL>

<P><STRONG><a name="[1b5]"></a>__rt_lib_shutdown_cpp_1</STRONG> (Thumb, 0 bytes, Stack size unknown bytes, libshutdown2.o(.ARM.Collect$$libshutdown$$00000002))

<P><STRONG><a name="[1b6]"></a>__rt_lib_shutdown_fp_trap_1</STRONG> (Thumb, 0 bytes, Stack size unknown bytes, libshutdown2.o(.ARM.Collect$$libshutdown$$00000007))

<P><STRONG><a name="[1b7]"></a>__rt_lib_shutdown_heap_1</STRONG> (Thumb, 0 bytes, Stack size unknown bytes, libshutdown2.o(.ARM.Collect$$libshutdown$$0000000F))

<P><STRONG><a name="[1b8]"></a>__rt_lib_shutdown_return</STRONG> (Thumb, 0 bytes, Stack size unknown bytes, libshutdown2.o(.ARM.Collect$$libshutdown$$00000010))

<P><STRONG><a name="[1b9]"></a>__rt_lib_shutdown_signal_1</STRONG> (Thumb, 0 bytes, Stack size unknown bytes, libshutdown2.o(.ARM.Collect$$libshutdown$$0000000A))

<P><STRONG><a name="[1ba]"></a>__rt_lib_shutdown_stdio_1</STRONG> (Thumb, 0 bytes, Stack size unknown bytes, libshutdown2.o(.ARM.Collect$$libshutdown$$00000004))

<P><STRONG><a name="[1bb]"></a>__rt_lib_shutdown_user_alloc_1</STRONG> (Thumb, 0 bytes, Stack size unknown bytes, libshutdown2.o(.ARM.Collect$$libshutdown$$0000000C))

<P><STRONG><a name="[a2]"></a>__rt_entry</STRONG> (Thumb, 0 bytes, Stack size unknown bytes, __rtentry.o(.ARM.Collect$$rtentry$$00000000))
<BR><BR>[Called By]<UL><LI><a href="#[9e]">&gt;&gt;</a>&nbsp;&nbsp;&nbsp;__main
<LI><a href="#[a3]">&gt;&gt;</a>&nbsp;&nbsp;&nbsp;__scatterload_rt2
</UL>

<P><STRONG><a name="[1bc]"></a>__rt_entry_presh_1</STRONG> (Thumb, 0 bytes, Stack size unknown bytes, __rtentry2.o(.ARM.Collect$$rtentry$$00000002))

<P><STRONG><a name="[a4]"></a>__rt_entry_sh</STRONG> (Thumb, 0 bytes, Stack size unknown bytes, __rtentry4.o(.ARM.Collect$$rtentry$$00000004))
<BR><BR>[Stack]<UL><LI>Max Depth = 8 + Unknown Stack Size
<LI>Call Chain = __rt_entry_sh &rArr; __user_setup_stackheap
</UL>
<BR>[Calls]<UL><LI><a href="#[a5]">&gt;&gt;</a>&nbsp;&nbsp;&nbsp;__user_setup_stackheap
</UL>

<P><STRONG><a name="[a6]"></a>__rt_entry_li</STRONG> (Thumb, 0 bytes, Stack size unknown bytes, __rtentry2.o(.ARM.Collect$$rtentry$$0000000A))
<BR><BR>[Calls]<UL><LI><a href="#[a7]">&gt;&gt;</a>&nbsp;&nbsp;&nbsp;__rt_lib_init
</UL>

<P><STRONG><a name="[1bd]"></a>__rt_entry_postsh_1</STRONG> (Thumb, 0 bytes, Stack size unknown bytes, __rtentry2.o(.ARM.Collect$$rtentry$$00000009))

<P><STRONG><a name="[a8]"></a>__rt_entry_postli_1</STRONG> (Thumb, 0 bytes, Stack size unknown bytes, __rtentry2.o(.ARM.Collect$$rtentry$$0000000B))
<BR><BR>[Stack]<UL><LI>Max Depth = 80 + Unknown Stack Size
<LI>Call Chain = __rt_entry_postli_1 &rArr; _platform_post_lib_init &rArr; osKernelInitialize &rArr; svcKernelInitialize &rArr; svcThreadCreate &rArr; rt_tsk_create &rArr; rt_init_context &rArr; rt_init_stack
</UL>
<BR>[Calls]<UL><LI><a href="#[a9]">&gt;&gt;</a>&nbsp;&nbsp;&nbsp;_platform_post_lib_init
</UL>

<P><STRONG><a name="[aa]"></a>__rt_entry_main</STRONG> (Thumb, 0 bytes, Stack size unknown bytes, __rtentry2.o(.ARM.Collect$$rtentry$$0000000D))
<BR><BR>[Stack]<UL><LI>Max Depth = 144 + Unknown Stack Size
<LI>Call Chain = __rt_entry_main &rArr; main &rArr; USBD_Initialize &rArr; USBD_ClassInitialize &rArr; USBD_CDC_Initialize &rArr; USBD_ThreadCreate &rArr; osThreadCreate &rArr; svcThreadCreate &rArr; rt_tsk_create &rArr; rt_init_context &rArr; rt_init_stack
</UL>
<BR>[Calls]<UL><LI><a href="#[4a]">&gt;&gt;</a>&nbsp;&nbsp;&nbsp;main
<LI><a href="#[ab]">&gt;&gt;</a>&nbsp;&nbsp;&nbsp;exit
</UL>

<P><STRONG><a name="[b8]"></a>__rt_exit</STRONG> (Thumb, 0 bytes, Stack size unknown bytes, rtexit.o(.ARM.Collect$$rtexit$$00000000))
<BR><BR>[Called By]<UL><LI><a href="#[ab]">&gt;&gt;</a>&nbsp;&nbsp;&nbsp;exit
</UL>

<P><STRONG><a name="[ac]"></a>__rt_exit_ls</STRONG> (Thumb, 0 bytes, Stack size unknown bytes, rtexit2.o(.ARM.Collect$$rtexit$$00000003))
<BR><BR>[Calls]<UL><LI><a href="#[ad]">&gt;&gt;</a>&nbsp;&nbsp;&nbsp;__rt_lib_shutdown
</UL>

<P><STRONG><a name="[1be]"></a>__rt_exit_prels_1</STRONG> (Thumb, 0 bytes, Stack size unknown bytes, rtexit2.o(.ARM.Collect$$rtexit$$00000002))

<P><STRONG><a name="[ae]"></a>__rt_exit_exit</STRONG> (Thumb, 0 bytes, Stack size unknown bytes, rtexit2.o(.ARM.Collect$$rtexit$$00000004))
<BR><BR>[Calls]<UL><LI><a href="#[af]">&gt;&gt;</a>&nbsp;&nbsp;&nbsp;_sys_exit
</UL>

<P><STRONG><a name="[a9]"></a>_platform_post_lib_init</STRONG> (Thumb, 24 bytes, Stack size 0 bytes, rtx_conf_cm.o(.emb_text))
<BR><BR>[Stack]<UL><LI>Max Depth = 80 + Unknown Stack Size
<LI>Call Chain = _platform_post_lib_init &rArr; osKernelInitialize &rArr; svcKernelInitialize &rArr; svcThreadCreate &rArr; rt_tsk_create &rArr; rt_init_context &rArr; rt_init_stack
</UL>
<BR>[Calls]<UL><LI><a href="#[b2]">&gt;&gt;</a>&nbsp;&nbsp;&nbsp;osKernelStart
<LI><a href="#[b0]">&gt;&gt;</a>&nbsp;&nbsp;&nbsp;osKernelInitialize
<LI><a href="#[b1]">&gt;&gt;</a>&nbsp;&nbsp;&nbsp;osThreadCreate
<LI><a href="#[ab]">&gt;&gt;</a>&nbsp;&nbsp;&nbsp;exit
</UL>
<BR>[Called By]<UL><LI><a href="#[a8]">&gt;&gt;</a>&nbsp;&nbsp;&nbsp;__rt_entry_postli_1
</UL>

<P><STRONG><a name="[1bf]"></a>rt_set_PSP</STRONG> (Thumb, 6 bytes, Stack size 0 bytes, hal_cm3.o(.emb_text), UNUSED)

<P><STRONG><a name="[190]"></a>rt_get_PSP</STRONG> (Thumb, 6 bytes, Stack size 0 bytes, hal_cm3.o(.emb_text))
<BR><BR>[Called By]<UL><LI><a href="#[18f]">&gt;&gt;</a>&nbsp;&nbsp;&nbsp;rt_tsk_delete
</UL>

<P><STRONG><a name="[1c0]"></a>os_set_env</STRONG> (Thumb, 24 bytes, Stack size 0 bytes, hal_cm3.o(.emb_text), UNUSED)

<P><STRONG><a name="[1c1]"></a>_alloc_box</STRONG> (Thumb, 28 bytes, Stack size 0 bytes, hal_cm3.o(.emb_text), UNUSED)

<P><STRONG><a name="[1c2]"></a>_free_box</STRONG> (Thumb, 28 bytes, Stack size 0 bytes, hal_cm3.o(.emb_text), UNUSED)

<P><STRONG><a name="[a]"></a>SVC_Handler</STRONG> (Thumb, 108 bytes, Stack size 0 bytes, hal_cm3.o(.emb_text))
<BR><BR>[Calls]<UL><LI><a href="#[b3]">&gt;&gt;</a>&nbsp;&nbsp;&nbsp;rt_stk_check
</UL>
<BR>[Address Reference Count : 1]<UL><LI> startup_lpc17xx.o(RESET)
</UL>
<P><STRONG><a name="[c]"></a>PendSV_Handler</STRONG> (Thumb, 56 bytes, Stack size 0 bytes, hal_cm3.o(.emb_text))
<BR><BR>[Stack]<UL><LI>Max Depth = 52<LI>Call Chain = PendSV_Handler &rArr; rt_pop_req &rArr; rt_mbx_psh &rArr; rt_put_prio
</UL>
<BR>[Calls]<UL><LI><a href="#[b4]">&gt;&gt;</a>&nbsp;&nbsp;&nbsp;rt_pop_req
<LI><a href="#[b3]">&gt;&gt;</a>&nbsp;&nbsp;&nbsp;rt_stk_check
</UL>
<BR>[Address Reference Count : 1]<UL><LI> startup_lpc17xx.o(RESET)
</UL>
<P><STRONG><a name="[d]"></a>SysTick_Handler</STRONG> (Thumb, 8 bytes, Stack size 0 bytes, hal_cm3.o(.emb_text))
<BR><BR>[Stack]<UL><LI>Max Depth = 72<LI>Call Chain = SysTick_Handler &rArr; rt_systick &rArr; sysTimerTick &rArr; isrMessagePut &rArr; isr_mbx_send &rArr; rt_psq_enq
</UL>
<BR>[Calls]<UL><LI><a href="#[b5]">&gt;&gt;</a>&nbsp;&nbsp;&nbsp;rt_systick
</UL>
<BR>[Address Reference Count : 1]<UL><LI> startup_lpc17xx.o(RESET)
</UL>
<P><STRONG><a name="[b6]"></a>OS_Tick_Handler</STRONG> (Thumb, 12 bytes, Stack size 0 bytes, hal_cm3.o(.emb_text), UNUSED)
<BR><BR>[Calls]<UL><LI><a href="#[b7]">&gt;&gt;</a>&nbsp;&nbsp;&nbsp;os_tick_irqack
<LI><a href="#[b5]">&gt;&gt;</a>&nbsp;&nbsp;&nbsp;rt_systick
</UL>

<P><STRONG><a name="[1c3]"></a>__user_libspace</STRONG> (Thumb, 8 bytes, Stack size 0 bytes, libspace.o(.text), UNUSED)

<P><STRONG><a name="[bd]"></a>__user_perproc_libspace</STRONG> (Thumb, 0 bytes, Stack size 0 bytes, libspace.o(.text))
<BR><BR>[Called By]<UL><LI><a href="#[a5]">&gt;&gt;</a>&nbsp;&nbsp;&nbsp;__user_setup_stackheap
</UL>

<P><STRONG><a name="[ab]"></a>exit</STRONG> (Thumb, 18 bytes, Stack size 8 bytes, exit.o(.text))
<BR><BR>[Stack]<UL><LI>Max Depth = 8 + Unknown Stack Size
<LI>Call Chain = exit
</UL>
<BR>[Calls]<UL><LI><a href="#[b8]">&gt;&gt;</a>&nbsp;&nbsp;&nbsp;__rt_exit
</UL>
<BR>[Called By]<UL><LI><a href="#[a9]">&gt;&gt;</a>&nbsp;&nbsp;&nbsp;_platform_post_lib_init
<LI><a href="#[aa]">&gt;&gt;</a>&nbsp;&nbsp;&nbsp;__rt_entry_main
</UL>

<P><STRONG><a name="[1c4]"></a>__use_two_region_memory</STRONG> (Thumb, 2 bytes, Stack size 0 bytes, heapauxi.o(.text), UNUSED)

<P><STRONG><a name="[1c5]"></a>__rt_heap_escrow$2region</STRONG> (Thumb, 2 bytes, Stack size 0 bytes, heapauxi.o(.text), UNUSED)

<P><STRONG><a name="[1c6]"></a>__rt_heap_expand$2region</STRONG> (Thumb, 2 bytes, Stack size 0 bytes, heapauxi.o(.text), UNUSED)

<P><STRONG><a name="[4]"></a>Reset_Handler</STRONG> (Thumb, 8 bytes, Stack size 0 bytes, startup_lpc17xx.o(.text))
<BR>[Address Reference Count : 1]<UL><LI> startup_lpc17xx.o(RESET)
</UL>
<P><STRONG><a name="[5]"></a>NMI_Handler</STRONG> (Thumb, 2 bytes, Stack size 0 bytes, startup_lpc17xx.o(.text))
<BR><BR>[Calls]<UL><LI><a href="#[5]">&gt;&gt;</a>&nbsp;&nbsp;&nbsp;NMI_Handler
</UL>
<BR>[Called By]<UL><LI><a href="#[5]">&gt;&gt;</a>&nbsp;&nbsp;&nbsp;NMI_Handler
</UL>
<BR>[Address Reference Count : 1]<UL><LI> startup_lpc17xx.o(RESET)
</UL>
<P><STRONG><a name="[6]"></a>HardFault_Handler</STRONG> (Thumb, 2 bytes, Stack size 0 bytes, startup_lpc17xx.o(.text))
<BR><BR>[Calls]<UL><LI><a href="#[6]">&gt;&gt;</a>&nbsp;&nbsp;&nbsp;HardFault_Handler
</UL>
<BR>[Called By]<UL><LI><a href="#[6]">&gt;&gt;</a>&nbsp;&nbsp;&nbsp;HardFault_Handler
</UL>
<BR>[Address Reference Count : 1]<UL><LI> startup_lpc17xx.o(RESET)
</UL>
<P><STRONG><a name="[7]"></a>MemManage_Handler</STRONG> (Thumb, 2 bytes, Stack size 0 bytes, startup_lpc17xx.o(.text))
<BR><BR>[Calls]<UL><LI><a href="#[7]">&gt;&gt;</a>&nbsp;&nbsp;&nbsp;MemManage_Handler
</UL>
<BR>[Called By]<UL><LI><a href="#[7]">&gt;&gt;</a>&nbsp;&nbsp;&nbsp;MemManage_Handler
</UL>
<BR>[Address Reference Count : 1]<UL><LI> startup_lpc17xx.o(RESET)
</UL>
<P><STRONG><a name="[8]"></a>BusFault_Handler</STRONG> (Thumb, 2 bytes, Stack size 0 bytes, startup_lpc17xx.o(.text))
<BR><BR>[Calls]<UL><LI><a href="#[8]">&gt;&gt;</a>&nbsp;&nbsp;&nbsp;BusFault_Handler
</UL>
<BR>[Called By]<UL><LI><a href="#[8]">&gt;&gt;</a>&nbsp;&nbsp;&nbsp;BusFault_Handler
</UL>
<BR>[Address Reference Count : 1]<UL><LI> startup_lpc17xx.o(RESET)
</UL>
<P><STRONG><a name="[9]"></a>UsageFault_Handler</STRONG> (Thumb, 2 bytes, Stack size 0 bytes, startup_lpc17xx.o(.text))
<BR><BR>[Calls]<UL><LI><a href="#[9]">&gt;&gt;</a>&nbsp;&nbsp;&nbsp;UsageFault_Handler
</UL>
<BR>[Called By]<UL><LI><a href="#[9]">&gt;&gt;</a>&nbsp;&nbsp;&nbsp;UsageFault_Handler
</UL>
<BR>[Address Reference Count : 1]<UL><LI> startup_lpc17xx.o(RESET)
</UL>
<P><STRONG><a name="[b]"></a>DebugMon_Handler</STRONG> (Thumb, 2 bytes, Stack size 0 bytes, startup_lpc17xx.o(.text))
<BR><BR>[Calls]<UL><LI><a href="#[b]">&gt;&gt;</a>&nbsp;&nbsp;&nbsp;DebugMon_Handler
</UL>
<BR>[Called By]<UL><LI><a href="#[b]">&gt;&gt;</a>&nbsp;&nbsp;&nbsp;DebugMon_Handler
</UL>
<BR>[Address Reference Count : 1]<UL><LI> startup_lpc17xx.o(RESET)
</UL>
<P><STRONG><a name="[25]"></a>BOD_IRQHandler</STRONG> (Thumb, 0 bytes, Stack size 0 bytes, startup_lpc17xx.o(.text))
<BR><BR>[Calls]<UL><LI><a href="#[25]">&gt;&gt;</a>&nbsp;&nbsp;&nbsp;BOD_IRQHandler
</UL>
<BR>[Called By]<UL><LI><a href="#[25]">&gt;&gt;</a>&nbsp;&nbsp;&nbsp;BOD_IRQHandler
</UL>
<BR>[Address Reference Count : 1]<UL><LI> startup_lpc17xx.o(RESET)
</UL>
<P><STRONG><a name="[30]"></a>CANActivity_IRQHandler</STRONG> (Thumb, 0 bytes, Stack size 0 bytes, startup_lpc17xx.o(.text))
<BR>[Address Reference Count : 1]<UL><LI> startup_lpc17xx.o(RESET)
</UL>
<P><STRONG><a name="[27]"></a>CAN_IRQHandler</STRONG> (Thumb, 0 bytes, Stack size 0 bytes, startup_lpc17xx.o(.text))
<BR>[Address Reference Count : 1]<UL><LI> startup_lpc17xx.o(RESET)
</UL>
<P><STRONG><a name="[20]"></a>EINT0_IRQHandler</STRONG> (Thumb, 0 bytes, Stack size 0 bytes, startup_lpc17xx.o(.text))
<BR>[Address Reference Count : 1]<UL><LI> startup_lpc17xx.o(RESET)
</UL>
<P><STRONG><a name="[21]"></a>EINT1_IRQHandler</STRONG> (Thumb, 0 bytes, Stack size 0 bytes, startup_lpc17xx.o(.text))
<BR>[Address Reference Count : 1]<UL><LI> startup_lpc17xx.o(RESET)
</UL>
<P><STRONG><a name="[22]"></a>EINT2_IRQHandler</STRONG> (Thumb, 0 bytes, Stack size 0 bytes, startup_lpc17xx.o(.text))
<BR>[Address Reference Count : 1]<UL><LI> startup_lpc17xx.o(RESET)
</UL>
<P><STRONG><a name="[23]"></a>EINT3_IRQHandler</STRONG> (Thumb, 0 bytes, Stack size 0 bytes, startup_lpc17xx.o(.text))
<BR>[Address Reference Count : 1]<UL><LI> startup_lpc17xx.o(RESET)
</UL>
<P><STRONG><a name="[2a]"></a>ENET_IRQHandler</STRONG> (Thumb, 0 bytes, Stack size 0 bytes, startup_lpc17xx.o(.text))
<BR>[Address Reference Count : 1]<UL><LI> startup_lpc17xx.o(RESET)
</UL>
<P><STRONG><a name="[18]"></a>I2C0_IRQHandler</STRONG> (Thumb, 0 bytes, Stack size 0 bytes, startup_lpc17xx.o(.text))
<BR>[Address Reference Count : 1]<UL><LI> startup_lpc17xx.o(RESET)
</UL>
<P><STRONG><a name="[19]"></a>I2C1_IRQHandler</STRONG> (Thumb, 0 bytes, Stack size 0 bytes, startup_lpc17xx.o(.text))
<BR>[Address Reference Count : 1]<UL><LI> startup_lpc17xx.o(RESET)
</UL>
<P><STRONG><a name="[1a]"></a>I2C2_IRQHandler</STRONG> (Thumb, 0 bytes, Stack size 0 bytes, startup_lpc17xx.o(.text))
<BR>[Address Reference Count : 1]<UL><LI> startup_lpc17xx.o(RESET)
</UL>
<P><STRONG><a name="[29]"></a>I2S_IRQHandler</STRONG> (Thumb, 0 bytes, Stack size 0 bytes, startup_lpc17xx.o(.text))
<BR>[Address Reference Count : 1]<UL><LI> startup_lpc17xx.o(RESET)
</UL>
<P><STRONG><a name="[2c]"></a>MCPWM_IRQHandler</STRONG> (Thumb, 0 bytes, Stack size 0 bytes, startup_lpc17xx.o(.text))
<BR>[Address Reference Count : 1]<UL><LI> startup_lpc17xx.o(RESET)
</UL>
<P><STRONG><a name="[1e]"></a>PLL0_IRQHandler</STRONG> (Thumb, 0 bytes, Stack size 0 bytes, startup_lpc17xx.o(.text))
<BR>[Address Reference Count : 1]<UL><LI> startup_lpc17xx.o(RESET)
</UL>
<P><STRONG><a name="[2e]"></a>PLL1_IRQHandler</STRONG> (Thumb, 0 bytes, Stack size 0 bytes, startup_lpc17xx.o(.text))
<BR>[Address Reference Count : 1]<UL><LI> startup_lpc17xx.o(RESET)
</UL>
<P><STRONG><a name="[17]"></a>PWM1_IRQHandler</STRONG> (Thumb, 0 bytes, Stack size 0 bytes, startup_lpc17xx.o(.text))
<BR>[Address Reference Count : 1]<UL><LI> startup_lpc17xx.o(RESET)
</UL>
<P><STRONG><a name="[2d]"></a>QEI_IRQHandler</STRONG> (Thumb, 0 bytes, Stack size 0 bytes, startup_lpc17xx.o(.text))
<BR>[Address Reference Count : 1]<UL><LI> startup_lpc17xx.o(RESET)
</UL>
<P><STRONG><a name="[2b]"></a>RIT_IRQHandler</STRONG> (Thumb, 0 bytes, Stack size 0 bytes, startup_lpc17xx.o(.text))
<BR>[Address Reference Count : 1]<UL><LI> startup_lpc17xx.o(RESET)
</UL>
<P><STRONG><a name="[1f]"></a>RTC_IRQHandler</STRONG> (Thumb, 0 bytes, Stack size 0 bytes, startup_lpc17xx.o(.text))
<BR>[Address Reference Count : 1]<UL><LI> startup_lpc17xx.o(RESET)
</UL>
<P><STRONG><a name="[1b]"></a>SPI_IRQHandler</STRONG> (Thumb, 0 bytes, Stack size 0 bytes, startup_lpc17xx.o(.text))
<BR>[Address Reference Count : 1]<UL><LI> startup_lpc17xx.o(RESET)
</UL>
<P><STRONG><a name="[1c]"></a>SSP0_IRQHandler</STRONG> (Thumb, 0 bytes, Stack size 0 bytes, startup_lpc17xx.o(.text))
<BR>[Address Reference Count : 1]<UL><LI> startup_lpc17xx.o(RESET)
</UL>
<P><STRONG><a name="[10]"></a>TIMER1_IRQHandler</STRONG> (Thumb, 0 bytes, Stack size 0 bytes, startup_lpc17xx.o(.text))
<BR>[Address Reference Count : 1]<UL><LI> startup_lpc17xx.o(RESET)
</UL>
<P><STRONG><a name="[11]"></a>TIMER2_IRQHandler</STRONG> (Thumb, 0 bytes, Stack size 0 bytes, startup_lpc17xx.o(.text))
<BR>[Address Reference Count : 1]<UL><LI> startup_lpc17xx.o(RESET)
</UL>
<P><STRONG><a name="[12]"></a>TIMER3_IRQHandler</STRONG> (Thumb, 0 bytes, Stack size 0 bytes, startup_lpc17xx.o(.text))
<BR>[Address Reference Count : 1]<UL><LI> startup_lpc17xx.o(RESET)
</UL>
<P><STRONG><a name="[13]"></a>UART0_IRQHandler</STRONG> (Thumb, 0 bytes, Stack size 0 bytes, startup_lpc17xx.o(.text))
<BR>[Address Reference Count : 1]<UL><LI> startup_lpc17xx.o(RESET)
</UL>
<P><STRONG><a name="[15]"></a>UART2_IRQHandler</STRONG> (Thumb, 0 bytes, Stack size 0 bytes, startup_lpc17xx.o(.text))
<BR>[Address Reference Count : 1]<UL><LI> startup_lpc17xx.o(RESET)
</UL>
<P><STRONG><a name="[16]"></a>UART3_IRQHandler</STRONG> (Thumb, 0 bytes, Stack size 0 bytes, startup_lpc17xx.o(.text))
<BR>[Address Reference Count : 1]<UL><LI> startup_lpc17xx.o(RESET)
</UL>
<P><STRONG><a name="[2f]"></a>USBActivity_IRQHandler</STRONG> (Thumb, 0 bytes, Stack size 0 bytes, startup_lpc17xx.o(.text))
<BR>[Address Reference Count : 1]<UL><LI> startup_lpc17xx.o(RESET)
</UL>
<P><STRONG><a name="[e]"></a>WDT_IRQHandler</STRONG> (Thumb, 0 bytes, Stack size 0 bytes, startup_lpc17xx.o(.text))
<BR>[Address Reference Count : 1]<UL><LI> startup_lpc17xx.o(RESET)
</UL>
<P><STRONG><a name="[be]"></a>__user_initial_stackheap</STRONG> (Thumb, 0 bytes, Stack size unknown bytes, startup_lpc17xx.o(.text))
<BR><BR>[Called By]<UL><LI><a href="#[a5]">&gt;&gt;</a>&nbsp;&nbsp;&nbsp;__user_setup_stackheap
</UL>

<P><STRONG><a name="[de]"></a>__aeabi_uldivmod</STRONG> (Thumb, 0 bytes, Stack size 48 bytes, lludivv7m.o(.text))
<BR><BR>[Stack]<UL><LI>Max Depth = 48<LI>Call Chain = __aeabi_uldivmod
</UL>
<BR>[Called By]<UL><LI><a href="#[da]">&gt;&gt;</a>&nbsp;&nbsp;&nbsp;USART_SetBaudrate
</UL>

<P><STRONG><a name="[1c7]"></a>_ll_udiv</STRONG> (Thumb, 238 bytes, Stack size 48 bytes, lludivv7m.o(.text), UNUSED)

<P><STRONG><a name="[e8]"></a>__aeabi_memcpy</STRONG> (Thumb, 0 bytes, Stack size 0 bytes, rt_memcpy_v6.o(.text))
<BR><BR>[Called By]<UL><LI><a href="#[cd]">&gt;&gt;</a>&nbsp;&nbsp;&nbsp;USBD_CDC_ACM_ReadData
<LI><a href="#[c0]">&gt;&gt;</a>&nbsp;&nbsp;&nbsp;USBD_CDC_ACM_WriteData
<LI><a href="#[eb]">&gt;&gt;</a>&nbsp;&nbsp;&nbsp;USBD_CDC_EpBulkOut
<LI><a href="#[ec]">&gt;&gt;</a>&nbsp;&nbsp;&nbsp;USBD_CDC_EpBulkIn
</UL>

<P><STRONG><a name="[b9]"></a>__rt_memcpy</STRONG> (Thumb, 138 bytes, Stack size 0 bytes, rt_memcpy_v6.o(.text), UNUSED)
<BR><BR>[Calls]<UL><LI><a href="#[ba]">&gt;&gt;</a>&nbsp;&nbsp;&nbsp;__aeabi_memcpy4
</UL>

<P><STRONG><a name="[1c8]"></a>_memcpy_lastbytes</STRONG> (Thumb, 0 bytes, Stack size unknown bytes, rt_memcpy_v6.o(.text), UNUSED)

<P><STRONG><a name="[14d]"></a>__aeabi_memclr</STRONG> (Thumb, 0 bytes, Stack size 0 bytes, rt_memclr.o(.text))
<BR><BR>[Called By]<UL><LI><a href="#[149]">&gt;&gt;</a>&nbsp;&nbsp;&nbsp;USBD_Initialize
</UL>

<P><STRONG><a name="[bb]"></a>__rt_memclr</STRONG> (Thumb, 68 bytes, Stack size 0 bytes, rt_memclr.o(.text), UNUSED)
<BR><BR>[Calls]<UL><LI><a href="#[bc]">&gt;&gt;</a>&nbsp;&nbsp;&nbsp;_memset_w
</UL>

<P><STRONG><a name="[1c9]"></a>_memset</STRONG> (Thumb, 0 bytes, Stack size unknown bytes, rt_memclr.o(.text), UNUSED)

<P><STRONG><a name="[104]"></a>__aeabi_memclr4</STRONG> (Thumb, 0 bytes, Stack size 4 bytes, rt_memclr_w.o(.text))
<BR><BR>[Stack]<UL><LI>Max Depth = 4<LI>Call Chain = __aeabi_memclr4
</UL>
<BR>[Called By]<UL><LI><a href="#[147]">&gt;&gt;</a>&nbsp;&nbsp;&nbsp;USBD_IRQ
<LI><a href="#[69]">&gt;&gt;</a>&nbsp;&nbsp;&nbsp;USBD_EndpointUnconfigure
<LI><a href="#[68]">&gt;&gt;</a>&nbsp;&nbsp;&nbsp;USBD_EndpointConfigure
<LI><a href="#[103]">&gt;&gt;</a>&nbsp;&nbsp;&nbsp;USBD_CDC_Reset
<LI><a href="#[10a]">&gt;&gt;</a>&nbsp;&nbsp;&nbsp;USBD_ResetCore
</UL>

<P><STRONG><a name="[1ca]"></a>__aeabi_memclr8</STRONG> (Thumb, 0 bytes, Stack size 4 bytes, rt_memclr_w.o(.text), UNUSED)

<P><STRONG><a name="[1cb]"></a>__rt_memclr_w</STRONG> (Thumb, 78 bytes, Stack size 4 bytes, rt_memclr_w.o(.text), UNUSED)

<P><STRONG><a name="[bc]"></a>_memset_w</STRONG> (Thumb, 0 bytes, Stack size unknown bytes, rt_memclr_w.o(.text), UNUSED)
<BR><BR>[Called By]<UL><LI><a href="#[bb]">&gt;&gt;</a>&nbsp;&nbsp;&nbsp;__rt_memclr
</UL>

<P><STRONG><a name="[ba]"></a>__aeabi_memcpy4</STRONG> (Thumb, 0 bytes, Stack size 8 bytes, rt_memcpy_w.o(.text), UNUSED)
<BR><BR>[Called By]<UL><LI><a href="#[b9]">&gt;&gt;</a>&nbsp;&nbsp;&nbsp;__rt_memcpy
</UL>

<P><STRONG><a name="[1cc]"></a>__aeabi_memcpy8</STRONG> (Thumb, 0 bytes, Stack size 8 bytes, rt_memcpy_w.o(.text), UNUSED)

<P><STRONG><a name="[1cd]"></a>__rt_memcpy_w</STRONG> (Thumb, 100 bytes, Stack size 8 bytes, rt_memcpy_w.o(.text), UNUSED)

<P><STRONG><a name="[1ce]"></a>_memcpy_lastbytes_aligned</STRONG> (Thumb, 0 bytes, Stack size unknown bytes, rt_memcpy_w.o(.text), UNUSED)

<P><STRONG><a name="[af]"></a>_sys_exit</STRONG> (Thumb, 8 bytes, Stack size 0 bytes, sys_exit.o(.text))
<BR><BR>[Called By]<UL><LI><a href="#[ae]">&gt;&gt;</a>&nbsp;&nbsp;&nbsp;__rt_exit_exit
</UL>

<P><STRONG><a name="[a5]"></a>__user_setup_stackheap</STRONG> (Thumb, 74 bytes, Stack size 8 bytes, sys_stackheap_outer.o(.text))
<BR><BR>[Stack]<UL><LI>Max Depth = 8 + Unknown Stack Size
<LI>Call Chain = __user_setup_stackheap
</UL>
<BR>[Calls]<UL><LI><a href="#[be]">&gt;&gt;</a>&nbsp;&nbsp;&nbsp;__user_initial_stackheap
<LI><a href="#[bd]">&gt;&gt;</a>&nbsp;&nbsp;&nbsp;__user_perproc_libspace
</UL>
<BR>[Called By]<UL><LI><a href="#[a4]">&gt;&gt;</a>&nbsp;&nbsp;&nbsp;__rt_entry_sh
</UL>

<P><STRONG><a name="[1cf]"></a>__I$use$semihosting</STRONG> (Thumb, 0 bytes, Stack size 0 bytes, use_no_semi.o(.text), UNUSED)

<P><STRONG><a name="[1d0]"></a>__use_no_semihosting_swi</STRONG> (Thumb, 2 bytes, Stack size 0 bytes, use_no_semi.o(.text), UNUSED)

<P><STRONG><a name="[1d1]"></a>__semihosting_library_function</STRONG> (Thumb, 0 bytes, Stack size unknown bytes, indicate_semi.o(.text), UNUSED)

<P><STRONG><a name="[24]"></a>ADC_IRQHandler</STRONG> (Thumb, 56 bytes, Stack size 0 bytes, virtualcom.o(i.ADC_IRQHandler))
<BR><BR>[Stack]<UL><LI>Max Depth = 32<LI>Call Chain = ADC_IRQHandler &rArr; send0
</UL>
<BR>[Calls]<UL><LI><a href="#[bf]">&gt;&gt;</a>&nbsp;&nbsp;&nbsp;send0
</UL>
<BR>[Address Reference Count : 1]<UL><LI> startup_lpc17xx.o(RESET)
</UL>
<P><STRONG><a name="[48]"></a>CDC0_ACM_UART_to_USB_Thread</STRONG> (Thumb, 90 bytes, Stack size 0 bytes, usbd_user_cdc_acm_uart_0.o(i.CDC0_ACM_UART_to_USB_Thread))
<BR><BR>[Stack]<UL><LI>Max Depth = 72<LI>Call Chain = CDC0_ACM_UART_to_USB_Thread &rArr; USBD_CDC_ACM_WriteData &rArr; USBD_ThreadFlagsSet &rArr; osSignalSet &rArr; isrSignalSet &rArr; isr_evt_set &rArr; rt_psq_enq
</UL>
<BR>[Calls]<UL><LI><a href="#[c1]">&gt;&gt;</a>&nbsp;&nbsp;&nbsp;osDelay
<LI><a href="#[c0]">&gt;&gt;</a>&nbsp;&nbsp;&nbsp;USBD_CDC_ACM_WriteData
</UL>
<BR>[Address Reference Count : 1]<UL><LI> usbd_user_cdc_acm_uart_0.o(.constdata)
</UL>
<P><STRONG><a name="[47]"></a>CDC0_ACM_UART_to_USB_Threadm</STRONG> (Thumb, 28 bytes, Stack size 0 bytes, virtualcom.o(i.CDC0_ACM_UART_to_USB_Threadm))
<BR><BR>[Stack]<UL><LI>Max Depth = 72<LI>Call Chain = CDC0_ACM_UART_to_USB_Threadm &rArr; USBD_CDC_ACM_WriteData &rArr; USBD_ThreadFlagsSet &rArr; osSignalSet &rArr; isrSignalSet &rArr; isr_evt_set &rArr; rt_psq_enq
</UL>
<BR>[Calls]<UL><LI><a href="#[c0]">&gt;&gt;</a>&nbsp;&nbsp;&nbsp;USBD_CDC_ACM_WriteData
</UL>
<BR>[Address Reference Count : 1]<UL><LI> virtualcom.o(.constdata)
</UL>
<P><STRONG><a name="[28]"></a>DMA_IRQHandler</STRONG> (Thumb, 220 bytes, Stack size 32 bytes, gpdma_lpc17xx.o(i.DMA_IRQHandler))
<BR><BR>[Stack]<UL><LI>Max Depth = 32<LI>Call Chain = DMA_IRQHandler
</UL>
<BR>[Calls]<UL><LI><a href="#[c2]">&gt;&gt;</a>&nbsp;&nbsp;&nbsp;Clear_Channel_active_flag
</UL>
<BR>[Address Reference Count : 1]<UL><LI> startup_lpc17xx.o(RESET)
</UL>
<P><STRONG><a name="[c3]"></a>GPDMA_ChannelConfigure</STRONG> (Thumb, 186 bytes, Stack size 40 bytes, gpdma_lpc17xx.o(i.GPDMA_ChannelConfigure))
<BR><BR>[Stack]<UL><LI>Max Depth = 40<LI>Call Chain = GPDMA_ChannelConfigure
</UL>
<BR>[Calls]<UL><LI><a href="#[c4]">&gt;&gt;</a>&nbsp;&nbsp;&nbsp;Set_Channel_active_flag
<LI><a href="#[c2]">&gt;&gt;</a>&nbsp;&nbsp;&nbsp;Clear_Channel_active_flag
</UL>
<BR>[Called By]<UL><LI><a href="#[d5]">&gt;&gt;</a>&nbsp;&nbsp;&nbsp;USART_Send
<LI><a href="#[d4]">&gt;&gt;</a>&nbsp;&nbsp;&nbsp;USART_Receive
</UL>

<P><STRONG><a name="[c5]"></a>GPDMA_ChannelDisable</STRONG> (Thumb, 40 bytes, Stack size 8 bytes, gpdma_lpc17xx.o(i.GPDMA_ChannelDisable))
<BR><BR>[Stack]<UL><LI>Max Depth = 8<LI>Call Chain = GPDMA_ChannelDisable
</UL>
<BR>[Calls]<UL><LI><a href="#[c2]">&gt;&gt;</a>&nbsp;&nbsp;&nbsp;Clear_Channel_active_flag
</UL>
<BR>[Called By]<UL><LI><a href="#[d3]">&gt;&gt;</a>&nbsp;&nbsp;&nbsp;USART_PowerControl
<LI><a href="#[ce]">&gt;&gt;</a>&nbsp;&nbsp;&nbsp;USART_Control
</UL>

<P><STRONG><a name="[d0]"></a>GPDMA_ChannelGetCount</STRONG> (Thumb, 38 bytes, Stack size 0 bytes, gpdma_lpc17xx.o(i.GPDMA_ChannelGetCount))
<BR><BR>[Called By]<UL><LI><a href="#[57]">&gt;&gt;</a>&nbsp;&nbsp;&nbsp;USART1_GetTxCount
<LI><a href="#[58]">&gt;&gt;</a>&nbsp;&nbsp;&nbsp;USART1_GetRxCount
</UL>

<P><STRONG><a name="[c6]"></a>GPDMA_Initialize</STRONG> (Thumb, 98 bytes, Stack size 8 bytes, gpdma_lpc17xx.o(i.GPDMA_Initialize))
<BR><BR>[Stack]<UL><LI>Max Depth = 8<LI>Call Chain = GPDMA_Initialize
</UL>
<BR>[Calls]<UL><LI><a href="#[c7]">&gt;&gt;</a>&nbsp;&nbsp;&nbsp;__NVIC_ClearPendingIRQ
</UL>
<BR>[Called By]<UL><LI><a href="#[d2]">&gt;&gt;</a>&nbsp;&nbsp;&nbsp;USART_Initialize
</UL>

<P><STRONG><a name="[dd]"></a>GPDMA_PeripheralSelect</STRONG> (Thumb, 48 bytes, Stack size 0 bytes, gpdma_lpc17xx.o(i.GPDMA_PeripheralSelect))
<BR><BR>[Called By]<UL><LI><a href="#[d5]">&gt;&gt;</a>&nbsp;&nbsp;&nbsp;USART_Send
<LI><a href="#[d4]">&gt;&gt;</a>&nbsp;&nbsp;&nbsp;USART_Receive
</UL>

<P><STRONG><a name="[c8]"></a>GPDMA_Uninitialize</STRONG> (Thumb, 64 bytes, Stack size 8 bytes, gpdma_lpc17xx.o(i.GPDMA_Uninitialize))
<BR><BR>[Stack]<UL><LI>Max Depth = 8<LI>Call Chain = GPDMA_Uninitialize
</UL>
<BR>[Calls]<UL><LI><a href="#[c7]">&gt;&gt;</a>&nbsp;&nbsp;&nbsp;__NVIC_ClearPendingIRQ
</UL>
<BR>[Called By]<UL><LI><a href="#[d7]">&gt;&gt;</a>&nbsp;&nbsp;&nbsp;USART_Uninitialize
</UL>

<P><STRONG><a name="[d8]"></a>PIN_Configure</STRONG> (Thumb, 100 bytes, Stack size 20 bytes, pin_lpc17xx.o(i.PIN_Configure))
<BR><BR>[Stack]<UL><LI>Max Depth = 20<LI>Call Chain = PIN_Configure
</UL>
<BR>[Called By]<UL><LI><a href="#[157]">&gt;&gt;</a>&nbsp;&nbsp;&nbsp;USB_PinsUnconfigure
<LI><a href="#[148]">&gt;&gt;</a>&nbsp;&nbsp;&nbsp;USB_PinsConfigure
<LI><a href="#[d7]">&gt;&gt;</a>&nbsp;&nbsp;&nbsp;USART_Uninitialize
<LI><a href="#[d3]">&gt;&gt;</a>&nbsp;&nbsp;&nbsp;USART_PowerControl
<LI><a href="#[d2]">&gt;&gt;</a>&nbsp;&nbsp;&nbsp;USART_Initialize
<LI><a href="#[ce]">&gt;&gt;</a>&nbsp;&nbsp;&nbsp;USART_Control
</UL>

<P><STRONG><a name="[4c]"></a>SSP1_GPDMA_Rx_SignalEvent</STRONG> (Thumb, 6 bytes, Stack size 0 bytes, ssp_lpc17xx.o(i.SSP1_GPDMA_Rx_SignalEvent))
<BR><BR>[Calls]<UL><LI><a href="#[c9]">&gt;&gt;</a>&nbsp;&nbsp;&nbsp;SSPx_GPDMA_Rx_SignalEvent
</UL>
<BR>[Address Reference Count : 1]<UL><LI> ssp_lpc17xx.o(.constdata)
</UL>
<P><STRONG><a name="[4b]"></a>SSP1_GPDMA_Tx_SignalEvent</STRONG> (Thumb, 6 bytes, Stack size 0 bytes, ssp_lpc17xx.o(i.SSP1_GPDMA_Tx_SignalEvent))
<BR><BR>[Calls]<UL><LI><a href="#[ca]">&gt;&gt;</a>&nbsp;&nbsp;&nbsp;SSPx_GPDMA_Tx_SignalEvent
</UL>
<BR>[Address Reference Count : 1]<UL><LI> ssp_lpc17xx.o(.constdata)
</UL>
<P><STRONG><a name="[1d]"></a>SSP1_IRQHandler</STRONG> (Thumb, 6 bytes, Stack size 0 bytes, ssp_lpc17xx.o(i.SSP1_IRQHandler))
<BR><BR>[Stack]<UL><LI>Max Depth = 16<LI>Call Chain = SSP1_IRQHandler &rArr; SSPx_IRQHandler
</UL>
<BR>[Calls]<UL><LI><a href="#[cb]">&gt;&gt;</a>&nbsp;&nbsp;&nbsp;SSPx_IRQHandler
</UL>
<BR>[Address Reference Count : 1]<UL><LI> startup_lpc17xx.o(RESET)
</UL>
<P><STRONG><a name="[c9]"></a>SSPx_GPDMA_Rx_SignalEvent</STRONG> (Thumb, 30 bytes, Stack size 0 bytes, ssp_lpc17xx.o(i.SSPx_GPDMA_Rx_SignalEvent))
<BR><BR>[Called By]<UL><LI><a href="#[4c]">&gt;&gt;</a>&nbsp;&nbsp;&nbsp;SSP1_GPDMA_Rx_SignalEvent
</UL>

<P><STRONG><a name="[ca]"></a>SSPx_GPDMA_Tx_SignalEvent</STRONG> (Thumb, 12 bytes, Stack size 0 bytes, ssp_lpc17xx.o(i.SSPx_GPDMA_Tx_SignalEvent))
<BR><BR>[Called By]<UL><LI><a href="#[4b]">&gt;&gt;</a>&nbsp;&nbsp;&nbsp;SSP1_GPDMA_Tx_SignalEvent
</UL>

<P><STRONG><a name="[33]"></a>SystemInit</STRONG> (Thumb, 200 bytes, Stack size 16 bytes, system_lpc17xx.o(i.SystemInit))
<BR><BR>[Stack]<UL><LI>Max Depth = 16<LI>Call Chain = SystemInit
</UL>
<BR>[Address Reference Count : 1]<UL><LI> startup_lpc17xx.o(.text)
</UL>
<P><STRONG><a name="[f]"></a>TIMER0_IRQHandler</STRONG> (Thumb, 28 bytes, Stack size 0 bytes, virtualcom.o(i.TIMER0_IRQHandler))
<BR>[Address Reference Count : 1]<UL><LI> startup_lpc17xx.o(RESET)
</UL>
<P><STRONG><a name="[14]"></a>UART1_IRQHandler</STRONG> (Thumb, 6 bytes, Stack size 0 bytes, uart_lpc17xx.o(i.UART1_IRQHandler))
<BR><BR>[Stack]<UL><LI>Max Depth = 44<LI>Call Chain = UART1_IRQHandler &rArr; USART_IRQHandler &rArr; USART_RxLineIntHandler
</UL>
<BR>[Calls]<UL><LI><a href="#[cc]">&gt;&gt;</a>&nbsp;&nbsp;&nbsp;USART_IRQHandler
</UL>
<BR>[Address Reference Count : 1]<UL><LI> startup_lpc17xx.o(RESET)
</UL>
<P><STRONG><a name="[4e]"></a>USART1_GPDMA_Rx_Event</STRONG> (Thumb, 96 bytes, Stack size 8 bytes, uart_lpc17xx.o(i.USART1_GPDMA_Rx_Event))
<BR><BR>[Stack]<UL><LI>Max Depth = 8<LI>Call Chain = USART1_GPDMA_Rx_Event
</UL>
<BR>[Address Reference Count : 1]<UL><LI> uart_lpc17xx.o(.constdata)
</UL>
<P><STRONG><a name="[4d]"></a>USART1_GPDMA_Tx_Event</STRONG> (Thumb, 50 bytes, Stack size 0 bytes, uart_lpc17xx.o(i.USART1_GPDMA_Tx_Event))
<BR>[Address Reference Count : 1]<UL><LI> uart_lpc17xx.o(.constdata)
</UL>
<P><STRONG><a name="[da]"></a>USART_SetBaudrate</STRONG> (Thumb, 204 bytes, Stack size 40 bytes, uart_lpc17xx.o(i.USART_SetBaudrate))
<BR><BR>[Stack]<UL><LI>Max Depth = 88<LI>Call Chain = USART_SetBaudrate &rArr; __aeabi_uldivmod
</UL>
<BR>[Calls]<UL><LI><a href="#[d9]">&gt;&gt;</a>&nbsp;&nbsp;&nbsp;GetUsartClockFreq
<LI><a href="#[de]">&gt;&gt;</a>&nbsp;&nbsp;&nbsp;__aeabi_uldivmod
</UL>
<BR>[Called By]<UL><LI><a href="#[ce]">&gt;&gt;</a>&nbsp;&nbsp;&nbsp;USART_Control
</UL>

<P><STRONG><a name="[6f]"></a>USBD0_Core_Thread</STRONG> (Thumb, 6 bytes, Stack size 0 bytes, usbd_lib_core.o(i.USBD0_Core_Thread))
<BR><BR>[Stack]<UL><LI>Max Depth = 272<LI>Call Chain = USBD0_Core_Thread &rArr; USBD_Core_Thread &rArr; USBD_Core &rArr; USBD_Endpoint0 &rArr; USBD_Endpoint0_Setup_CDC_ReqToIF &rArr; USBD_DataInStage &rArr; USBD_DriverEndpointTransfer &rArr; USBD_DriverEndpointTransferAbort &rArr; USBD_SemaphoreRelease &rArr; osSemaphoreRelease &rArr; isrSemaphoreRelease &rArr; isr_sem_send &rArr; rt_psq_enq
</UL>
<BR>[Calls]<UL><LI><a href="#[df]">&gt;&gt;</a>&nbsp;&nbsp;&nbsp;USBD_Core_Thread
</UL>
<BR>[Address Reference Count : 1]<UL><LI> usbd_config_0.o(.constdata)
</UL>
<P><STRONG><a name="[72]"></a>USBD0_SignalDeviceEvent</STRONG> (Thumb, 8 bytes, Stack size 0 bytes, usbd_config_0.o(i.USBD0_SignalDeviceEvent))
<BR><BR>[Stack]<UL><LI>Max Depth = 40<LI>Call Chain = USBD0_SignalDeviceEvent &rArr; USBD_SignalDeviceEvent &rArr; USBD_ThreadFlagsSet &rArr; osSignalSet &rArr; isrSignalSet &rArr; isr_evt_set &rArr; rt_psq_enq
</UL>
<BR>[Calls]<UL><LI><a href="#[e0]">&gt;&gt;</a>&nbsp;&nbsp;&nbsp;USBD_SignalDeviceEvent
</UL>
<BR>[Address Reference Count : 1]<UL><LI> usbd_config_0.o(.constdata)
</UL>
<P><STRONG><a name="[73]"></a>USBD0_SignalEndpointEvent</STRONG> (Thumb, 10 bytes, Stack size 0 bytes, usbd_config_0.o(i.USBD0_SignalEndpointEvent))
<BR><BR>[Stack]<UL><LI>Max Depth = 56<LI>Call Chain = USBD0_SignalEndpointEvent &rArr; USBD_SignalEndpointEvent &rArr; USBD_ThreadFlagsSet &rArr; osSignalSet &rArr; isrSignalSet &rArr; isr_evt_set &rArr; rt_psq_enq
</UL>
<BR>[Calls]<UL><LI><a href="#[e1]">&gt;&gt;</a>&nbsp;&nbsp;&nbsp;USBD_SignalEndpointEvent
</UL>
<BR>[Address Reference Count : 1]<UL><LI> usbd_config_0.o(.constdata)
</UL>
<P><STRONG><a name="[79]"></a>USBD_CDC0_ACM_DataReceived</STRONG> (Thumb, 40 bytes, Stack size 8 bytes, usbd_user_cdc_acm_uart_0.o(i.USBD_CDC0_ACM_DataReceived))
<BR><BR>[Stack]<UL><LI>Max Depth = 88<LI>Call Chain = USBD_CDC0_ACM_DataReceived &rArr; USBD_CDC_ACM_ReadData &rArr; USBD_ThreadFlagsSet &rArr; osSignalSet &rArr; isrSignalSet &rArr; isr_evt_set &rArr; rt_psq_enq
</UL>
<BR>[Calls]<UL><LI><a href="#[cd]">&gt;&gt;</a>&nbsp;&nbsp;&nbsp;USBD_CDC_ACM_ReadData
<LI><a href="#[c0]">&gt;&gt;</a>&nbsp;&nbsp;&nbsp;USBD_CDC_ACM_WriteData
</UL>
<BR>[Address Reference Count : 1]<UL><LI> usbd_config_0.o(.constdata)
</UL>
<P><STRONG><a name="[7a]"></a>USBD_CDC0_ACM_DataSent</STRONG> (Thumb, 2 bytes, Stack size 0 bytes, usbd_config_0.o(i.USBD_CDC0_ACM_DataSent))
<BR>[Address Reference Count : 1]<UL><LI> usbd_config_0.o(.constdata)
</UL>
<P><STRONG><a name="[77]"></a>USBD_CDC0_ACM_GetLineCoding</STRONG> (Thumb, 18 bytes, Stack size 0 bytes, usbd_user_cdc_acm_uart_0.o(i.USBD_CDC0_ACM_GetLineCoding))
<BR>[Address Reference Count : 1]<UL><LI> usbd_config_0.o(.constdata)
</UL>
<P><STRONG><a name="[74]"></a>USBD_CDC0_ACM_Initialize</STRONG> (Thumb, 30 bytes, Stack size 8 bytes, usbd_user_cdc_acm_uart_0.o(i.USBD_CDC0_ACM_Initialize))
<BR><BR>[Stack]<UL><LI>Max Depth = 80<LI>Call Chain = USBD_CDC0_ACM_Initialize &rArr; osThreadCreate &rArr; svcThreadCreate &rArr; rt_tsk_create &rArr; rt_init_context &rArr; rt_init_stack
</UL>
<BR>[Calls]<UL><LI><a href="#[b1]">&gt;&gt;</a>&nbsp;&nbsp;&nbsp;osThreadCreate
</UL>
<BR>[Address Reference Count : 1]<UL><LI> usbd_config_0.o(.constdata)
</UL>
<P><STRONG><a name="[75]"></a>USBD_CDC0_ACM_Reset</STRONG> (Thumb, 24 bytes, Stack size 8 bytes, usbd_user_cdc_acm_uart_0.o(i.USBD_CDC0_ACM_Reset))
<BR><BR>[Stack]<UL><LI>Max Depth = 8<LI>Call Chain = USBD_CDC0_ACM_Reset
</UL>
<BR>[Address Reference Count : 1]<UL><LI> usbd_config_0.o(.constdata)
</UL>
<P><STRONG><a name="[78]"></a>USBD_CDC0_ACM_SetControlLineState</STRONG> (Thumb, 4 bytes, Stack size 0 bytes, usbd_user_cdc_acm_uart_0.o(i.USBD_CDC0_ACM_SetControlLineState))
<BR>[Address Reference Count : 1]<UL><LI> usbd_config_0.o(.constdata)
</UL>
<P><STRONG><a name="[76]"></a>USBD_CDC0_ACM_SetLineCoding</STRONG> (Thumb, 216 bytes, Stack size 24 bytes, usbd_user_cdc_acm_uart_0.o(i.USBD_CDC0_ACM_SetLineCoding))
<BR><BR>[Stack]<UL><LI>Max Depth = 24<LI>Call Chain = USBD_CDC0_ACM_SetLineCoding
</UL>
<BR>[Address Reference Count : 1]<UL><LI> usbd_config_0.o(.constdata)
</UL>
<P><STRONG><a name="[71]"></a>USBD_CDC0_Bulk_Thread</STRONG> (Thumb, 6 bytes, Stack size 0 bytes, usbd_lib_cdc.o(i.USBD_CDC0_Bulk_Thread))
<BR><BR>[Stack]<UL><LI>Max Depth = 200<LI>Call Chain = USBD_CDC0_Bulk_Thread &rArr; USBD_CDC_Bulk_Thread &rArr; USBD_CDC_EpBulkOut &rArr; USBD_DriverEndpointTransfer &rArr; USBD_DriverEndpointTransferAbort &rArr; USBD_SemaphoreRelease &rArr; osSemaphoreRelease &rArr; isrSemaphoreRelease &rArr; isr_sem_send &rArr; rt_psq_enq
</UL>
<BR>[Calls]<UL><LI><a href="#[e2]">&gt;&gt;</a>&nbsp;&nbsp;&nbsp;USBD_CDC_Bulk_Thread
</UL>
<BR>[Address Reference Count : 1]<UL><LI> usbd_config_0.o(.constdata)
</UL>
<P><STRONG><a name="[70]"></a>USBD_CDC0_Int_Thread</STRONG> (Thumb, 6 bytes, Stack size 0 bytes, usbd_lib_cdc.o(i.USBD_CDC0_Int_Thread))
<BR><BR>[Stack]<UL><LI>Max Depth = 168<LI>Call Chain = USBD_CDC0_Int_Thread &rArr; USBD_CDC_Int_Thread &rArr; USBD_DriverEndpointTransfer &rArr; USBD_DriverEndpointTransferAbort &rArr; USBD_SemaphoreRelease &rArr; osSemaphoreRelease &rArr; isrSemaphoreRelease &rArr; isr_sem_send &rArr; rt_psq_enq
</UL>
<BR>[Calls]<UL><LI><a href="#[e3]">&gt;&gt;</a>&nbsp;&nbsp;&nbsp;USBD_CDC_Int_Thread
</UL>
<BR>[Address Reference Count : 1]<UL><LI> usbd_config_0.o(.constdata)
</UL>
<P><STRONG><a name="[8d]"></a>USBD_CDC0_NCM_GetCrcMode</STRONG> (Thumb, 4 bytes, Stack size 0 bytes, usbd_config_0.o(i.USBD_CDC0_NCM_GetCrcMode))
<BR>[Address Reference Count : 1]<UL><LI> usbd_config_0.o(.constdata)
</UL>
<P><STRONG><a name="[81]"></a>USBD_CDC0_NCM_GetEthernetPowerManagementPatternFilter</STRONG> (Thumb, 4 bytes, Stack size 0 bytes, usbd_config_0.o(i.USBD_CDC0_NCM_GetEthernetPowerManagementPatternFilter))
<BR>[Address Reference Count : 1]<UL><LI> usbd_config_0.o(.constdata)
</UL>
<P><STRONG><a name="[83]"></a>USBD_CDC0_NCM_GetEthernetStatistic</STRONG> (Thumb, 4 bytes, Stack size 0 bytes, usbd_config_0.o(i.USBD_CDC0_NCM_GetEthernetStatistic))
<BR>[Address Reference Count : 1]<UL><LI> usbd_config_0.o(.constdata)
</UL>
<P><STRONG><a name="[8b]"></a>USBD_CDC0_NCM_GetMaxDatagramSize</STRONG> (Thumb, 4 bytes, Stack size 0 bytes, usbd_config_0.o(i.USBD_CDC0_NCM_GetMaxDatagramSize))
<BR>[Address Reference Count : 1]<UL><LI> usbd_config_0.o(.constdata)
</UL>
<P><STRONG><a name="[85]"></a>USBD_CDC0_NCM_GetNetAddress</STRONG> (Thumb, 4 bytes, Stack size 0 bytes, usbd_config_0.o(i.USBD_CDC0_NCM_GetNetAddress))
<BR>[Address Reference Count : 1]<UL><LI> usbd_config_0.o(.constdata)
</UL>
<P><STRONG><a name="[87]"></a>USBD_CDC0_NCM_GetNtbFormat</STRONG> (Thumb, 4 bytes, Stack size 0 bytes, usbd_config_0.o(i.USBD_CDC0_NCM_GetNtbFormat))
<BR>[Address Reference Count : 1]<UL><LI> usbd_config_0.o(.constdata)
</UL>
<P><STRONG><a name="[89]"></a>USBD_CDC0_NCM_GetNtbInputSize</STRONG> (Thumb, 4 bytes, Stack size 0 bytes, usbd_config_0.o(i.USBD_CDC0_NCM_GetNtbInputSize))
<BR>[Address Reference Count : 1]<UL><LI> usbd_config_0.o(.constdata)
</UL>
<P><STRONG><a name="[84]"></a>USBD_CDC0_NCM_GetNtbParameters</STRONG> (Thumb, 4 bytes, Stack size 0 bytes, usbd_config_0.o(i.USBD_CDC0_NCM_GetNtbParameters))
<BR>[Address Reference Count : 1]<UL><LI> usbd_config_0.o(.constdata)
</UL>
<P><STRONG><a name="[7b]"></a>USBD_CDC0_NCM_Initialize</STRONG> (Thumb, 2 bytes, Stack size 0 bytes, usbd_config_0.o(i.USBD_CDC0_NCM_Initialize))
<BR>[Address Reference Count : 1]<UL><LI> usbd_config_0.o(.constdata)
</UL>
<P><STRONG><a name="[8f]"></a>USBD_CDC0_NCM_NTB_IN_Sent</STRONG> (Thumb, 2 bytes, Stack size 0 bytes, usbd_config_0.o(i.USBD_CDC0_NCM_NTB_IN_Sent))
<BR>[Address Reference Count : 1]<UL><LI> usbd_config_0.o(.constdata)
</UL>
<P><STRONG><a name="[90]"></a>USBD_CDC0_NCM_NTB_OUT_Received</STRONG> (Thumb, 2 bytes, Stack size 0 bytes, usbd_config_0.o(i.USBD_CDC0_NCM_NTB_OUT_Received))
<BR>[Address Reference Count : 1]<UL><LI> usbd_config_0.o(.constdata)
</UL>
<P><STRONG><a name="[7c]"></a>USBD_CDC0_NCM_Reset</STRONG> (Thumb, 2 bytes, Stack size 0 bytes, usbd_config_0.o(i.USBD_CDC0_NCM_Reset))
<BR>[Address Reference Count : 1]<UL><LI> usbd_config_0.o(.constdata)
</UL>
<P><STRONG><a name="[8e]"></a>USBD_CDC0_NCM_SetCrcMode</STRONG> (Thumb, 4 bytes, Stack size 0 bytes, usbd_config_0.o(i.USBD_CDC0_NCM_SetCrcMode))
<BR>[Address Reference Count : 1]<UL><LI> usbd_config_0.o(.constdata)
</UL>
<P><STRONG><a name="[7f]"></a>USBD_CDC0_NCM_SetEthernetMulticastFilters</STRONG> (Thumb, 4 bytes, Stack size 0 bytes, usbd_config_0.o(i.USBD_CDC0_NCM_SetEthernetMulticastFilters))
<BR>[Address Reference Count : 1]<UL><LI> usbd_config_0.o(.constdata)
</UL>
<P><STRONG><a name="[82]"></a>USBD_CDC0_NCM_SetEthernetPacketFilter</STRONG> (Thumb, 4 bytes, Stack size 0 bytes, usbd_config_0.o(i.USBD_CDC0_NCM_SetEthernetPacketFilter))
<BR>[Address Reference Count : 1]<UL><LI> usbd_config_0.o(.constdata)
</UL>
<P><STRONG><a name="[80]"></a>USBD_CDC0_NCM_SetEthernetPowerManagementPatternFilter</STRONG> (Thumb, 4 bytes, Stack size 0 bytes, usbd_config_0.o(i.USBD_CDC0_NCM_SetEthernetPowerManagementPatternFilter))
<BR>[Address Reference Count : 1]<UL><LI> usbd_config_0.o(.constdata)
</UL>
<P><STRONG><a name="[8c]"></a>USBD_CDC0_NCM_SetMaxDatagramSize</STRONG> (Thumb, 4 bytes, Stack size 0 bytes, usbd_config_0.o(i.USBD_CDC0_NCM_SetMaxDatagramSize))
<BR>[Address Reference Count : 1]<UL><LI> usbd_config_0.o(.constdata)
</UL>
<P><STRONG><a name="[86]"></a>USBD_CDC0_NCM_SetNetAddress</STRONG> (Thumb, 4 bytes, Stack size 0 bytes, usbd_config_0.o(i.USBD_CDC0_NCM_SetNetAddress))
<BR>[Address Reference Count : 1]<UL><LI> usbd_config_0.o(.constdata)
</UL>
<P><STRONG><a name="[88]"></a>USBD_CDC0_NCM_SetNtbFormat</STRONG> (Thumb, 4 bytes, Stack size 0 bytes, usbd_config_0.o(i.USBD_CDC0_NCM_SetNtbFormat))
<BR>[Address Reference Count : 1]<UL><LI> usbd_config_0.o(.constdata)
</UL>
<P><STRONG><a name="[8a]"></a>USBD_CDC0_NCM_SetNtbInputSize</STRONG> (Thumb, 4 bytes, Stack size 0 bytes, usbd_config_0.o(i.USBD_CDC0_NCM_SetNtbInputSize))
<BR>[Address Reference Count : 1]<UL><LI> usbd_config_0.o(.constdata)
</UL>
<P><STRONG><a name="[7d]"></a>USBD_CDC0_NCM_Start</STRONG> (Thumb, 2 bytes, Stack size 0 bytes, usbd_config_0.o(i.USBD_CDC0_NCM_Start))
<BR>[Address Reference Count : 1]<UL><LI> usbd_config_0.o(.constdata)
</UL>
<P><STRONG><a name="[7e]"></a>USBD_CDC0_NCM_Stop</STRONG> (Thumb, 2 bytes, Stack size 0 bytes, usbd_config_0.o(i.USBD_CDC0_NCM_Stop))
<BR>[Address Reference Count : 1]<UL><LI> usbd_config_0.o(.constdata)
</UL>
<P><STRONG><a name="[13f]"></a>USBD_CDC_ACM_CoreClearCommFeature</STRONG> (Thumb, 4 bytes, Stack size 0 bytes, usbd_lib_cdc.o(i.USBD_CDC_ACM_CoreClearCommFeature))
<BR><BR>[Called By]<UL><LI><a href="#[138]">&gt;&gt;</a>&nbsp;&nbsp;&nbsp;USBD_Endpoint0_Setup_CDC_ReqToIF
</UL>

<P><STRONG><a name="[13e]"></a>USBD_CDC_ACM_CoreGetCommFeature</STRONG> (Thumb, 4 bytes, Stack size 0 bytes, usbd_lib_cdc.o(i.USBD_CDC_ACM_CoreGetCommFeature))
<BR><BR>[Called By]<UL><LI><a href="#[138]">&gt;&gt;</a>&nbsp;&nbsp;&nbsp;USBD_Endpoint0_Setup_CDC_ReqToIF
</UL>

<P><STRONG><a name="[13d]"></a>USBD_CDC_ACM_CoreGetEncapsulatedResponse</STRONG> (Thumb, 4 bytes, Stack size 0 bytes, usbd_lib_cdc.o(i.USBD_CDC_ACM_CoreGetEncapsulatedResponse))
<BR><BR>[Called By]<UL><LI><a href="#[138]">&gt;&gt;</a>&nbsp;&nbsp;&nbsp;USBD_Endpoint0_Setup_CDC_ReqToIF
</UL>

<P><STRONG><a name="[e4]"></a>USBD_CDC_ACM_CoreGetLineCoding</STRONG> (Thumb, 66 bytes, Stack size 16 bytes, usbd_lib_cdc.o(i.USBD_CDC_ACM_CoreGetLineCoding))
<BR><BR>[Stack]<UL><LI>Max Depth = 16<LI>Call Chain = USBD_CDC_ACM_CoreGetLineCoding
</UL>
<BR>[Calls]<UL><LI><a href="#[e5]">&gt;&gt;</a>&nbsp;&nbsp;&nbsp;USBD_CDC_CheckInstance
</UL>
<BR>[Called By]<UL><LI><a href="#[138]">&gt;&gt;</a>&nbsp;&nbsp;&nbsp;USBD_Endpoint0_Setup_CDC_ReqToIF
</UL>

<P><STRONG><a name="[140]"></a>USBD_CDC_ACM_CoreSendBreak</STRONG> (Thumb, 4 bytes, Stack size 0 bytes, usbd_lib_cdc.o(i.USBD_CDC_ACM_CoreSendBreak))
<BR><BR>[Called By]<UL><LI><a href="#[138]">&gt;&gt;</a>&nbsp;&nbsp;&nbsp;USBD_Endpoint0_Setup_CDC_ReqToIF
</UL>

<P><STRONG><a name="[13b]"></a>USBD_CDC_ACM_CoreSendEncapsulatedCommand</STRONG> (Thumb, 4 bytes, Stack size 0 bytes, usbd_lib_cdc.o(i.USBD_CDC_ACM_CoreSendEncapsulatedCommand))
<BR><BR>[Called By]<UL><LI><a href="#[12d]">&gt;&gt;</a>&nbsp;&nbsp;&nbsp;USBD_Endpoint0_Out_CDC_ReqToIF
</UL>

<P><STRONG><a name="[13c]"></a>USBD_CDC_ACM_CoreSetCommFeature</STRONG> (Thumb, 4 bytes, Stack size 0 bytes, usbd_lib_cdc.o(i.USBD_CDC_ACM_CoreSetCommFeature))
<BR><BR>[Called By]<UL><LI><a href="#[12d]">&gt;&gt;</a>&nbsp;&nbsp;&nbsp;USBD_Endpoint0_Out_CDC_ReqToIF
</UL>

<P><STRONG><a name="[e6]"></a>USBD_CDC_ACM_CoreSetControlLineState</STRONG> (Thumb, 44 bytes, Stack size 16 bytes, usbd_lib_cdc.o(i.USBD_CDC_ACM_CoreSetControlLineState))
<BR><BR>[Stack]<UL><LI>Max Depth = 16<LI>Call Chain = USBD_CDC_ACM_CoreSetControlLineState
</UL>
<BR>[Calls]<UL><LI><a href="#[e5]">&gt;&gt;</a>&nbsp;&nbsp;&nbsp;USBD_CDC_CheckInstance
</UL>
<BR>[Called By]<UL><LI><a href="#[138]">&gt;&gt;</a>&nbsp;&nbsp;&nbsp;USBD_Endpoint0_Setup_CDC_ReqToIF
</UL>

<P><STRONG><a name="[e7]"></a>USBD_CDC_ACM_CoreSetLineCoding</STRONG> (Thumb, 62 bytes, Stack size 16 bytes, usbd_lib_cdc.o(i.USBD_CDC_ACM_CoreSetLineCoding))
<BR><BR>[Stack]<UL><LI>Max Depth = 16<LI>Call Chain = USBD_CDC_ACM_CoreSetLineCoding
</UL>
<BR>[Calls]<UL><LI><a href="#[e5]">&gt;&gt;</a>&nbsp;&nbsp;&nbsp;USBD_CDC_CheckInstance
</UL>
<BR>[Called By]<UL><LI><a href="#[12d]">&gt;&gt;</a>&nbsp;&nbsp;&nbsp;USBD_Endpoint0_Out_CDC_ReqToIF
</UL>

<P><STRONG><a name="[cd]"></a>USBD_CDC_ACM_ReadData</STRONG> (Thumb, 192 bytes, Stack size 40 bytes, usbd_lib_cdc.o(i.USBD_CDC_ACM_ReadData))
<BR><BR>[Stack]<UL><LI>Max Depth = 80<LI>Call Chain = USBD_CDC_ACM_ReadData &rArr; USBD_ThreadFlagsSet &rArr; osSignalSet &rArr; isrSignalSet &rArr; isr_evt_set &rArr; rt_psq_enq
</UL>
<BR>[Calls]<UL><LI><a href="#[e8]">&gt;&gt;</a>&nbsp;&nbsp;&nbsp;__aeabi_memcpy
<LI><a href="#[e9]">&gt;&gt;</a>&nbsp;&nbsp;&nbsp;USBD_ThreadFlagsSet
<LI><a href="#[e5]">&gt;&gt;</a>&nbsp;&nbsp;&nbsp;USBD_CDC_CheckInstance
</UL>
<BR>[Called By]<UL><LI><a href="#[79]">&gt;&gt;</a>&nbsp;&nbsp;&nbsp;USBD_CDC0_ACM_DataReceived
<LI><a href="#[35]">&gt;&gt;</a>&nbsp;&nbsp;&nbsp;UART_Callback
</UL>

<P><STRONG><a name="[c0]"></a>USBD_CDC_ACM_WriteData</STRONG> (Thumb, 162 bytes, Stack size 32 bytes, usbd_lib_cdc.o(i.USBD_CDC_ACM_WriteData))
<BR><BR>[Stack]<UL><LI>Max Depth = 72<LI>Call Chain = USBD_CDC_ACM_WriteData &rArr; USBD_ThreadFlagsSet &rArr; osSignalSet &rArr; isrSignalSet &rArr; isr_evt_set &rArr; rt_psq_enq
</UL>
<BR>[Calls]<UL><LI><a href="#[e8]">&gt;&gt;</a>&nbsp;&nbsp;&nbsp;__aeabi_memcpy
<LI><a href="#[e9]">&gt;&gt;</a>&nbsp;&nbsp;&nbsp;USBD_ThreadFlagsSet
<LI><a href="#[e5]">&gt;&gt;</a>&nbsp;&nbsp;&nbsp;USBD_CDC_CheckInstance
</UL>
<BR>[Called By]<UL><LI><a href="#[79]">&gt;&gt;</a>&nbsp;&nbsp;&nbsp;USBD_CDC0_ACM_DataReceived
<LI><a href="#[48]">&gt;&gt;</a>&nbsp;&nbsp;&nbsp;CDC0_ACM_UART_to_USB_Thread
<LI><a href="#[47]">&gt;&gt;</a>&nbsp;&nbsp;&nbsp;CDC0_ACM_UART_to_USB_Threadm
</UL>

<P><STRONG><a name="[e2]"></a>USBD_CDC_Bulk_Thread</STRONG> (Thumb, 52 bytes, Stack size 16 bytes, usbd_lib_cdc.o(i.USBD_CDC_Bulk_Thread))
<BR><BR>[Stack]<UL><LI>Max Depth = 200<LI>Call Chain = USBD_CDC_Bulk_Thread &rArr; USBD_CDC_EpBulkOut &rArr; USBD_DriverEndpointTransfer &rArr; USBD_DriverEndpointTransferAbort &rArr; USBD_SemaphoreRelease &rArr; osSemaphoreRelease &rArr; isrSemaphoreRelease &rArr; isr_sem_send &rArr; rt_psq_enq
</UL>
<BR>[Calls]<UL><LI><a href="#[ea]">&gt;&gt;</a>&nbsp;&nbsp;&nbsp;USBD_ThreadFlagsWait
<LI><a href="#[eb]">&gt;&gt;</a>&nbsp;&nbsp;&nbsp;USBD_CDC_EpBulkOut
<LI><a href="#[ec]">&gt;&gt;</a>&nbsp;&nbsp;&nbsp;USBD_CDC_EpBulkIn
<LI><a href="#[e5]">&gt;&gt;</a>&nbsp;&nbsp;&nbsp;USBD_CDC_CheckInstance
</UL>
<BR>[Called By]<UL><LI><a href="#[71]">&gt;&gt;</a>&nbsp;&nbsp;&nbsp;USBD_CDC0_Bulk_Thread
</UL>

<P><STRONG><a name="[ed]"></a>USBD_CDC_EndpointStart</STRONG> (Thumb, 126 bytes, Stack size 24 bytes, usbd_lib_cdc.o(i.USBD_CDC_EndpointStart))
<BR><BR>[Stack]<UL><LI>Max Depth = 64<LI>Call Chain = USBD_CDC_EndpointStart &rArr; USBD_ThreadFlagsSet &rArr; osSignalSet &rArr; isrSignalSet &rArr; isr_evt_set &rArr; rt_psq_enq
</UL>
<BR>[Calls]<UL><LI><a href="#[e9]">&gt;&gt;</a>&nbsp;&nbsp;&nbsp;USBD_ThreadFlagsSet
<LI><a href="#[e5]">&gt;&gt;</a>&nbsp;&nbsp;&nbsp;USBD_CDC_CheckInstance
</UL>
<BR>[Called By]<UL><LI><a href="#[141]">&gt;&gt;</a>&nbsp;&nbsp;&nbsp;USBD_EndpointStart
</UL>

<P><STRONG><a name="[ee]"></a>USBD_CDC_EndpointStop</STRONG> (Thumb, 70 bytes, Stack size 24 bytes, usbd_lib_cdc.o(i.USBD_CDC_EndpointStop))
<BR><BR>[Stack]<UL><LI>Max Depth = 24<LI>Call Chain = USBD_CDC_EndpointStop
</UL>
<BR>[Calls]<UL><LI><a href="#[e5]">&gt;&gt;</a>&nbsp;&nbsp;&nbsp;USBD_CDC_CheckInstance
</UL>
<BR>[Called By]<UL><LI><a href="#[142]">&gt;&gt;</a>&nbsp;&nbsp;&nbsp;USBD_EndpointStop
</UL>

<P><STRONG><a name="[f1]"></a>USBD_CDC_Initialize</STRONG> (Thumb, 92 bytes, Stack size 16 bytes, usbd_lib_cdc.o(i.USBD_CDC_Initialize))
<BR><BR>[Stack]<UL><LI>Max Depth = 88<LI>Call Chain = USBD_CDC_Initialize &rArr; USBD_ThreadCreate &rArr; osThreadCreate &rArr; svcThreadCreate &rArr; rt_tsk_create &rArr; rt_init_context &rArr; rt_init_stack
</UL>
<BR>[Calls]<UL><LI><a href="#[f2]">&gt;&gt;</a>&nbsp;&nbsp;&nbsp;USBD_ThreadCreate
<LI><a href="#[e5]">&gt;&gt;</a>&nbsp;&nbsp;&nbsp;USBD_CDC_CheckInstance
</UL>
<BR>[Called By]<UL><LI><a href="#[105]">&gt;&gt;</a>&nbsp;&nbsp;&nbsp;USBD_ClassInitialize
</UL>

<P><STRONG><a name="[e3]"></a>USBD_CDC_Int_Thread</STRONG> (Thumb, 116 bytes, Stack size 32 bytes, usbd_lib_cdc.o(i.USBD_CDC_Int_Thread))
<BR><BR>[Stack]<UL><LI>Max Depth = 168<LI>Call Chain = USBD_CDC_Int_Thread &rArr; USBD_DriverEndpointTransfer &rArr; USBD_DriverEndpointTransferAbort &rArr; USBD_SemaphoreRelease &rArr; osSemaphoreRelease &rArr; isrSemaphoreRelease &rArr; isr_sem_send &rArr; rt_psq_enq
</UL>
<BR>[Calls]<UL><LI><a href="#[ea]">&gt;&gt;</a>&nbsp;&nbsp;&nbsp;USBD_ThreadFlagsWait
<LI><a href="#[e5]">&gt;&gt;</a>&nbsp;&nbsp;&nbsp;USBD_CDC_CheckInstance
<LI><a href="#[ef]">&gt;&gt;</a>&nbsp;&nbsp;&nbsp;USBD_DriverEndpointTransferGetResult
<LI><a href="#[f0]">&gt;&gt;</a>&nbsp;&nbsp;&nbsp;USBD_DriverEndpointTransfer
</UL>
<BR>[Called By]<UL><LI><a href="#[70]">&gt;&gt;</a>&nbsp;&nbsp;&nbsp;USBD_CDC0_Int_Thread
</UL>

<P><STRONG><a name="[f3]"></a>USBD_CDC_NCM_CoreGetCrcMode</STRONG> (Thumb, 32 bytes, Stack size 16 bytes, usbd_lib_cdc.o(i.USBD_CDC_NCM_CoreGetCrcMode))
<BR><BR>[Stack]<UL><LI>Max Depth = 16<LI>Call Chain = USBD_CDC_NCM_CoreGetCrcMode
</UL>
<BR>[Calls]<UL><LI><a href="#[e5]">&gt;&gt;</a>&nbsp;&nbsp;&nbsp;USBD_CDC_CheckInstance
</UL>
<BR>[Called By]<UL><LI><a href="#[138]">&gt;&gt;</a>&nbsp;&nbsp;&nbsp;USBD_Endpoint0_Setup_CDC_ReqToIF
</UL>

<P><STRONG><a name="[f4]"></a>USBD_CDC_NCM_CoreGetEthernetPowerManagementPatternFilter</STRONG> (Thumb, 40 bytes, Stack size 24 bytes, usbd_lib_cdc.o(i.USBD_CDC_NCM_CoreGetEthernetPowerManagementPatternFilter))
<BR><BR>[Stack]<UL><LI>Max Depth = 24<LI>Call Chain = USBD_CDC_NCM_CoreGetEthernetPowerManagementPatternFilter
</UL>
<BR>[Calls]<UL><LI><a href="#[e5]">&gt;&gt;</a>&nbsp;&nbsp;&nbsp;USBD_CDC_CheckInstance
</UL>
<BR>[Called By]<UL><LI><a href="#[138]">&gt;&gt;</a>&nbsp;&nbsp;&nbsp;USBD_Endpoint0_Setup_CDC_ReqToIF
</UL>

<P><STRONG><a name="[f5]"></a>USBD_CDC_NCM_CoreGetEthernetStatistic</STRONG> (Thumb, 40 bytes, Stack size 24 bytes, usbd_lib_cdc.o(i.USBD_CDC_NCM_CoreGetEthernetStatistic))
<BR><BR>[Stack]<UL><LI>Max Depth = 24<LI>Call Chain = USBD_CDC_NCM_CoreGetEthernetStatistic
</UL>
<BR>[Calls]<UL><LI><a href="#[e5]">&gt;&gt;</a>&nbsp;&nbsp;&nbsp;USBD_CDC_CheckInstance
</UL>
<BR>[Called By]<UL><LI><a href="#[138]">&gt;&gt;</a>&nbsp;&nbsp;&nbsp;USBD_Endpoint0_Setup_CDC_ReqToIF
</UL>

<P><STRONG><a name="[f6]"></a>USBD_CDC_NCM_CoreGetMaxDatagramSize</STRONG> (Thumb, 32 bytes, Stack size 16 bytes, usbd_lib_cdc.o(i.USBD_CDC_NCM_CoreGetMaxDatagramSize))
<BR><BR>[Stack]<UL><LI>Max Depth = 16<LI>Call Chain = USBD_CDC_NCM_CoreGetMaxDatagramSize
</UL>
<BR>[Calls]<UL><LI><a href="#[e5]">&gt;&gt;</a>&nbsp;&nbsp;&nbsp;USBD_CDC_CheckInstance
</UL>
<BR>[Called By]<UL><LI><a href="#[138]">&gt;&gt;</a>&nbsp;&nbsp;&nbsp;USBD_Endpoint0_Setup_CDC_ReqToIF
</UL>

<P><STRONG><a name="[f7]"></a>USBD_CDC_NCM_CoreGetNetAddress</STRONG> (Thumb, 32 bytes, Stack size 16 bytes, usbd_lib_cdc.o(i.USBD_CDC_NCM_CoreGetNetAddress))
<BR><BR>[Stack]<UL><LI>Max Depth = 16<LI>Call Chain = USBD_CDC_NCM_CoreGetNetAddress
</UL>
<BR>[Calls]<UL><LI><a href="#[e5]">&gt;&gt;</a>&nbsp;&nbsp;&nbsp;USBD_CDC_CheckInstance
</UL>
<BR>[Called By]<UL><LI><a href="#[138]">&gt;&gt;</a>&nbsp;&nbsp;&nbsp;USBD_Endpoint0_Setup_CDC_ReqToIF
</UL>

<P><STRONG><a name="[f8]"></a>USBD_CDC_NCM_CoreGetNtbFormat</STRONG> (Thumb, 32 bytes, Stack size 16 bytes, usbd_lib_cdc.o(i.USBD_CDC_NCM_CoreGetNtbFormat))
<BR><BR>[Stack]<UL><LI>Max Depth = 16<LI>Call Chain = USBD_CDC_NCM_CoreGetNtbFormat
</UL>
<BR>[Calls]<UL><LI><a href="#[e5]">&gt;&gt;</a>&nbsp;&nbsp;&nbsp;USBD_CDC_CheckInstance
</UL>
<BR>[Called By]<UL><LI><a href="#[138]">&gt;&gt;</a>&nbsp;&nbsp;&nbsp;USBD_Endpoint0_Setup_CDC_ReqToIF
</UL>

<P><STRONG><a name="[f9]"></a>USBD_CDC_NCM_CoreGetNtbInputSize</STRONG> (Thumb, 32 bytes, Stack size 16 bytes, usbd_lib_cdc.o(i.USBD_CDC_NCM_CoreGetNtbInputSize))
<BR><BR>[Stack]<UL><LI>Max Depth = 16<LI>Call Chain = USBD_CDC_NCM_CoreGetNtbInputSize
</UL>
<BR>[Calls]<UL><LI><a href="#[e5]">&gt;&gt;</a>&nbsp;&nbsp;&nbsp;USBD_CDC_CheckInstance
</UL>
<BR>[Called By]<UL><LI><a href="#[138]">&gt;&gt;</a>&nbsp;&nbsp;&nbsp;USBD_Endpoint0_Setup_CDC_ReqToIF
</UL>

<P><STRONG><a name="[fa]"></a>USBD_CDC_NCM_CoreGetNtbParameters</STRONG> (Thumb, 32 bytes, Stack size 16 bytes, usbd_lib_cdc.o(i.USBD_CDC_NCM_CoreGetNtbParameters))
<BR><BR>[Stack]<UL><LI>Max Depth = 16<LI>Call Chain = USBD_CDC_NCM_CoreGetNtbParameters
</UL>
<BR>[Calls]<UL><LI><a href="#[e5]">&gt;&gt;</a>&nbsp;&nbsp;&nbsp;USBD_CDC_CheckInstance
</UL>
<BR>[Called By]<UL><LI><a href="#[138]">&gt;&gt;</a>&nbsp;&nbsp;&nbsp;USBD_Endpoint0_Setup_CDC_ReqToIF
</UL>

<P><STRONG><a name="[fb]"></a>USBD_CDC_NCM_CoreSetCrcMode</STRONG> (Thumb, 46 bytes, Stack size 16 bytes, usbd_lib_cdc.o(i.USBD_CDC_NCM_CoreSetCrcMode))
<BR><BR>[Stack]<UL><LI>Max Depth = 16<LI>Call Chain = USBD_CDC_NCM_CoreSetCrcMode
</UL>
<BR>[Calls]<UL><LI><a href="#[e5]">&gt;&gt;</a>&nbsp;&nbsp;&nbsp;USBD_CDC_CheckInstance
</UL>
<BR>[Called By]<UL><LI><a href="#[138]">&gt;&gt;</a>&nbsp;&nbsp;&nbsp;USBD_Endpoint0_Setup_CDC_ReqToIF
</UL>

[...]
<BR><BR>[Stack]<UL><LI>Max Depth = 32<LI>Call Chain = USBD_PowerControl
</UL>
<BR>[Calls]<UL><LI><a href="#[11d]">&gt;&gt;</a>&nbsp;&nbsp;&nbsp;__NVIC_EnableIRQ
<LI><a href="#[11b]">&gt;&gt;</a>&nbsp;&nbsp;&nbsp;__NVIC_DisableIRQ
</UL>
<BR>[Called By]<UL><LI><a href="#[65]">&gt;&gt;</a>&nbsp;&nbsp;&nbsp;USBD_DeviceRemoteWakeup
</UL>
<BR>[Address Reference Count : 1]<UL><LI> usbd_lpc17xx.o(.constdata)
</UL>
<P><STRONG><a name="[67]"></a>USBD_ReadSetupPacket</STRONG> (Thumb, 88 bytes, Stack size 24 bytes, usbd_lpc17xx.o(i.USBD_ReadSetupPacket))
<BR><BR>[Stack]<UL><LI>Max Depth = 48<LI>Call Chain = USBD_ReadSetupPacket &rArr; USBD_HW_ReadEP &rArr; SIE_EP_WrCmd
</UL>
<BR>[Calls]<UL><LI><a href="#[11a]">&gt;&gt;</a>&nbsp;&nbsp;&nbsp;check_and_set_var
<LI><a href="#[11d]">&gt;&gt;</a>&nbsp;&nbsp;&nbsp;__NVIC_EnableIRQ
<LI><a href="#[11b]">&gt;&gt;</a>&nbsp;&nbsp;&nbsp;__NVIC_DisableIRQ
<LI><a href="#[145]">&gt;&gt;</a>&nbsp;&nbsp;&nbsp;USBD_HW_ReadEP
</UL>
<BR>[Address Reference Count : 1]<UL><LI> usbd_lpc17xx.o(.constdata)
</UL>
<P><STRONG><a name="[60]"></a>USBD_Uninitialize</STRONG> (Thumb, 28 bytes, Stack size 8 bytes, usbd_lpc17xx.o(i.USBD_Uninitialize))
<BR><BR>[Stack]<UL><LI>Max Depth = 52<LI>Call Chain = USBD_Uninitialize &rArr; USB_PinsUnconfigure &rArr; PIN_Configure
</UL>
<BR>[Calls]<UL><LI><a href="#[157]">&gt;&gt;</a>&nbsp;&nbsp;&nbsp;USB_PinsUnconfigure
</UL>
<BR>[Address Reference Count : 1]<UL><LI> usbd_lpc17xx.o(.constdata)
</UL>
<P><STRONG><a name="[11b]"></a>__NVIC_DisableIRQ</STRONG> (Thumb, 34 bytes, Stack size 0 bytes, usbd_lpc17xx.o(i.__NVIC_DisableIRQ))
<BR><BR>[Called By]<UL><LI><a href="#[67]">&gt;&gt;</a>&nbsp;&nbsp;&nbsp;USBD_ReadSetupPacket
<LI><a href="#[61]">&gt;&gt;</a>&nbsp;&nbsp;&nbsp;USBD_PowerControl
<LI><a href="#[6e]">&gt;&gt;</a>&nbsp;&nbsp;&nbsp;USBD_GetFrameNumber
<LI><a href="#[69]">&gt;&gt;</a>&nbsp;&nbsp;&nbsp;USBD_EndpointUnconfigure
<LI><a href="#[6d]">&gt;&gt;</a>&nbsp;&nbsp;&nbsp;USBD_EndpointTransferAbort
<LI><a href="#[6b]">&gt;&gt;</a>&nbsp;&nbsp;&nbsp;USBD_EndpointTransfer
<LI><a href="#[6a]">&gt;&gt;</a>&nbsp;&nbsp;&nbsp;USBD_EndpointStall
<LI><a href="#[68]">&gt;&gt;</a>&nbsp;&nbsp;&nbsp;USBD_EndpointConfigure
<LI><a href="#[66]">&gt;&gt;</a>&nbsp;&nbsp;&nbsp;USBD_DeviceSetAddress
<LI><a href="#[65]">&gt;&gt;</a>&nbsp;&nbsp;&nbsp;USBD_DeviceRemoteWakeup
<LI><a href="#[63]">&gt;&gt;</a>&nbsp;&nbsp;&nbsp;USBD_DeviceDisconnect
<LI><a href="#[62]">&gt;&gt;</a>&nbsp;&nbsp;&nbsp;USBD_DeviceConnect
</UL>

<P><STRONG><a name="[11d]"></a>__NVIC_EnableIRQ</STRONG> (Thumb, 26 bytes, Stack size 0 bytes, usbd_lpc17xx.o(i.__NVIC_EnableIRQ))
<BR><BR>[Called By]<UL><LI><a href="#[67]">&gt;&gt;</a>&nbsp;&nbsp;&nbsp;USBD_ReadSetupPacket
<LI><a href="#[61]">&gt;&gt;</a>&nbsp;&nbsp;&nbsp;USBD_PowerControl
<LI><a href="#[6e]">&gt;&gt;</a>&nbsp;&nbsp;&nbsp;USBD_GetFrameNumber
<LI><a href="#[69]">&gt;&gt;</a>&nbsp;&nbsp;&nbsp;USBD_EndpointUnconfigure
<LI><a href="#[6d]">&gt;&gt;</a>&nbsp;&nbsp;&nbsp;USBD_EndpointTransferAbort
<LI><a href="#[6b]">&gt;&gt;</a>&nbsp;&nbsp;&nbsp;USBD_EndpointTransfer
<LI><a href="#[6a]">&gt;&gt;</a>&nbsp;&nbsp;&nbsp;USBD_EndpointStall
<LI><a href="#[68]">&gt;&gt;</a>&nbsp;&nbsp;&nbsp;USBD_EndpointConfigure
<LI><a href="#[66]">&gt;&gt;</a>&nbsp;&nbsp;&nbsp;USBD_DeviceSetAddress
<LI><a href="#[65]">&gt;&gt;</a>&nbsp;&nbsp;&nbsp;USBD_DeviceRemoteWakeup
<LI><a href="#[63]">&gt;&gt;</a>&nbsp;&nbsp;&nbsp;USBD_DeviceDisconnect
<LI><a href="#[62]">&gt;&gt;</a>&nbsp;&nbsp;&nbsp;USBD_DeviceConnect
</UL>

<P><STRONG><a name="[11a]"></a>check_and_set_var</STRONG> (Thumb, 30 bytes, Stack size 0 bytes, usbd_lpc17xx.o(i.check_and_set_var))
<BR><BR>[Called By]<UL><LI><a href="#[67]">&gt;&gt;</a>&nbsp;&nbsp;&nbsp;USBD_ReadSetupPacket
<LI><a href="#[6e]">&gt;&gt;</a>&nbsp;&nbsp;&nbsp;USBD_GetFrameNumber
<LI><a href="#[69]">&gt;&gt;</a>&nbsp;&nbsp;&nbsp;USBD_EndpointUnconfigure
<LI><a href="#[6d]">&gt;&gt;</a>&nbsp;&nbsp;&nbsp;USBD_EndpointTransferAbort
<LI><a href="#[6b]">&gt;&gt;</a>&nbsp;&nbsp;&nbsp;USBD_EndpointTransfer
<LI><a href="#[6a]">&gt;&gt;</a>&nbsp;&nbsp;&nbsp;USBD_EndpointStall
<LI><a href="#[68]">&gt;&gt;</a>&nbsp;&nbsp;&nbsp;USBD_EndpointConfigure
<LI><a href="#[66]">&gt;&gt;</a>&nbsp;&nbsp;&nbsp;USBD_DeviceSetAddress
<LI><a href="#[65]">&gt;&gt;</a>&nbsp;&nbsp;&nbsp;USBD_DeviceRemoteWakeup
<LI><a href="#[63]">&gt;&gt;</a>&nbsp;&nbsp;&nbsp;USBD_DeviceDisconnect
<LI><a href="#[62]">&gt;&gt;</a>&nbsp;&nbsp;&nbsp;USBD_DeviceConnect
</UL>

<P><STRONG><a name="[c2]"></a>Clear_Channel_active_flag</STRONG> (Thumb, 24 bytes, Stack size 0 bytes, gpdma_lpc17xx.o(i.Clear_Channel_active_flag))
<BR><BR>[Called By]<UL><LI><a href="#[28]">&gt;&gt;</a>&nbsp;&nbsp;&nbsp;DMA_IRQHandler
<LI><a href="#[c5]">&gt;&gt;</a>&nbsp;&nbsp;&nbsp;GPDMA_ChannelDisable
<LI><a href="#[c3]">&gt;&gt;</a>&nbsp;&nbsp;&nbsp;GPDMA_ChannelConfigure
</UL>

<P><STRONG><a name="[c4]"></a>Set_Channel_active_flag</STRONG> (Thumb, 40 bytes, Stack size 0 bytes, gpdma_lpc17xx.o(i.Set_Channel_active_flag))
<BR><BR>[Called By]<UL><LI><a href="#[c3]">&gt;&gt;</a>&nbsp;&nbsp;&nbsp;GPDMA_ChannelConfigure
</UL>

<P><STRONG><a name="[c7]"></a>__NVIC_ClearPendingIRQ</STRONG> (Thumb, 26 bytes, Stack size 0 bytes, gpdma_lpc17xx.o(i.__NVIC_ClearPendingIRQ))
<BR><BR>[Called By]<UL><LI><a href="#[c8]">&gt;&gt;</a>&nbsp;&nbsp;&nbsp;GPDMA_Uninitialize
<LI><a href="#[c6]">&gt;&gt;</a>&nbsp;&nbsp;&nbsp;GPDMA_Initialize
</UL>

<P><STRONG><a name="[161]"></a>rt_id2obj</STRONG> (Thumb, 8 bytes, Stack size 0 bytes, rt_cmsis.o(i.rt_id2obj))
<BR><BR>[Called By]<UL><LI><a href="#[44]">&gt;&gt;</a>&nbsp;&nbsp;&nbsp;svcTimerCall
<LI><a href="#[3e]">&gt;&gt;</a>&nbsp;&nbsp;&nbsp;svcSemaphoreWait
<LI><a href="#[3d]">&gt;&gt;</a>&nbsp;&nbsp;&nbsp;svcSemaphoreRelease
<LI><a href="#[160]">&gt;&gt;</a>&nbsp;&nbsp;&nbsp;isrSemaphoreRelease
</UL>

<P><STRONG><a name="[192]"></a>rt_ms2tick</STRONG> (Thumb, 58 bytes, Stack size 0 bytes, rt_cmsis.o(i.rt_ms2tick))
<BR><BR>[Called By]<UL><LI><a href="#[40]">&gt;&gt;</a>&nbsp;&nbsp;&nbsp;svcSignalWait
<LI><a href="#[3e]">&gt;&gt;</a>&nbsp;&nbsp;&nbsp;svcSemaphoreWait
<LI><a href="#[3b]">&gt;&gt;</a>&nbsp;&nbsp;&nbsp;svcMessageGet
<LI><a href="#[38]">&gt;&gt;</a>&nbsp;&nbsp;&nbsp;svcDelay
</UL>

<P><STRONG><a name="[164]"></a>rt_tid2ptcb</STRONG> (Thumb, 18 bytes, Stack size 0 bytes, rt_cmsis.o(i.rt_tid2ptcb))
<BR><BR>[Called By]<UL><LI><a href="#[43]">&gt;&gt;</a>&nbsp;&nbsp;&nbsp;svcThreadTerminate
<LI><a href="#[3f]">&gt;&gt;</a>&nbsp;&nbsp;&nbsp;svcSignalSet
<LI><a href="#[163]">&gt;&gt;</a>&nbsp;&nbsp;&nbsp;isrSignalSet
</UL>

<P><STRONG><a name="[19a]"></a>rt_timer_insert</STRONG> (Thumb, 48 bytes, Stack size 12 bytes, rt_cmsis.o(i.rt_timer_insert))
<BR><BR>[Stack]<UL><LI>Max Depth = 12<LI>Call Chain = rt_timer_insert
</UL>
<BR>[Called By]<UL><LI><a href="#[18c]">&gt;&gt;</a>&nbsp;&nbsp;&nbsp;sysTimerTick
</UL>

<P><STRONG><a name="[17b]"></a>rt_init_context</STRONG> (Thumb, 66 bytes, Stack size 16 bytes, rt_task.o(i.rt_init_context))
<BR><BR>[Stack]<UL><LI>Max Depth = 32<LI>Call Chain = rt_init_context &rArr; rt_init_stack
</UL>
<BR>[Calls]<UL><LI><a href="#[17c]">&gt;&gt;</a>&nbsp;&nbsp;&nbsp;rt_init_stack
<LI><a href="#[31]">&gt;&gt;</a>&nbsp;&nbsp;&nbsp;rt_alloc_box
</UL>
<BR>[Called By]<UL><LI><a href="#[18d]">&gt;&gt;</a>&nbsp;&nbsp;&nbsp;rt_tsk_create
<LI><a href="#[186]">&gt;&gt;</a>&nbsp;&nbsp;&nbsp;rt_sys_init
</UL>

<P><STRONG><a name="[107]"></a>USBD_CheckDevice</STRONG> (Thumb, 32 bytes, Stack size 0 bytes, usbd_lib_core.o(i.USBD_CheckDevice))
<BR><BR>[Called By]<UL><LI><a href="#[149]">&gt;&gt;</a>&nbsp;&nbsp;&nbsp;USBD_Initialize
<LI><a href="#[106]">&gt;&gt;</a>&nbsp;&nbsp;&nbsp;USBD_Connect
</UL>

<P><STRONG><a name="[109]"></a>USBD_Core</STRONG> (Thumb, 188 bytes, Stack size 16 bytes, usbd_lib_core.o(i.USBD_Core))
<BR><BR>[Stack]<UL><LI>Max Depth = 240<LI>Call Chain = USBD_Core &rArr; USBD_Endpoint0 &rArr; USBD_Endpoint0_Setup_CDC_ReqToIF &rArr; USBD_DataInStage &rArr; USBD_DriverEndpointTransfer &rArr; USBD_DriverEndpointTransferAbort &rArr; USBD_SemaphoreRelease &rArr; osSemaphoreRelease &rArr; isrSemaphoreRelease &rArr; isr_sem_send &rArr; rt_psq_enq
</UL>
<BR>[Calls]<UL><LI><a href="#[10c]">&gt;&gt;</a>&nbsp;&nbsp;&nbsp;USBD_Reset
<LI><a href="#[10b]">&gt;&gt;</a>&nbsp;&nbsp;&nbsp;USBD_DriverEndpointConfigure
<LI><a href="#[10a]">&gt;&gt;</a>&nbsp;&nbsp;&nbsp;USBD_ResetCore
<LI><a href="#[10d]">&gt;&gt;</a>&nbsp;&nbsp;&nbsp;USBD_Endpoint0
</UL>
<BR>[Called By]<UL><LI><a href="#[df]">&gt;&gt;</a>&nbsp;&nbsp;&nbsp;USBD_Core_Thread
</UL>

<P><STRONG><a name="[10d]"></a>USBD_Endpoint0</STRONG> (Thumb, 874 bytes, Stack size 32 bytes, usbd_lib_core.o(i.USBD_Endpoint0))
<BR><BR>[Stack]<UL><LI>Max Depth = 224<LI>Call Chain = USBD_Endpoint0 &rArr; USBD_Endpoint0_Setup_CDC_ReqToIF &rArr; USBD_DataInStage &rArr; USBD_DriverEndpointTransfer &rArr; USBD_DriverEndpointTransferAbort &rArr; USBD_SemaphoreRelease &rArr; osSemaphoreRelease &rArr; isrSemaphoreRelease &rArr; isr_sem_send &rArr; rt_psq_enq
</UL>
<BR>[Calls]<UL><LI><a href="#[136]">&gt;&gt;</a>&nbsp;&nbsp;&nbsp;USBD_Endpoint0_Setup_MSC_ReqToIF
<LI><a href="#[135]">&gt;&gt;</a>&nbsp;&nbsp;&nbsp;USBD_Endpoint0_Setup_HID_ReqToIF
<LI><a href="#[137]">&gt;&gt;</a>&nbsp;&nbsp;&nbsp;USBD_Endpoint0_Setup_ADC_ReqToIF
<LI><a href="#[139]">&gt;&gt;</a>&nbsp;&nbsp;&nbsp;USBD_Endpoint0_Setup_ADC_ReqToEP
<LI><a href="#[12b]">&gt;&gt;</a>&nbsp;&nbsp;&nbsp;USBD_Endpoint0_Out_HID_ReqToIF
<LI><a href="#[12c]">&gt;&gt;</a>&nbsp;&nbsp;&nbsp;USBD_Endpoint0_Out_ADC_ReqToIF
<LI><a href="#[12e]">&gt;&gt;</a>&nbsp;&nbsp;&nbsp;USBD_Endpoint0_Out_ADC_ReqToEP
<LI><a href="#[138]">&gt;&gt;</a>&nbsp;&nbsp;&nbsp;USBD_Endpoint0_Setup_CDC_ReqToIF
<LI><a href="#[12d]">&gt;&gt;</a>&nbsp;&nbsp;&nbsp;USBD_Endpoint0_Out_CDC_ReqToIF
<LI><a href="#[127]">&gt;&gt;</a>&nbsp;&nbsp;&nbsp;USBD_DriverReadSetupPacket
<LI><a href="#[123]">&gt;&gt;</a>&nbsp;&nbsp;&nbsp;USBD_DriverEndpointStall
<LI><a href="#[121]">&gt;&gt;</a>&nbsp;&nbsp;&nbsp;USBD_DriverDeviceSetAddress
<LI><a href="#[114]">&gt;&gt;</a>&nbsp;&nbsp;&nbsp;USBD_Core_Endpoint0_SetupPacketReceived
<LI><a href="#[112]">&gt;&gt;</a>&nbsp;&nbsp;&nbsp;USBD_Core_Endpoint0_SetupPacketProcessed
<LI><a href="#[110]">&gt;&gt;</a>&nbsp;&nbsp;&nbsp;USBD_Core_Endpoint0_OutDataReceived
<LI><a href="#[10e]">&gt;&gt;</a>&nbsp;&nbsp;&nbsp;USBD_Core_Endpoint0_InDataSent
<LI><a href="#[12f]">&gt;&gt;</a>&nbsp;&nbsp;&nbsp;USBD_StatusOutStageDone
<LI><a href="#[128]">&gt;&gt;</a>&nbsp;&nbsp;&nbsp;USBD_StatusOutStage
<LI><a href="#[129]">&gt;&gt;</a>&nbsp;&nbsp;&nbsp;USBD_StatusInStageDone
<LI><a href="#[12a]">&gt;&gt;</a>&nbsp;&nbsp;&nbsp;USBD_StatusInStage
<LI><a href="#[117]">&gt;&gt;</a>&nbsp;&nbsp;&nbsp;USBD_DataOutStage
<LI><a href="#[116]">&gt;&gt;</a>&nbsp;&nbsp;&nbsp;USBD_DataInStage
<LI><a href="#[134]">&gt;&gt;</a>&nbsp;&nbsp;&nbsp;USBD_ReqSetInterface
<LI><a href="#[133]">&gt;&gt;</a>&nbsp;&nbsp;&nbsp;USBD_ReqSetConfiguration
<LI><a href="#[131]">&gt;&gt;</a>&nbsp;&nbsp;&nbsp;USBD_ReqSetClrFeature
<LI><a href="#[130]">&gt;&gt;</a>&nbsp;&nbsp;&nbsp;USBD_ReqGetStatus
<LI><a href="#[13a]">&gt;&gt;</a>&nbsp;&nbsp;&nbsp;USBD_ReqGetMSDescriptor
<LI><a href="#[132]">&gt;&gt;</a>&nbsp;&nbsp;&nbsp;USBD_ReqGetDescriptor
</UL>
<BR>[Called By]<UL><LI><a href="#[109]">&gt;&gt;</a>&nbsp;&nbsp;&nbsp;USBD_Core
</UL>

<P><STRONG><a name="[132]"></a>USBD_ReqGetDescriptor</STRONG> (Thumb, 388 bytes, Stack size 24 bytes, usbd_lib_core.o(i.USBD_ReqGetDescriptor))
<BR><BR>[Stack]<UL><LI>Max Depth = 24<LI>Call Chain = USBD_ReqGetDescriptor
</UL>
<BR>[Calls]<UL><LI><a href="#[14e]">&gt;&gt;</a>&nbsp;&nbsp;&nbsp;USBD_Endpoint0_ReqGetDescriptor_HID
</UL>
<BR>[Called By]<UL><LI><a href="#[10d]">&gt;&gt;</a>&nbsp;&nbsp;&nbsp;USBD_Endpoint0
</UL>

<P><STRONG><a name="[13a]"></a>USBD_ReqGetMSDescriptor</STRONG> (Thumb, 162 bytes, Stack size 16 bytes, usbd_lib_core.o(i.USBD_ReqGetMSDescriptor))
<BR><BR>[Stack]<UL><LI>Max Depth = 16<LI>Call Chain = USBD_ReqGetMSDescriptor
</UL>
<BR>[Calls]<UL><LI><a href="#[14f]">&gt;&gt;</a>&nbsp;&nbsp;&nbsp;USBD_Endpoint0_ReqGetExtProp_CC
</UL>
<BR>[Called By]<UL><LI><a href="#[10d]">&gt;&gt;</a>&nbsp;&nbsp;&nbsp;USBD_Endpoint0
</UL>

<P><STRONG><a name="[130]"></a>USBD_ReqGetStatus</STRONG> (Thumb, 170 bytes, Stack size 20 bytes, usbd_lib_core.o(i.USBD_ReqGetStatus))
<BR><BR>[Stack]<UL><LI>Max Depth = 20<LI>Call Chain = USBD_ReqGetStatus
</UL>
<BR>[Called By]<UL><LI><a href="#[10d]">&gt;&gt;</a>&nbsp;&nbsp;&nbsp;USBD_Endpoint0
</UL>

<P><STRONG><a name="[131]"></a>USBD_ReqSetClrFeature</STRONG> (Thumb, 256 bytes, Stack size 24 bytes, usbd_lib_core.o(i.USBD_ReqSetClrFeature))
<BR><BR>[Stack]<UL><LI>Max Depth = 144<LI>Call Chain = USBD_ReqSetClrFeature &rArr; USBD_DriverEndpointStall &rArr; USBD_DriverEndpointTransferAbort &rArr; USBD_SemaphoreRelease &rArr; osSemaphoreRelease &rArr; isrSemaphoreRelease &rArr; isr_sem_send &rArr; rt_psq_enq
</UL>
<BR>[Calls]<UL><LI><a href="#[142]">&gt;&gt;</a>&nbsp;&nbsp;&nbsp;USBD_EndpointStop
<LI><a href="#[141]">&gt;&gt;</a>&nbsp;&nbsp;&nbsp;USBD_EndpointStart
<LI><a href="#[150]">&gt;&gt;</a>&nbsp;&nbsp;&nbsp;USBD_Endpoint0_ClearFeatureStall_MSC
<LI><a href="#[122]">&gt;&gt;</a>&nbsp;&nbsp;&nbsp;USBD_DriverEndpointTransferAbort
<LI><a href="#[123]">&gt;&gt;</a>&nbsp;&nbsp;&nbsp;USBD_DriverEndpointStall
</UL>
<BR>[Called By]<UL><LI><a href="#[10d]">&gt;&gt;</a>&nbsp;&nbsp;&nbsp;USBD_Endpoint0
</UL>

<P><STRONG><a name="[133]"></a>USBD_ReqSetConfiguration</STRONG> (Thumb, 600 bytes, Stack size 48 bytes, usbd_lib_core.o(i.USBD_ReqSetConfiguration))
<BR><BR>[Stack]<UL><LI>Max Depth = 184<LI>Call Chain = USBD_ReqSetConfiguration &rArr; USBD_DriverEndpointConfigure &rArr; USBD_DriverEndpointTransferAbort &rArr; USBD_SemaphoreRelease &rArr; osSemaphoreRelease &rArr; isrSemaphoreRelease &rArr; isr_sem_send &rArr; rt_psq_enq
</UL>
<BR>[Calls]<UL><LI><a href="#[151]">&gt;&gt;</a>&nbsp;&nbsp;&nbsp;USBD_SetConfiguration
<LI><a href="#[142]">&gt;&gt;</a>&nbsp;&nbsp;&nbsp;USBD_EndpointStop
<LI><a href="#[141]">&gt;&gt;</a>&nbsp;&nbsp;&nbsp;USBD_EndpointStart
<LI><a href="#[124]">&gt;&gt;</a>&nbsp;&nbsp;&nbsp;USBD_DriverEndpointUnconfigure
<LI><a href="#[122]">&gt;&gt;</a>&nbsp;&nbsp;&nbsp;USBD_DriverEndpointTransferAbort
<LI><a href="#[10b]">&gt;&gt;</a>&nbsp;&nbsp;&nbsp;USBD_DriverEndpointConfigure
</UL>
<BR>[Called By]<UL><LI><a href="#[10d]">&gt;&gt;</a>&nbsp;&nbsp;&nbsp;USBD_Endpoint0
</UL>

<P><STRONG><a name="[134]"></a>USBD_ReqSetInterface</STRONG> (Thumb, 394 bytes, Stack size 48 bytes, usbd_lib_core.o(i.USBD_ReqSetInterface))
<BR><BR>[Stack]<UL><LI>Max Depth = 184<LI>Call Chain = USBD_ReqSetInterface &rArr; USBD_DriverEndpointConfigure &rArr; USBD_DriverEndpointTransferAbort &rArr; USBD_SemaphoreRelease &rArr; osSemaphoreRelease &rArr; isrSemaphoreRelease &rArr; isr_sem_send &rArr; rt_psq_enq
</UL>
<BR>[Calls]<UL><LI><a href="#[142]">&gt;&gt;</a>&nbsp;&nbsp;&nbsp;USBD_EndpointStop
<LI><a href="#[141]">&gt;&gt;</a>&nbsp;&nbsp;&nbsp;USBD_EndpointStart
<LI><a href="#[124]">&gt;&gt;</a>&nbsp;&nbsp;&nbsp;USBD_DriverEndpointUnconfigure
<LI><a href="#[122]">&gt;&gt;</a>&nbsp;&nbsp;&nbsp;USBD_DriverEndpointTransferAbort
<LI><a href="#[10b]">&gt;&gt;</a>&nbsp;&nbsp;&nbsp;USBD_DriverEndpointConfigure
</UL>
<BR>[Called By]<UL><LI><a href="#[10d]">&gt;&gt;</a>&nbsp;&nbsp;&nbsp;USBD_Endpoint0
</UL>

<P><STRONG><a name="[10a]"></a>USBD_ResetCore</STRONG> (Thumb, 34 bytes, Stack size 16 bytes, usbd_lib_core.o(i.USBD_ResetCore))
<BR><BR>[Stack]<UL><LI>Max Depth = 20<LI>Call Chain = USBD_ResetCore &rArr; __aeabi_memclr4
</UL>
<BR>[Calls]<UL><LI><a href="#[104]">&gt;&gt;</a>&nbsp;&nbsp;&nbsp;__aeabi_memclr4
</UL>
<BR>[Called By]<UL><LI><a href="#[109]">&gt;&gt;</a>&nbsp;&nbsp;&nbsp;USBD_Core
</UL>

<P><STRONG><a name="[e5]"></a>USBD_CDC_CheckInstance</STRONG> (Thumb, 54 bytes, Stack size 0 bytes, usbd_lib_cdc.o(i.USBD_CDC_CheckInstance))
<BR><BR>[Called By]<UL><LI><a href="#[cd]">&gt;&gt;</a>&nbsp;&nbsp;&nbsp;USBD_CDC_ACM_ReadData
<LI><a href="#[c0]">&gt;&gt;</a>&nbsp;&nbsp;&nbsp;USBD_CDC_ACM_WriteData
<LI><a href="#[102]">&gt;&gt;</a>&nbsp;&nbsp;&nbsp;USBD_CDC_NCM_CoreSetNtbInputSize
<LI><a href="#[101]">&gt;&gt;</a>&nbsp;&nbsp;&nbsp;USBD_CDC_NCM_CoreSetNtbFormat
<LI><a href="#[100]">&gt;&gt;</a>&nbsp;&nbsp;&nbsp;USBD_CDC_NCM_CoreSetNetAddress
<LI><a href="#[ff]">&gt;&gt;</a>&nbsp;&nbsp;&nbsp;USBD_CDC_NCM_CoreSetMaxDatagramSize
<LI><a href="#[fe]">&gt;&gt;</a>&nbsp;&nbsp;&nbsp;USBD_CDC_NCM_CoreSetEthernetPowerManagementPatternFilter
<LI><a href="#[fd]">&gt;&gt;</a>&nbsp;&nbsp;&nbsp;USBD_CDC_NCM_CoreSetEthernetPacketFilter
<LI><a href="#[fc]">&gt;&gt;</a>&nbsp;&nbsp;&nbsp;USBD_CDC_NCM_CoreSetEthernetMulticastFilters
<LI><a href="#[fb]">&gt;&gt;</a>&nbsp;&nbsp;&nbsp;USBD_CDC_NCM_CoreSetCrcMode
<LI><a href="#[fa]">&gt;&gt;</a>&nbsp;&nbsp;&nbsp;USBD_CDC_NCM_CoreGetNtbParameters
<LI><a href="#[f9]">&gt;&gt;</a>&nbsp;&nbsp;&nbsp;USBD_CDC_NCM_CoreGetNtbInputSize
<LI><a href="#[f8]">&gt;&gt;</a>&nbsp;&nbsp;&nbsp;USBD_CDC_NCM_CoreGetNtbFormat
<LI><a href="#[f7]">&gt;&gt;</a>&nbsp;&nbsp;&nbsp;USBD_CDC_NCM_CoreGetNetAddress
<LI><a href="#[f6]">&gt;&gt;</a>&nbsp;&nbsp;&nbsp;USBD_CDC_NCM_CoreGetMaxDatagramSize
<LI><a href="#[f5]">&gt;&gt;</a>&nbsp;&nbsp;&nbsp;USBD_CDC_NCM_CoreGetEthernetStatistic
<LI><a href="#[f4]">&gt;&gt;</a>&nbsp;&nbsp;&nbsp;USBD_CDC_NCM_CoreGetEthernetPowerManagementPatternFilter
<LI><a href="#[f3]">&gt;&gt;</a>&nbsp;&nbsp;&nbsp;USBD_CDC_NCM_CoreGetCrcMode
<LI><a href="#[e3]">&gt;&gt;</a>&nbsp;&nbsp;&nbsp;USBD_CDC_Int_Thread
<LI><a href="#[e2]">&gt;&gt;</a>&nbsp;&nbsp;&nbsp;USBD_CDC_Bulk_Thread
<LI><a href="#[e7]">&gt;&gt;</a>&nbsp;&nbsp;&nbsp;USBD_CDC_ACM_CoreSetLineCoding
<LI><a href="#[e6]">&gt;&gt;</a>&nbsp;&nbsp;&nbsp;USBD_CDC_ACM_CoreSetControlLineState
<LI><a href="#[e4]">&gt;&gt;</a>&nbsp;&nbsp;&nbsp;USBD_CDC_ACM_CoreGetLineCoding
<LI><a href="#[103]">&gt;&gt;</a>&nbsp;&nbsp;&nbsp;USBD_CDC_Reset
<LI><a href="#[f1]">&gt;&gt;</a>&nbsp;&nbsp;&nbsp;USBD_CDC_Initialize
<LI><a href="#[ee]">&gt;&gt;</a>&nbsp;&nbsp;&nbsp;USBD_CDC_EndpointStop
<LI><a href="#[ed]">&gt;&gt;</a>&nbsp;&nbsp;&nbsp;USBD_CDC_EndpointStart
<LI><a href="#[eb]">&gt;&gt;</a>&nbsp;&nbsp;&nbsp;USBD_CDC_EpBulkOut
<LI><a href="#[ec]">&gt;&gt;</a>&nbsp;&nbsp;&nbsp;USBD_CDC_EpBulkIn
</UL>

<P><STRONG><a name="[ec]"></a>USBD_CDC_EpBulkIn</STRONG> (Thumb, 434 bytes, Stack size 40 bytes, usbd_lib_cdc.o(i.USBD_CDC_EpBulkIn))
<BR><BR>[Stack]<UL><LI>Max Depth = 176<LI>Call Chain = USBD_CDC_EpBulkIn &rArr; USBD_DriverEndpointTransfer &rArr; USBD_DriverEndpointTransferAbort &rArr; USBD_SemaphoreRelease &rArr; osSemaphoreRelease &rArr; isrSemaphoreRelease &rArr; isr_sem_send &rArr; rt_psq_enq
</UL>
<BR>[Calls]<UL><LI><a href="#[e8]">&gt;&gt;</a>&nbsp;&nbsp;&nbsp;__aeabi_memcpy
<LI><a href="#[e5]">&gt;&gt;</a>&nbsp;&nbsp;&nbsp;USBD_CDC_CheckInstance
<LI><a href="#[ef]">&gt;&gt;</a>&nbsp;&nbsp;&nbsp;USBD_DriverEndpointTransferGetResult
<LI><a href="#[f0]">&gt;&gt;</a>&nbsp;&nbsp;&nbsp;USBD_DriverEndpointTransfer
</UL>
<BR>[Called By]<UL><LI><a href="#[e2]">&gt;&gt;</a>&nbsp;&nbsp;&nbsp;USBD_CDC_Bulk_Thread
</UL>

<P><STRONG><a name="[eb]"></a>USBD_CDC_EpBulkOut</STRONG> (Thumb, 376 bytes, Stack size 48 bytes, usbd_lib_cdc.o(i.USBD_CDC_EpBulkOut))
<BR><BR>[Stack]<UL><LI>Max Depth = 184<LI>Call Chain = USBD_CDC_EpBulkOut &rArr; USBD_DriverEndpointTransfer &rArr; USBD_DriverEndpointTransferAbort &rArr; USBD_SemaphoreRelease &rArr; osSemaphoreRelease &rArr; isrSemaphoreRelease &rArr; isr_sem_send &rArr; rt_psq_enq
</UL>
<BR>[Calls]<UL><LI><a href="#[e8]">&gt;&gt;</a>&nbsp;&nbsp;&nbsp;__aeabi_memcpy
<LI><a href="#[e5]">&gt;&gt;</a>&nbsp;&nbsp;&nbsp;USBD_CDC_CheckInstance
<LI><a href="#[ef]">&gt;&gt;</a>&nbsp;&nbsp;&nbsp;USBD_DriverEndpointTransferGetResult
<LI><a href="#[f0]">&gt;&gt;</a>&nbsp;&nbsp;&nbsp;USBD_DriverEndpointTransfer
</UL>
<BR>[Called By]<UL><LI><a href="#[e2]">&gt;&gt;</a>&nbsp;&nbsp;&nbsp;USBD_CDC_Bulk_Thread
</UL>
<P>
<H3>
Undefined Global Symbols
</H3><HR></body></html>
