<html>
<body>
<pre>
<h1>µVision Build Log</h1>
<h2>Tool Versions:</h2>
IDE-Version: µVision V5.25.2.0
Copyright (C) 2018 ARM Ltd and ARM Germany GmbH. All rights reserved.
License Information: s s, s, LIC=2TTEV-P7WAQ-D13PR-KQ4AJ-ULX27-0SCRL
 
Tool Versions:
Toolchain:       MDK-ARM Professional  Version: 5.25.2.0
Toolchain Path:  C:\Keil_v5\ARM\ARMCC\Bin
C Compiler:      Armcc.exe V5.06 update 6 (build 750)
Assembler:       Armasm.exe V5.06 update 6 (build 750)
Linker/Locator:  ArmLink.exe V5.06 update 6 (build 750)
Library Manager: ArmAr.exe V5.06 update 6 (build 750)
Hex Converter:   FromElf.exe V5.06 update 6 (build 750)
CPU DLL:         SARMCM3.DLL V5.25.2.0
Dialog DLL:      DARMP1.DLL V1.27.0.0
Target DLL:      UL2CM3.DLL V1.160.12.0
Dialog DLL:      TARMP1.DLL V1.26.0.0
 
<h2>Project:</h2>
C:\Users\ALi\Documents\Boards\Keil\MCB1700\Middleware\USB\Device\VirtualCOM\VirtualCOM.uvprojx
Project File Date:  11/04/2018

<h2>Output:</h2>
*** Using Compiler 'V5.06 update 6 (build 750)', folder: 'C:\Keil_v5\ARM\ARMCC\Bin'
Rebuild target 'LPC1768 Flash'
compiling GLCD_Fonts.c...
compiling LED_MCB1700.c...
compiling RTX_Conf_CM.c...
compiling OTG_LPC17xx.c...
compiling USBD_User_CDC_ACM_UART_0.c...
compiling VirtualCOM.c...
compiling GLCD_MCB1700.c...
assembling startup_LPC17xx.s...
compiling GPIO_LPC17xx.c...
compiling GPDMA_LPC17xx.c...
compiling PIN_LPC17xx.c...
compiling SSP_LPC17xx.c...
compiling USBD_LPC17xx.c...
compiling UART_LPC17xx.c...
compiling system_LPC17xx.c...
compiling USBD_Config_0.c...
linking...
Program Size: Code=28160 RO-data=1644 RW-data=336 ZI-data=13568  
".\Output\VirtualCOM.axf" - 0 Error(s), 0 Warning(s).

<h2>Software Packages used:</h2>

Package Vendor: ARM
                http://www.keil.com/pack/ARM.CMSIS.5.4.0.pack
                ARM.CMSIS.5.4.0
                CMSIS (Cortex Microcontroller Software Interface Standard)
   * Component: SPI Version: 2.2.0
   * Component: USART Version: 2.3.0
   * Component: USB Device Version: 2.2.0
   * Component: RTOS Version: 1.0.0
   * Component: CORE Version: 5.1.2
   * Component: Keil RTX Version: 4.81.1

Package Vendor: Keil
                http://www.keil.com/pack/Keil.LPC1700_DFP.2.5.0.pack
                Keil.LPC1700_DFP.2.5.0
                NXP LPC1700 Series Device Support, Drivers and Examples for MCB1700 and LPC1788-32
   * Component: Graphic LCD Version: 1.0.0
   * Component: LED Version: 1.0.0
   * Component: SSP Version: 2.7.0
   * Component: USART Version: 2.6.0
   * Component: USB Device Version: 2.12.0
   * Component: GPDMA Version: 1.2.0
   * Component: GPIO Version: 1.1.0
   * Component: PIN Version: 1.0.0
   * Component: Startup Version: 1.0.0

Package Vendor: Keil
                http://www.keil.com/pack/Keil.MDK-Middleware.7.6.0.pack
                Keil.MDK-Middleware.7.6.0
                Middleware for Keil MDK-Professional and MDK-Plus
   * Component: Graphic LCD Version: 1.0.0
   * Component: LED Version: 1.0.0
   * Component: CORE Variant: Release Version: 6.12.4
   * Component: Device Version: 6.12.4
   * Component: CDC Version: 6.12.4

<h2>Collection of Component include folders:</h2>
  .\RTE\Device\LPC1768
  .\RTE\_LPC1768_Flash
  C:\Keil_v5\ARM\PACK\ARM\CMSIS\5.4.0\CMSIS\Core\Include
  C:\Keil_v5\ARM\PACK\ARM\CMSIS\5.4.0\CMSIS\Driver\Include
  C:\Keil_v5\ARM\PACK\ARM\CMSIS\5.4.0\CMSIS\RTOS\RTX\INC
  C:\Keil_v5\ARM\PACK\Keil\LPC1700_DFP\2.5.0\Boards\Keil\MCB1700\Common
  C:\Keil_v5\ARM\PACK\Keil\LPC1700_DFP\2.5.0\Device\Include
  C:\Keil_v5\ARM\PACK\Keil\LPC1700_DFP\2.5.0\RTE_Driver
  C:\Keil_v5\ARM\PACK\Keil\MDK-Middleware\7.6.0\Board
  C:\Keil_v5\ARM\PACK\Keil\MDK-Middleware\7.6.0\USB\Include

<h2>Collection of Component Files used:</h2>

   * Component: ::Board Support:Graphic LCD:1.0.0 (API)
      Include file:  Board\Board_GLCD.h

   * Component: ::Board Support:LED:1.0.0 (API)
      Include file:  Board\Board_LED.h

   * Component: ::CMSIS Driver:SPI:2.2.0 (API)
      Include file:  CMSIS\Driver\Include\Driver_SPI.h

   * Component: ::CMSIS Driver:USART:2.3.0 (API)
      Include file:  CMSIS\Driver\Include\Driver_USART.h

   * Component: ::CMSIS Driver:USB Device:2.2.0 (API)
      Include file:  CMSIS\Driver\Include\Driver_USBD.h

   * Component: ::CMSIS:RTOS:1.0.0 (API)

   * Component: ARM::CMSIS:CORE:5.1.2

   * Component: ARM::CMSIS:RTOS:Keil RTX:4.81.1
      Include file:  CMSIS\RTOS\RTX\INC\cmsis_os.h
      Source file:   CMSIS\RTOS\RTX\UserCodeTemplates\main.c
      Source file:   CMSIS\RTOS\RTX\UserCodeTemplates\MsgQueue.c
      Source file:   CMSIS\RTOS\RTX\UserCodeTemplates\Mutex.c
      Source file:   CMSIS\RTOS\RTX\UserCodeTemplates\Semaphore.c
      Include file:  CMSIS\RTOS\RTX\UserCodeTemplates\osObjects.h
      Source file:   CMSIS\RTOS\RTX\Templates\RTX_Conf_CM.c
      Source file:   CMSIS\RTOS\RTX\UserCodeTemplates\MemPool.c
      Source file:   CMSIS\RTOS\RTX\UserCodeTemplates\Timer.c
      Source file:   CMSIS\RTOS\RTX\UserCodeTemplates\Thread.c
      Library file:  CMSIS\RTOS\RTX\LIB\ARM\RTX_CM3.lib
      Source file:   CMSIS\RTOS\RTX\SRC\ARM\SVC_Table.s
      Source file:   CMSIS\RTOS\RTX\UserCodeTemplates\MailQueue.c

   * Component: Keil.MCB1700::Board Support:Graphic LCD:1.0.0
      Source file:   Boards\Keil\MCB1700\Common\GLCD_Fonts.c
      Source file:   Boards\Keil\MCB1700\Common\GLCD_MCB1700.c
      Include file:  Boards\Keil\MCB1700\Common\GLCD_Config.h

   * Component: Keil.MCB1700::Board Support:LED:1.0.0
      Source file:   Boards\Keil\MCB1700\Common\LED_MCB1700.c

   * Component: Keil.MDK-Pro::USB:CORE:Release:6.12.4
      Include file:  USB\Include\rl_usb.h
      Library file:  USB\Lib\ARM\USB_CM3_L.lib

   * Component: Keil.MDK-Pro::USB:Device:6.12.4
      Source file:   USB\Config\USBD_Config.c
      Source file:   USB\Template\USBD_User_Device.c
      Source file:   USB\Template\USBD_User_Device_SerNum.c

   * Component: Keil.MDK-Pro::USB:Device:CDC:6.12.4
      Source file:   USB\Config\USBD_Config_CDC.h
      Source file:   USB\Template\USBD_User_CDC_NCM_ETH.c
      Source file:   USB\Template\USBD_User_CDC_ACM.c
      Source file:   USB\Template\USBD_User_CDC_ACM_UART.c
      Source file:   USB\Template\USBD_User_CDC_NCM.c

   * Component: Keil::CMSIS Driver:SPI:SSP:2.7.0
      Source file:   RTE_Driver\SSP_LPC17xx.c

   * Component: Keil::CMSIS Driver:USART:2.6.0
      Source file:   RTE_Driver\UART_LPC17xx.c

   * Component: Keil::CMSIS Driver:USB Device:2.12.0
      Source file:   RTE_Driver\OTG_LPC17xx.c
      Source file:   RTE_Driver\USBD_LPC17xx.c

   * Component: Keil::Device:GPDMA:1.2.0
      Source file:   RTE_Driver\GPDMA_LPC17xx.c
      Include file:  RTE_Driver\GPDMA_LPC17xx.h

   * Component: Keil::Device:GPIO:1.1.0
      Include file:  RTE_Driver\GPIO_LPC17xx.h
      Source file:   RTE_Driver\GPIO_LPC17xx.c

   * Component: Keil::Device:PIN:1.0.0
      Include file:  RTE_Driver\PIN_LPC17xx.h
      Source file:   RTE_Driver\PIN_LPC17xx.c

   * Component: Keil::Device:Startup:1.0.0
      Source file:   Device\Source\system_LPC17xx.c
      Include file:  RTE_Driver\Config\RTE_Device.h
      Include file:  Device\Include\LPC17xx.h
      Source file:   Device\Source\ARM\startup_LPC17xx.s
Build Time Elapsed:  00:00:01
</pre>
</body>
</html>
